01-01 00:11:21.862   718  1734 D NetdConnector: RCV <- {600 Iface linkstate wlan0 down}
01-01 00:11:21.864   718   936 D NetworkManagement: onEvent:600 Iface linkstate wlan0 down:5
01-01 00:11:21.884   718  1741 D AlarmManager: manual remove option = null
01-01 00:11:21.884   718  1741 D AlarmManager: remove(operation) changed bounds; rebatching operation = null
01-01 00:11:21.884   718  1741 D AlarmManager:  whichBatch = -1
01-01 00:11:21.885   718  1741 D AlarmManager:  whichBatch = -1
01-01 00:11:21.885   718  1741 D AlarmManager:  whichBatch = -1
01-01 00:11:21.885   718  1741 D AlarmManager:  whichBatch = -1
01-01 00:11:21.887   718  1741 D AlarmManager:  whichBatch = -1
01-01 00:11:21.888   718  1741 D AlarmManager:  whichBatch = -1
01-01 00:11:21.888   718  1741 D AlarmManager:  whichBatch = -1
01-01 00:11:21.889   718  1741 D AlarmManager:  whichBatch = -1
01-01 00:11:21.889   718  1741 D AlarmManager:  whichBatch = -1
01-01 00:11:21.889   718  1741 D AlarmManager:  whichBatch = -1
01-01 00:11:21.889   718  1741 D AlarmManager:  whichBatch = -1
01-01 00:11:21.890   718  1741 D AlarmManager:  whichBatch = -1
01-01 00:11:21.908   718  1741 D AlarmManager:  whichBatch = -1
01-01 00:11:21.908   718  1741 D AlarmManager:  whichBatch = -1
01-01 00:11:21.908   718  1741 D AlarmManager:  whichBatch = -1
01-01 00:11:21.908   718  1741 D AlarmManager:  whichBatch = -1
01-01 00:11:21.908   718  1741 D AlarmManager:  whichBatch = -1
01-01 00:11:21.908   718  1741 D AlarmManager:  whichBatch = -1
01-01 00:11:21.909   718  1741 D AlarmManager: set alarm to RTC 966351
01-01 00:11:21.977   718  1739 V ActivityManager: Broadcast sticky: Intent { act=android.net.wifi.STATE_CHANGE flg=0x4000010 (has extras) } ordered=false userid=-1 callerApp=ProcessRecord{f1c58f3 718:system/1000}
01-01 00:11:21.978   718  1739 D AMEventHook: onEvent: AM_BeforeSendBroadcast
01-01 00:11:21.979   718   929 V BroadcastQueue: BDC-Processing parallel broadcast [background] BroadcastRecord{185c1d6 u-1 android.net.wifi.STATE_CHANGE}, 7 receivers
01-01 00:11:21.980   718   929 D BroadcastQueue: BDC-Delivering broadcast: Intent { act=android.net.wifi.STATE_CHANGE flg=0x4000010 (has extras) }, queue=background, ordered=false, filter=BroadcastFilter{db81eec u0 ReceiverList{b0a7d9f 718 system/1000/u0 local:2d32b3e}}, broadcastRecord=BroadcastRecord{185c1d6 u-1 android.net.wifi.STATE_CHANGE}, receiver=null, #0
01-01 00:11:21.980   718   929 D BroadcastQueue: BDC-Delivering broadcast: Intent { act=android.net.wifi.STATE_CHANGE flg=0x4000010 (has extras) }, queue=background, ordered=false, filter=BroadcastFilter{801a14 u0 ReceiverList{7664c67 718 system/1000/u0 local:8655826}}, broadcastRecord=BroadcastRecord{185c1d6 u-1 android.net.wifi.STATE_CHANGE}, receiver=null, #1
01-01 00:11:21.981   718   929 D BroadcastQueue: BDC-Delivering broadcast: Intent { act=android.net.wifi.STATE_CHANGE flg=0x4000010 (has extras) }, queue=background, ordered=false, filter=BroadcastFilter{a28ca62 u0 ReceiverList{d29752d 718 system/1000/u0 local:fe83044}}, broadcastRecord=BroadcastRecord{185c1d6 u-1 android.net.wifi.STATE_CHANGE}, receiver=null, #2
01-01 00:11:21.982   718   929 D BroadcastQueue: BDC-Delivering broadcast: Intent { act=android.net.wifi.STATE_CHANGE flg=0x4000010 (has extras) }, queue=background, ordered=false, filter=BroadcastFilter{eac9e94 u0 ReceiverList{d1812e7 718 system/1000/u0 local:b4028a6}}, broadcastRecord=BroadcastRecord{185c1d6 u-1 android.net.wifi.STATE_CHANGE}, receiver=null, #3
01-01 00:11:21.982   718   929 D BroadcastQueue: BDC-Delivering broadcast: Intent { act=android.net.wifi.STATE_CHANGE flg=0x4000010 (has extras) }, queue=background, ordered=false, filter=BroadcastFilter{66c2314 u0 ReceiverList{ac8d967 718 system/1000/u0 local:ab5f926}}, broadcastRecord=BroadcastRecord{185c1d6 u-1 android.net.wifi.STATE_CHANGE}, receiver=null, #4
01-01 00:11:21.983   718   929 D BroadcastQueue: BDC-Delivering broadcast: Intent { act=android.net.wifi.STATE_CHANGE flg=0x4000010 (has extras) }, queue=background, ordered=false, filter=BroadcastFilter{198ad25 u0 ReceiverList{a61ed1c 1806 com.android.systemui/10018/u0 remote:afee68f}}, broadcastRecord=BroadcastRecord{185c1d6 u-1 android.net.wifi.STATE_CHANGE}, receiver=null, #5
01-01 00:11:21.983   718  1736 D ActivityThread: BDC-Calling onReceive: intent=Intent { act=android.net.wifi.STATE_CHANGE flg=0x4000010 (has extras) }, ordered=false, receiver=com.android.server.net.NetworkPolicyManagerService$12@26ed481, IIntentReceiver=ab5f926
01-01 00:11:21.984   718   929 D BroadcastQueue: BDC-Delivering broadcast: Intent { act=android.net.wifi.STATE_CHANGE flg=0x4000010 (has extras) }, queue=background, ordered=false, filter=BroadcastFilter{5d32ab1 u0 ReceiverList{8e0f958 2007 com.android.phone/1001/u0 remote:2b5ce3b}}, broadcastRecord=BroadcastRecord{185c1d6 u-1 android.net.wifi.STATE_CHANGE}, receiver=null, #6
01-01 00:11:21.984   718   929 D BroadcastQueue: Non-ordered [background] BroadcastRecord{185c1d6 u-1 android.net.wifi.STATE_CHANGE}, 7 receivers, Total: 6, Waiting: 1, Processing: 5
01-01 00:11:21.985   718   718 D ActivityThread: BDC-Calling onReceive: intent=Intent { act=android.net.wifi.STATE_CHANGE flg=0x4000010 (has extras) }, ordered=false, receiver=com.android.server.wifi.WifiTrafficPoller$1@6479ff9, IIntentReceiver=2d32b3e
01-01 00:11:21.986  2007  2007 D ActivityThread: BDC-Calling onReceive: intent=Intent { act=android.net.wifi.STATE_CHANGE flg=0x4000010 (has extras) }, ordered=false, receiver=com.android.internal.telephony.dataconnection.DcTracker$1@8dad278, IIntentReceiver=dbf1699
01-01 00:11:21.986   718   718 D ActivityThread: BDC-Calling onReceive: intent=Intent { act=android.net.wifi.STATE_CHANGE flg=0x4000010 (has extras) }, ordered=false, receiver=com.android.server.wifi.WifiNotificationController$1@bd44f81, IIntentReceiver=8655826
01-01 00:11:21.987   718   718 D ActivityThread: BDC-Calling onReceive: intent=Intent { act=android.net.wifi.STATE_CHANGE flg=0x4000010 (has extras) }, ordered=false, receiver=com.android.server.wifi.WifiController$1@851d57, IIntentReceiver=fe83044
01-01 00:11:21.987   718  1739 V ActivityManager: Broadcast sticky: Intent { act=android.net.wifi.supplicant.STATE_CHANGE flg=0x24000010 (has extras) } ordered=false userid=-1 callerApp=ProcessRecord{f1c58f3 718:system/1000}
01-01 00:11:21.987   718   718 D ActivityThread: BDC-Calling onReceive: intent=Intent { act=android.net.wifi.STATE_CHANGE flg=0x4000010 (has extras) }, ordered=false, receiver=com.android.server.wifi.WifiServiceImpl$1@60e1201, IIntentReceiver=b4028a6
01-01 00:11:21.987   718   718 D WifiService: onReceive, action:android.net.wifi.STATE_CHANGE
01-01 00:11:21.988   718  1739 D AMEventHook: onEvent: AM_BeforeSendBroadcast
01-01 00:11:21.988   718  1147 D PowerManagerNotifier: onUserActivity: event=1, uid=1000
01-01 00:11:21.991  1806  2121 D ActivityThread: BDC-Calling onReceive: intent=Intent { act=android.net.wifi.STATE_CHANGE flg=0x4000010 (has extras) }, ordered=false, receiver=com.android.systemui.statusbar.policy.NetworkControllerImpl@4202dd1, IIntentReceiver=1a949c2
01-01 00:11:22.495   718  1147 D PowerManagerNotifier: onUserActivity: event=1, uid=1000
01-01 00:11:23.004   718  1147 D PowerManagerNotifier: onUserActivity: event=1, uid=1000
01-01 00:11:23.510   718  1147 D PowerManagerNotifier: onUserActivity: event=1, uid=1000
01-01 00:11:24.019   718  1147 D PowerManagerNotifier: onUserActivity: event=1, uid=1000
01-01 00:11:24.525   718  1147 D PowerManagerNotifier: onUserActivity: event=1, uid=1000
01-01 00:11:25.032   718  1147 D PowerManagerNotifier: onUserActivity: event=1, uid=1000
01-01 00:11:25.539   718  1147 D PowerManagerNotifier: onUserActivity: event=1, uid=1000
01-01 00:11:26.048   718  1147 D PowerManagerNotifier: onUserActivity: event=1, uid=1000
01-01 00:11:26.094   718  2360 V ActivityManager: Broadcast sticky: Intent { act=android.intent.action.SIG_STR flg=0x20000010 (has extras) } ordered=false userid=-1 callerApp=ProcessRecord{f1c58f3 718:system/1000}
01-01 00:11:26.094   718  2360 D AMEventHook: onEvent: AM_BeforeSendBroadcast
01-01 00:11:26.554   718  1147 D PowerManagerNotifier: onUserActivity: event=1, uid=1000
01-01 00:11:27.062   718  1147 D PowerManagerNotifier: onUserActivity: event=1, uid=1000
01-01 00:11:27.569   718  1147 D PowerManagerNotifier: onUserActivity: event=1, uid=1000
01-01 00:11:28.077   718  1147 D PowerManagerNotifier: onUserActivity: event=1, uid=1000
01-01 00:11:28.584   718  1147 D PowerManagerNotifier: onUserActivity: event=1, uid=1000
01-01 00:11:29.092   718  1147 D PowerManagerNotifier: onUserActivity: event=1, uid=1000
01-01 00:11:29.598   718  1147 D PowerManagerNotifier: onUserActivity: event=1, uid=1000
01-01 00:11:29.603   718  1983 W Watchdog: **Get SF Time **1
01-01 00:11:29.604   718  1983 W Watchdog: SWT Watchdog before synchronized:956723
01-01 00:11:29.604   718  1983 W Watchdog: SWT Watchdog after synchronized:956724
--------- beginning of main
01-01 00:11:30.059  4792  4792 V ViewRootImpl[StartExercisingActivity]: finishInputEvent: handled = true,event = KeyEvent { action=ACTION_DOWN, keyCode=KEYCODE_HEADSETHOOK, scanCode=164, metaState=0, flags=0x8, repeatCount=428, eventTime=957173, downTime=934307, deviceId=9, source=0x101 }, stage = 10: View Post IME stage, this = ViewRoot{6105625 movement.health.csc.healthmovement/movement.health.csc.healthmovement.activity.StartExercisingActivity,ident = 1}
01-01 00:11:30.062  4792  4792 V ViewRootImpl[StartExercisingActivity]: ViewRoot performTraversals+ : mFirst = false, this = ViewRoot{6105625 movement.health.csc.healthmovement/movement.health.csc.healthmovement.activity.StartExercisingActivity,ident = 1}
01-01 00:11:30.067  4792  4792 V ViewRootImpl[StartExercisingActivity]: ViewRoot performTraversals and draw- : this = ViewRoot{6105625 movement.health.csc.healthmovement/movement.health.csc.healthmovement.activity.StartExercisingActivity,ident = 1} frame#67 (cancelDraw = false)
01-01 00:11:30.071   230   472 I BufferQueueProducer: [movement.health.csc.healthmovement/movement.health.csc.healthmovement.activity.StartExercisingActivity](this:0xadde5000,id:66,api:1,p:4792,c:230) queueBuffer: fps=1.25 dur=1598.47 max=801.75 min=796.72
01-01 00:11:30.104   718  1147 D PowerManagerNotifier: onUserActivity: event=1, uid=1000
01-01 00:11:30.104   718  1147 D WindowManager: interceptKeyTi keyCode=79 down=true repeatCount=429 keyguardOn=false mHomePressed=false canceled=false metaState:0
01-01 00:11:30.104   718  1147 D SettingsInterface:  from settings cache , name = allow_easy_access_mode , value = null
01-01 00:11:30.107  4792  4792 V ViewRootImpl[StartExercisingActivity]: enqueueInputEvent: event = KeyEvent { action=ACTION_DOWN, keyCode=KEYCODE_HEADSETHOOK, scanCode=164, metaState=0, flags=0x8, repeatCount=429, eventTime=957223, downTime=934307, deviceId=9, source=0x101 },processImmediately = true,mProcessInputEventsScheduled = false, this = ViewRoot{6105625 movement.health.csc.healthmovement/movement.health.csc.healthmovement.activity.StartExercisingActivity,ident = 1}
01-01 00:11:30.114  4792  4792 V ViewRootImpl[StartExercisingActivity]: finishInputEvent: handled = true,event = KeyEvent { action=ACTION_DOWN, keyCode=KEYCODE_HEADSETHOOK, scanCode=164, metaState=0, flags=0x8, repeatCount=429, eventTime=957223, downTime=934307, deviceId=9, source=0x101 }, stage = 10: View Post IME stage, this = ViewRoot{6105625 movement.health.csc.healthmovement/movement.health.csc.healthmovement.activity.StartExercisingActivity,ident = 1}
01-01 00:11:30.154   718  1147 D WindowManager: interceptKeyTi keyCode=79 down=true repeatCount=430 keyguardOn=false mHomePressed=false canceled=false metaState:0
01-01 00:11:30.154   718  1147 D SettingsInterface:  from settings cache , name = allow_easy_access_mode , value = null
01-01 00:11:30.157  4792  4792 V ViewRootImpl[StartExercisingActivity]: enqueueInputEvent: event = KeyEvent { action=ACTION_DOWN, keyCode=KEYCODE_HEADSETHOOK, scanCode=164, metaState=0, flags=0x8, repeatCount=430, eventTime=957273, downTime=934307, deviceId=9, source=0x101 },processImmediately = true,mProcessInputEventsScheduled = false, this = ViewRoot{6105625 movement.health.csc.healthmovement/movement.health.csc.healthmovement.activity.StartExercisingActivity,ident = 1}
01-01 00:11:30.165  4792  4792 V ViewRootImpl[StartExercisingActivity]: finishInputEvent: handled = true,event = KeyEvent { action=ACTION_DOWN, keyCode=KEYCODE_HEADSETHOOK, scanCode=164, metaState=0, flags=0x8, repeatCount=430, eventTime=957273, downTime=934307, deviceId=9, source=0x101 }, stage = 10: View Post IME stage, this = ViewRoot{6105625 movement.health.csc.healthmovement/movement.health.csc.healthmovement.activity.StartExercisingActivity,ident = 1}
01-01 00:11:30.205   718  1147 D WindowManager: interceptKeyTi keyCode=79 down=true repeatCount=431 keyguardOn=false mHomePressed=false canceled=false metaState:0
01-01 00:11:30.206   718  1147 D SettingsInterface:  from settings cache , name = allow_easy_access_mode , value = null
01-01 00:11:30.208  4792  4792 V ViewRootImpl[StartExercisingActivity]: enqueueInputEvent: event = KeyEvent { action=ACTION_DOWN, keyCode=KEYCODE_HEADSETHOOK, scanCode=164, metaState=0, flags=0x8, repeatCount=431, eventTime=957324, downTime=934307, deviceId=9, source=0x101 },processImmediately = true,mProcessInputEventsScheduled = false, this = ViewRoot{6105625 movement.health.csc.healthmovement/movement.health.csc.healthmovement.activity.StartExercisingActivity,ident = 1}
01-01 00:11:30.219  4792  4792 V ViewRootImpl[StartExercisingActivity]: finishInputEvent: handled = true,event = KeyEvent { action=ACTION_DOWN, keyCode=KEYCODE_HEADSETHOOK, scanCode=164, metaState=0, flags=0x8, repeatCount=431, eventTime=957324, downTime=934307, deviceId=9, source=0x101 }, stage = 10: View Post IME stage, this = ViewRoot{6105625 movement.health.csc.healthmovement/movement.health.csc.healthmovement.activity.StartExercisingActivity,ident = 1}
01-01 00:11:30.256   718  1147 D WindowManager: interceptKeyTi keyCode=79 down=true repeatCount=432 keyguardOn=false mHomePressed=false canceled=false metaState:0
01-01 00:11:30.256   718  1147 D SettingsInterface:  from settings cache , name = allow_easy_access_mode , value = null
01-01 00:11:30.257  4792  4792 V ViewRootImpl[StartExercisingActivity]: enqueueInputEvent: event = KeyEvent { action=ACTION_DOWN, keyCode=KEYCODE_HEADSETHOOK, scanCode=164, metaState=0, flags=0x8, repeatCount=432, eventTime=957375, downTime=934307, deviceId=9, source=0x101 },processImmediately = true,mProcessInputEventsScheduled = false, this = ViewRoot{6105625 movement.health.csc.healthmovement/movement.health.csc.healthmovement.activity.StartExercisingActivity,ident = 1}
01-01 00:11:30.263  4792  4792 V ViewRootImpl[StartExercisingActivity]: finishInputEvent: handled = true,event = KeyEvent { action=ACTION_DOWN, keyCode=KEYCODE_HEADSETHOOK, scanCode=164, metaState=0, flags=0x8, repeatCount=432, eventTime=957375, downTime=934307, deviceId=9, source=0x101 }, stage = 10: View Post IME stage, this = ViewRoot{6105625 movement.health.csc.healthmovement/movement.health.csc.healthmovement.activity.StartExercisingActivity,ident = 1}
01-01 00:11:30.307   718  1147 D WindowManager: interceptKeyTi keyCode=79 down=true repeatCount=433 keyguardOn=false mHomePressed=false canceled=false metaState:0
01-01 00:11:30.307   718  1147 D SettingsInterface:  from settings cache , name = allow_easy_access_mode , value = null
01-01 00:11:30.309  4792  4792 V ViewRootImpl[StartExercisingActivity]: enqueueInputEvent: event = KeyEvent { action=ACTION_DOWN, keyCode=KEYCODE_HEADSETHOOK, scanCode=164, metaState=0, flags=0x8, repeatCount=433, eventTime=957426, downTime=934307, deviceId=9, source=0x101 },processImmediately = true,mProcessInputEventsScheduled = false, this = ViewRoot{6105625 movement.health.csc.healthmovement/movement.health.csc.healthmovement.activity.StartExercisingActivity,ident = 1}
01-01 00:11:30.314  4792  4792 V ViewRootImpl[StartExercisingActivity]: finishInputEvent: handled = true,event = KeyEvent { action=ACTION_DOWN, keyCode=KEYCODE_HEADSETHOOK, scanCode=164, metaState=0, flags=0x8, repeatCount=433, eventTime=957426, downTime=934307, deviceId=9, source=0x101 }, stage = 10: View Post IME stage, this = ViewRoot{6105625 movement.health.csc.healthmovement/movement.health.csc.healthmovement.activity.StartExercisingActivity,ident = 1}
01-01 00:11:30.358   718  1147 D WindowManager: interceptKeyTi keyCode=79 down=true repeatCount=434 keyguardOn=false mHomePressed=false canceled=false metaState:0
01-01 00:11:30.358   718  1147 D SettingsInterface:  from settings cache , name = allow_easy_access_mode , value = null
01-01 00:11:30.361  4792  4792 V ViewRootImpl[StartExercisingActivity]: enqueueInputEvent: event = KeyEvent { action=ACTION_DOWN, keyCode=KEYCODE_HEADSETHOOK, scanCode=164, metaState=0, flags=0x8, repeatCount=434, eventTime=957477, downTime=934307, deviceId=9, source=0x101 },processImmediately = true,mProcessInputEventsScheduled = false, this = ViewRoot{6105625 movement.health.csc.healthmovement/movement.health.csc.healthmovement.activity.StartExercisingActivity,ident = 1}
01-01 00:11:30.366  4792  4792 V ViewRootImpl[StartExercisingActivity]: finishInputEvent: handled = true,event = KeyEvent { action=ACTION_DOWN, keyCode=KEYCODE_HEADSETHOOK, scanCode=164, metaState=0, flags=0x8, repeatCount=434, eventTime=957477, downTime=934307, deviceId=9, source=0x101 }, stage = 10: View Post IME stage, this = ViewRoot{6105625 movement.health.csc.healthmovement/movement.health.csc.healthmovement.activity.StartExercisingActivity,ident = 1}
01-01 00:11:30.409   718  1147 D WindowManager: interceptKeyTi keyCode=79 down=true repeatCount=435 keyguardOn=false mHomePressed=false canceled=false metaState:0
01-01 00:11:30.410   718  1147 D SettingsInterface:  from settings cache , name = allow_easy_access_mode , value = null
01-01 00:11:30.411  4792  4792 V ViewRootImpl[StartExercisingActivity]: enqueueInputEvent: event = KeyEvent { action=ACTION_DOWN, keyCode=KEYCODE_HEADSETHOOK, scanCode=164, metaState=0, flags=0x8, repeatCount=435, eventTime=957529, downTime=934307, deviceId=9, source=0x101 },processImmediately = true,mProcessInputEventsScheduled = false, this = ViewRoot{6105625 movement.health.csc.healthmovement/movement.health.csc.healthmovement.activity.StartExercisingActivity,ident = 1}
01-01 00:11:30.420  4792  4792 V ViewRootImpl[StartExercisingActivity]: finishInputEvent: handled = true,event = KeyEvent { action=ACTION_DOWN, keyCode=KEYCODE_HEADSETHOOK, scanCode=164, metaState=0, flags=0x8, repeatCount=435, eventTime=957529, downTime=934307, deviceId=9, source=0x101 }, stage = 10: View Post IME stage, this = ViewRoot{6105625 movement.health.csc.healthmovement/movement.health.csc.healthmovement.activity.StartExercisingActivity,ident = 1}
01-01 00:11:30.460   718  1147 D WindowManager: interceptKeyTi keyCode=79 down=true repeatCount=436 keyguardOn=false mHomePressed=false canceled=false metaState:0
01-01 00:11:30.461   718  1147 D SettingsInterface:  from settings cache , name = allow_easy_access_mode , value = null
01-01 00:11:30.464  4792  4792 V ViewRootImpl[StartExercisingActivity]: enqueueInputEvent: event = KeyEvent { action=ACTION_DOWN, keyCode=KEYCODE_HEADSETHOOK, scanCode=164, metaState=0, flags=0x8, repeatCount=436, eventTime=957580, downTime=934307, deviceId=9, source=0x101 },processImmediately = true,mProcessInputEventsScheduled = false, this = ViewRoot{6105625 movement.health.csc.healthmovement/movement.health.csc.healthmovement.activity.StartExercisingActivity,ident = 1}
01-01 00:11:30.470  4792  4792 V ViewRootImpl[StartExercisingActivity]: finishInputEvent: handled = true,event = KeyEvent { action=ACTION_DOWN, keyCode=KEYCODE_HEADSETHOOK, scanCode=164, metaState=0, flags=0x8, repeatCount=436, eventTime=957580, downTime=934307, deviceId=9, source=0x101 }, stage = 10: View Post IME stage, this = ViewRoot{6105625 movement.health.csc.healthmovement/movement.health.csc.healthmovement.activity.StartExercisingActivity,ident = 1}
01-01 00:11:30.511   718  1147 D WindowManager: interceptKeyTi keyCode=79 down=true repeatCount=437 keyguardOn=false mHomePressed=false canceled=false metaState:0
01-01 00:11:30.512   718  1147 D SettingsInterface:  from settings cache , name = allow_easy_access_mode , value = null
01-01 00:11:30.514  4792  4792 V ViewRootImpl[StartExercisingActivity]: enqueueInputEvent: event = KeyEvent { action=ACTION_DOWN, keyCode=KEYCODE_HEADSETHOOK, scanCode=164, metaState=0, flags=0x8, repeatCount=437, eventTime=957631, downTime=934307, deviceId=9, source=0x101 },processImmediately = true,mProcessInputEventsScheduled = false, this = ViewRoot{6105625 movement.health.csc.healthmovement/movement.health.csc.healthmovement.activity.StartExercisingActivity,ident = 1}
01-01 00:11:30.519  4792  4792 V ViewRootImpl[StartExercisingActivity]: finishInputEvent: handled = true,event = KeyEvent { action=ACTION_DOWN, keyCode=KEYCODE_HEADSETHOOK, scanCode=164, metaState=0, flags=0x8, repeatCount=437, eventTime=957631, downTime=934307, deviceId=9, source=0x101 }, stage = 10: View Post IME stage, this = ViewRoot{6105625 movement.health.csc.healthmovement/movement.health.csc.healthmovement.activity.StartExercisingActivity,ident = 1}
01-01 00:11:30.562   718  1147 D WindowManager: interceptKeyTi keyCode=79 down=true repeatCount=438 keyguardOn=false mHomePressed=false canceled=false metaState:0
01-01 00:11:30.563   718  1147 D SettingsInterface:  from settings cache , name = allow_easy_access_mode , value = null
01-01 00:11:30.564  2513  2775 I MTKLogger/Utils: -->getInternalSdPath()
01-01 00:11:30.565  4792  4792 V ViewRootImpl[StartExercisingActivity]: enqueueInputEvent: event = KeyEvent { action=ACTION_DOWN, keyCode=KEYCODE_HEADSETHOOK, scanCode=164, metaState=0, flags=0x8, repeatCount=438, eventTime=957682, downTime=934307, deviceId=9, source=0x101 },processImmediately = true,mProcessInputEventsScheduled = false, this = ViewRoot{6105625 movement.health.csc.healthmovement/movement.health.csc.healthmovement.activity.StartExercisingActivity,ident = 1}
01-01 00:11:30.574   718  1780 D AppOps  : noteOperation: allowing code 59 uid 10072 package com.mediatek.mtklogger
01-01 00:11:30.574   718  1780 D AppOps  : noteOperation: allowing code 60 uid 10072 package com.mediatek.mtklogger
01-01 00:11:30.575   718  1780 D SettingsInterface:  from settings cache , name = sys_storage_threshold_percentage , value = null
01-01 00:11:30.582  2062  2062 D SettingsInterface:  from settings cache , name = is_set_bold_text , value = null
01-01 00:11:30.582   718  1780 D SettingsInterface:  from settings cache , name = sys_storage_threshold_max_bytes , value = null
01-01 00:11:30.584  2513  2775 D MTKLogger/Utils: /storage/emulated/0 is mounted!
01-01 00:11:30.585  2513  2775 D MTKLogger/Utils: Is emulated and volumeInfo.getId() : emulated
01-01 00:11:30.585  2513  2775 I MTKLogger/Utils: <--getInternalSdPath() : internalPath = /storage/emulated/0
01-01 00:11:30.586  2513  2775 V MTKLogger: <--getLogPath(), type=internal_sd, string=/storage/emulated/0
01-01 00:11:30.593   718  2359 D AppOps  : noteOperation: allowing code 59 uid 10072 package com.mediatek.mtklogger
01-01 00:11:30.593   718  2359 D AppOps  : noteOperation: allowing code 60 uid 10072 package com.mediatek.mtklogger
01-01 00:11:30.594   718  2359 D SettingsInterface:  from settings cache , name = sys_storage_threshold_percentage , value = null
01-01 00:11:30.594   718  2359 D SettingsInterface:  from settings cache , name = sys_storage_threshold_max_bytes , value = null
01-01 00:11:30.594  4792  4792 V ViewRootImpl[StartExercisingActivity]: finishInputEvent: handled = true,event = KeyEvent { action=ACTION_DOWN, keyCode=KEYCODE_HEADSETHOOK, scanCode=164, metaState=0, flags=0x8, repeatCount=438, eventTime=957682, downTime=934307, deviceId=9, source=0x101 }, stage = 10: View Post IME stage, this = ViewRoot{6105625 movement.health.csc.healthmovement/movement.health.csc.healthmovement.activity.StartExercisingActivity,ident = 1}
01-01 00:11:30.596  2513  2775 D MTKLogger: -->getAvailableStorageSize(), path=/storage/emulated/0, size=4066MB
01-01 00:11:30.602  2062  2062 I SliderBarTextView: activity   mSildeBarTextView====De pres acas pentru a deschide
01-01 00:11:30.603  2062  2062 I SliderBarTextView: showTextExpand()   str=De pres acas pentru a deschide
01-01 00:11:30.608  2062  2062 D SettingsInterface:  from settings cache , name = is_set_bold_text , value = null
01-01 00:11:30.609  2062  2062 D SettingsInterface:  from settings cache , name = is_set_bold_text , value = null
01-01 00:11:30.613   718  1147 D PowerManagerNotifier: onUserActivity: event=1, uid=1000
01-01 00:11:30.614   718  1147 D WindowManager: interceptKeyTi keyCode=79 down=true repeatCount=439 keyguardOn=false mHomePressed=false canceled=false metaState:0
01-01 00:11:30.615   718  1147 D SettingsInterface:  from settings cache , name = allow_easy_access_mode , value = null
01-01 00:11:30.617  4792  4792 V ViewRootImpl[StartExercisingActivity]: enqueueInputEvent: event = KeyEvent { action=ACTION_DOWN, keyCode=KEYCODE_HEADSETHOOK, scanCode=164, metaState=0, flags=0x8, repeatCount=439, eventTime=957732, downTime=934307, deviceId=9, source=0x101 },processImmediately = true,mProcessInputEventsScheduled = false, this = ViewRoot{6105625 movement.health.csc.healthmovement/movement.health.csc.healthmovement.activity.StartExercisingActivity,ident = 1}
01-01 00:11:30.622  4792  4792 V ViewRootImpl[StartExercisingActivity]: finishInputEvent: handled = true,event = KeyEvent { action=ACTION_DOWN, keyCode=KEYCODE_HEADSETHOOK, scanCode=164, metaState=0, flags=0x8, repeatCount=439, eventTime=957732, downTime=934307, deviceId=9, source=0x101 }, stage = 10: View Post IME stage, this = ViewRoot{6105625 movement.health.csc.healthmovement/movement.health.csc.healthmovement.activity.StartExercisingActivity,ident = 1}
01-01 00:11:30.663   718  1147 D WindowManager: interceptKeyTi keyCode=79 down=true repeatCount=440 keyguardOn=false mHomePressed=false canceled=false metaState:0
01-01 00:11:30.664   718  1147 D SettingsInterface:  from settings cache , name = allow_easy_access_mode , value = null
01-01 00:11:30.665  4792  4792 V ViewRootImpl[StartExercisingActivity]: enqueueInputEvent: event = KeyEvent { action=ACTION_DOWN, keyCode=KEYCODE_HEADSETHOOK, scanCode=164, metaState=0, flags=0x8, repeatCount=440, eventTime=957783, downTime=934307, deviceId=9, source=0x101 },processImmediately = true,mProcessInputEventsScheduled = false, this = ViewRoot{6105625 movement.health.csc.healthmovement/movement.health.csc.healthmovement.activity.StartExercisingActivity,ident = 1}
01-01 00:11:30.671  4792  4792 V ViewRootImpl[StartExercisingActivity]: finishInputEvent: handled = true,event = KeyEvent { action=ACTION_DOWN, keyCode=KEYCODE_HEADSETHOOK, scanCode=164, metaState=0, flags=0x8, repeatCount=440, eventTime=957783, downTime=934307, deviceId=9, source=0x101 }, stage = 10: View Post IME stage, this = ViewRoot{6105625 movement.health.csc.healthmovement/movement.health.csc.healthmovement.activity.StartExercisingActivity,ident = 1}
01-01 00:11:30.714   718  1147 D WindowManager: interceptKeyTi keyCode=79 down=true repeatCount=441 keyguardOn=false mHomePressed=false canceled=false metaState:0
01-01 00:11:30.715   718  1147 D SettingsInterface:  from settings cache , name = allow_easy_access_mode , value = null
01-01 00:11:30.717  4792  4792 V ViewRootImpl[StartExercisingActivity]: enqueueInputEvent: event = KeyEvent { action=ACTION_DOWN, keyCode=KEYCODE_HEADSETHOOK, scanCode=164, metaState=0, flags=0x8, repeatCount=441, eventTime=957834, downTime=934307, deviceId=9, source=0x101 },processImmediately = true,mProcessInputEventsScheduled = false, this = ViewRoot{6105625 movement.health.csc.healthmovement/movement.health.csc.healthmovement.activity.StartExercisingActivity,ident = 1}
01-01 00:11:30.725  4792  4792 V ViewRootImpl[StartExercisingActivity]: finishInputEvent: handled = true,event = KeyEvent { action=ACTION_DOWN, keyCode=KEYCODE_HEADSETHOOK, scanCode=164, metaState=0, flags=0x8, repeatCount=441, eventTime=957834, downTime=934307, deviceId=9, source=0x101 }, stage = 10: View Post IME stage, this = ViewRoot{6105625 movement.health.csc.healthmovement/movement.health.csc.healthmovement.activity.StartExercisingActivity,ident = 1}
01-01 00:11:30.765   718  1147 D WindowManager: interceptKeyTi keyCode=79 down=true repeatCount=442 keyguardOn=false mHomePressed=false canceled=false metaState:0
01-01 00:11:30.765   718  1147 D SettingsInterface:  from settings cache , name = allow_easy_access_mode , value = null
01-01 00:11:30.767  4792  4792 V ViewRootImpl[StartExercisingActivity]: enqueueInputEvent: event = KeyEvent { action=ACTION_DOWN, keyCode=KEYCODE_HEADSETHOOK, scanCode=164, metaState=0, flags=0x8, repeatCount=442, eventTime=957885, downTime=934307, deviceId=9, source=0x101 },processImmediately = true,mProcessInputEventsScheduled = false, this = ViewRoot{6105625 movement.health.csc.healthmovement/movement.health.csc.healthmovement.activity.StartExercisingActivity,ident = 1}
01-01 00:11:30.772  4792  4792 V ViewRootImpl[StartExercisingActivity]: finishInputEvent: handled = true,event = KeyEvent { action=ACTION_DOWN, keyCode=KEYCODE_HEADSETHOOK, scanCode=164, metaState=0, flags=0x8, repeatCount=442, eventTime=957885, downTime=934307, deviceId=9, source=0x101 }, stage = 10: View Post IME stage, this = ViewRoot{6105625 movement.health.csc.healthmovement/movement.health.csc.healthmovement.activity.StartExercisingActivity,ident = 1}
01-01 00:11:30.815   718  1147 D WindowManager: interceptKeyTi keyCode=79 down=true repeatCount=443 keyguardOn=false mHomePressed=false canceled=false metaState:0
01-01 00:11:30.816   718  1147 D SettingsInterface:  from settings cache , name = allow_easy_access_mode , value = null
01-01 00:11:30.817  4792  4792 V ViewRootImpl[StartExercisingActivity]: enqueueInputEvent: event = KeyEvent { action=ACTION_DOWN, keyCode=KEYCODE_HEADSETHOOK, scanCode=164, metaState=0, flags=0x8, repeatCount=443, eventTime=957935, downTime=934307, deviceId=9, source=0x101 },processImmediately = true,mProcessInputEventsScheduled = false, this = ViewRoot{6105625 movement.health.csc.healthmovement/movement.health.csc.healthmovement.activity.StartExercisingActivity,ident = 1}
01-01 00:11:30.823  4792  4792 V ViewRootImpl[StartExercisingActivity]: finishInputEvent: handled = true,event = KeyEvent { action=ACTION_DOWN, keyCode=KEYCODE_HEADSETHOOK, scanCode=164, metaState=0, flags=0x8, repeatCount=443, eventTime=957935, downTime=934307, deviceId=9, source=0x101 }, stage = 10: View Post IME stage, this = ViewRoot{6105625 movement.health.csc.healthmovement/movement.health.csc.healthmovement.activity.StartExercisingActivity,ident = 1}
01-01 00:11:30.849  4792  4792 V DisplayEventReceiver: call nativeScheduleVsync mReceiverPtr = -1642500720
01-01 00:11:30.854  4792  4792 V ViewRootImpl[StartExercisingActivity]: ViewRoot performTraversals+ : mFirst = false, this = ViewRoot{6105625 movement.health.csc.healthmovement/movement.health.csc.healthmovement.activity.StartExercisingActivity,ident = 1}
01-01 00:11:30.857  4792  4792 V ViewRootImpl[StartExercisingActivity]: ViewRoot performTraversals and draw- : this = ViewRoot{6105625 movement.health.csc.healthmovement/movement.health.csc.healthmovement.activity.StartExercisingActivity,ident = 1} frame#68 (cancelDraw = false)
01-01 00:11:30.866   718  1147 D WindowManager: interceptKeyTi keyCode=79 down=true repeatCount=444 keyguardOn=false mHomePressed=false canceled=false metaState:0
01-01 00:11:30.866   718  1147 D SettingsInterface:  from settings cache , name = allow_easy_access_mode , value = null
01-01 00:11:30.870  4792  4792 V ViewRootImpl[StartExercisingActivity]: enqueueInputEvent: event = KeyEvent { action=ACTION_DOWN, keyCode=KEYCODE_HEADSETHOOK, scanCode=164, metaState=0, flags=0x8, repeatCount=444, eventTime=957985, downTime=934307, deviceId=9, source=0x101 },processImmediately = true,mProcessInputEventsScheduled = false, this = ViewRoot{6105625 movement.health.csc.healthmovement/movement.health.csc.healthmovement.activity.StartExercisingActivity,ident = 1}
01-01 00:11:30.872   230   230 I DisplayDevice: [Built-in Screen (type:0)] fps:1.260889,dur:1586.18,max:805.52,min:780.66
01-01 00:11:30.878  4792  4792 V ViewRootImpl[StartExercisingActivity]: finishInputEvent: handled = true,event = KeyEvent { action=ACTION_DOWN, keyCode=KEYCODE_HEADSETHOOK, scanCode=164, metaState=0, flags=0x8, repeatCount=444, eventTime=957985, downTime=934307, deviceId=9, source=0x101 }, stage = 10: View Post IME stage, this = ViewRoot{6105625 movement.health.csc.healthmovement/movement.health.csc.healthmovement.activity.StartExercisingActivity,ident = 1}
01-01 00:11:30.916   718  1147 D WindowManager: interceptKeyTi keyCode=79 down=true repeatCount=445 keyguardOn=false mHomePressed=false canceled=false metaState:0
01-01 00:11:30.917   718  1147 D SettingsInterface:  from settings cache , name = allow_easy_access_mode , value = null
01-01 00:11:30.918  4792  4792 V ViewRootImpl[StartExercisingActivity]: enqueueInputEvent: event = KeyEvent { action=ACTION_DOWN, keyCode=KEYCODE_HEADSETHOOK, scanCode=164, metaState=0, flags=0x8, repeatCount=445, eventTime=958036, downTime=934307, deviceId=9, source=0x101 },processImmediately = true,mProcessInputEventsScheduled = false, this = ViewRoot{6105625 movement.health.csc.healthmovement/movement.health.csc.healthmovement.activity.StartExercisingActivity,ident = 1}
01-01 00:11:30.923  4792  4792 V ViewRootImpl[StartExercisingActivity]: finishInputEvent: handled = true,event = KeyEvent { action=ACTION_DOWN, keyCode=KEYCODE_HEADSETHOOK, scanCode=164, metaState=0, flags=0x8, repeatCount=445, eventTime=958036, downTime=934307, deviceId=9, source=0x101 }, stage = 10: View Post IME stage, this = ViewRoot{6105625 movement.health.csc.healthmovement/movement.health.csc.healthmovement.activity.StartExercisingActivity,ident = 1}
01-01 00:11:30.967   718  1147 D WindowManager: interceptKeyTi keyCode=79 down=true repeatCount=446 keyguardOn=false mHomePressed=false canceled=false metaState:0
01-01 00:11:30.968   718  1147 D SettingsInterface:  from settings cache , name = allow_easy_access_mode , value = null
01-01 00:11:30.969  4792  4792 V ViewRootImpl[StartExercisingActivity]: enqueueInputEvent: event = KeyEvent { action=ACTION_DOWN, keyCode=KEYCODE_HEADSETHOOK, scanCode=164, metaState=0, flags=0x8, repeatCount=446, eventTime=958087, downTime=934307, deviceId=9, source=0x101 },processImmediately = true,mProcessInputEventsScheduled = false, this = ViewRoot{6105625 movement.health.csc.healthmovement/movement.health.csc.healthmovement.activity.StartExercisingActivity,ident = 1}
01-01 00:11:30.974  4792  4792 V ViewRootImpl[StartExercisingActivity]: finishInputEvent: handled = true,event = KeyEvent { action=ACTION_DOWN, keyCode=KEYCODE_HEADSETHOOK, scanCode=164, metaState=0, flags=0x8, repeatCount=446, eventTime=958087, downTime=934307, deviceId=9, source=0x101 }, stage = 10: View Post IME stage, this = ViewRoot{6105625 movement.health.csc.healthmovement/movement.health.csc.healthmovement.activity.StartExercisingActivity,ident = 1}
01-01 00:11:31.018   718  1147 D WindowManager: interceptKeyTi keyCode=79 down=true repeatCount=447 keyguardOn=false mHomePressed=false canceled=false metaState:0
01-01 00:11:31.019   718  1147 D SettingsInterface:  from settings cache , name = allow_easy_access_mode , value = null
01-01 00:11:31.020  4792  4792 V ViewRootImpl[StartExercisingActivity]: enqueueInputEvent: event = KeyEvent { action=ACTION_DOWN, keyCode=KEYCODE_HEADSETHOOK, scanCode=164, metaState=0, flags=0x8, repeatCount=447, eventTime=958138, downTime=934307, deviceId=9, source=0x101 },processImmediately = true,mProcessInputEventsScheduled = false, this = ViewRoot{6105625 movement.health.csc.healthmovement/movement.health.csc.healthmovement.activity.StartExercisingActivity,ident = 1}
01-01 00:11:31.025  4792  4792 V ViewRootImpl[StartExercisingActivity]: finishInputEvent: handled = true,event = KeyEvent { action=ACTION_DOWN, keyCode=KEYCODE_HEADSETHOOK, scanCode=164, metaState=0, flags=0x8, repeatCount=447, eventTime=958138, downTime=934307, deviceId=9, source=0x101 }, stage = 10: View Post IME stage, this = ViewRoot{6105625 movement.health.csc.healthmovement/movement.health.csc.healthmovement.activity.StartExercisingActivity,ident = 1}
01-01 00:11:31.069   718  1147 D WindowManager: interceptKeyTi keyCode=79 down=true repeatCount=448 keyguardOn=false mHomePressed=false canceled=false metaState:0
01-01 00:11:31.070   718  1147 D SettingsInterface:  from settings cache , name = allow_easy_access_mode , value = null
01-01 00:11:31.074  4792  4792 V ViewRootImpl[StartExercisingActivity]: enqueueInputEvent: event = KeyEvent { action=ACTION_DOWN, keyCode=KEYCODE_HEADSETHOOK, scanCode=164, metaState=0, flags=0x8, repeatCount=448, eventTime=958188, downTime=934307, deviceId=9, source=0x101 },processImmediately = true,mProcessInputEventsScheduled = false, this = ViewRoot{6105625 movement.health.csc.healthmovement/movement.health.csc.healthmovement.activity.StartExercisingActivity,ident = 1}
01-01 00:11:31.084  4792  4792 V ViewRootImpl[StartExercisingActivity]: finishInputEvent: handled = true,event = KeyEvent { action=ACTION_DOWN, keyCode=KEYCODE_HEADSETHOOK, scanCode=164, metaState=0, flags=0x8, repeatCount=448, eventTime=958188, downTime=934307, deviceId=9, source=0x101 }, stage = 10: View Post IME stage, this = ViewRoot{6105625 movement.health.csc.healthmovement/movement.health.csc.healthmovement.activity.StartExercisingActivity,ident = 1}
01-01 00:11:31.105   220   220 I wmt_launcher: fw log ctrl flag has been set
01-01 00:11:31.105   220   220 I wmt_launcher: fw dynamic ctrl flag has been set
01-01 00:11:31.119   718  1147 D PowerManagerNotifier: onUserActivity: event=1, uid=1000
01-01 00:11:31.121   718  1147 D WindowManager: interceptKeyTi keyCode=79 down=true repeatCount=449 keyguardOn=false mHomePressed=false canceled=false metaState:0
01-01 00:11:31.121   718  1147 D SettingsInterface:  from settings cache , name = allow_easy_access_mode , value = null
01-01 00:11:31.123  4792  4792 V ViewRootImpl[StartExercisingActivity]: enqueueInputEvent: event = KeyEvent { action=ACTION_DOWN, keyCode=KEYCODE_HEADSETHOOK, scanCode=164, metaState=0, flags=0x8, repeatCount=449, eventTime=958239, downTime=934307, deviceId=9, source=0x101 },processImmediately = true,mProcessInputEventsScheduled = false, this = ViewRoot{6105625 movement.health.csc.healthmovement/movement.health.csc.healthmovement.activity.StartExercisingActivity,ident = 1}
01-01 00:11:31.134  4792  4792 V ViewRootImpl[StartExercisingActivity]: finishInputEvent: handled = true,event = KeyEvent { action=ACTION_DOWN, keyCode=KEYCODE_HEADSETHOOK, scanCode=164, metaState=0, flags=0x8, repeatCount=449, eventTime=958239, downTime=934307, deviceId=9, source=0x101 }, stage = 10: View Post IME stage, this = ViewRoot{6105625 movement.health.csc.healthmovement/movement.health.csc.healthmovement.activity.StartExercisingActivity,ident = 1}
01-01 00:11:31.151  2007  2148 I SignalStrength: calibrateAsuValue isGsm() =true
01-01 00:11:31.153  2007  2007 I SignalStrength: calibrateAsuValue isGsm() =true
01-01 00:11:31.158   718  2283 I SignalStrength: calibrateAsuValue isGsm() =true
01-01 00:11:31.172   718  1147 D WindowManager: interceptKeyTi keyCode=79 down=true repeatCount=450 keyguardOn=false mHomePressed=false canceled=false metaState:0
01-01 00:11:31.173   718  1147 D SettingsInterface:  from settings cache , name = allow_easy_access_mode , value = null
01-01 00:11:31.175  4792  4792 V ViewRootImpl[StartExercisingActivity]: enqueueInputEvent: event = KeyEvent { action=ACTION_DOWN, keyCode=KEYCODE_HEADSETHOOK, scanCode=164, metaState=0, flags=0x8, repeatCount=450, eventTime=958291, downTime=934307, deviceId=9, source=0x101 },processImmediately = true,mProcessInputEventsScheduled = false, this = ViewRoot{6105625 movement.health.csc.healthmovement/movement.health.csc.healthmovement.activity.StartExercisingActivity,ident = 1}
01-01 00:11:31.180  4792  4792 V ViewRootImpl[StartExercisingActivity]: finishInputEvent: handled = true,event = KeyEvent { action=ACTION_DOWN, keyCode=KEYCODE_HEADSETHOOK, scanCode=164, metaState=0, flags=0x8, repeatCount=450, eventTime=958291, downTime=934307, deviceId=9, source=0x101 }, stage = 10: View Post IME stage, this = ViewRoot{6105625 movement.health.csc.healthmovement/movement.health.csc.healthmovement.activity.StartExercisingActivity,ident = 1}
01-01 00:11:31.187  2007  2007 D SettingsInterface:  from settings cache , name = multi_sim_voice_call , value = null
01-01 00:11:31.197   718  2283 V ActivityManager: Broadcast sticky: Intent { act=android.intent.action.SIG_STR flg=0x20000010 (has extras) } ordered=false userid=-1 callerApp=ProcessRecord{f1c58f3 718:system/1000}
01-01 00:11:31.198   718  2283 D AMEventHook: onEvent: AM_BeforeSendBroadcast
01-01 00:11:31.199  2007  2007 I SignalStrength: calibrateAsuValue isGsm() =true
01-01 00:11:31.223   718  1147 D WindowManager: interceptKeyTi keyCode=79 down=true repeatCount=451 keyguardOn=false mHomePressed=false canceled=false metaState:0
01-01 00:11:31.223   718  1147 D SettingsInterface:  from settings cache , name = allow_easy_access_mode , value = null
01-01 00:11:31.225  4792  4792 V ViewRootImpl[StartExercisingActivity]: enqueueInputEvent: event = KeyEvent { action=ACTION_DOWN, keyCode=KEYCODE_HEADSETHOOK, scanCode=164, metaState=0, flags=0x8, repeatCount=451, eventTime=958342, downTime=934307, deviceId=9, source=0x101 },processImmediately = true,mProcessInputEventsScheduled = false, this = ViewRoot{6105625 movement.health.csc.healthmovement/movement.health.csc.healthmovement.activity.StartExercisingActivity,ident = 1}
01-01 00:11:31.230  4792  4792 V ViewRootImpl[StartExercisingActivity]: finishInputEvent: handled = true,event = KeyEvent { action=ACTION_DOWN, keyCode=KEYCODE_HEADSETHOOK, scanCode=164, metaState=0, flags=0x8, repeatCount=451, eventTime=958342, downTime=934307, deviceId=9, source=0x101 }, stage = 10: View Post IME stage, this = ViewRoot{6105625 movement.health.csc.healthmovement/movement.health.csc.healthmovement.activity.StartExercisingActivity,ident = 1}
01-01 00:11:31.273   718  1147 D WindowManager: interceptKeyTi keyCode=79 down=true repeatCount=452 keyguardOn=false mHomePressed=false canceled=false metaState:0
01-01 00:11:31.274   718  1147 D SettingsInterface:  from settings cache , name = allow_easy_access_mode , value = null
01-01 00:11:31.276  4792  4792 V ViewRootImpl[StartExercisingActivity]: enqueueInputEvent: event = KeyEvent { action=ACTION_DOWN, keyCode=KEYCODE_HEADSETHOOK, scanCode=164, metaState=0, flags=0x8, repeatCount=452, eventTime=958393, downTime=934307, deviceId=9, source=0x101 },processImmediately = true,mProcessInputEventsScheduled = false, this = ViewRoot{6105625 movement.health.csc.healthmovement/movement.health.csc.healthmovement.activity.StartExercisingActivity,ident = 1}
01-01 00:11:31.281  4792  4792 V ViewRootImpl[StartExercisingActivity]: finishInputEvent: handled = true,event = KeyEvent { action=ACTION_DOWN, keyCode=KEYCODE_HEADSETHOOK, scanCode=164, metaState=0, flags=0x8, repeatCount=452, eventTime=958393, downTime=934307, deviceId=9, source=0x101 }, stage = 10: View Post IME stage, this = ViewRoot{6105625 movement.health.csc.healthmovement/movement.health.csc.healthmovement.activity.StartExercisingActivity,ident = 1}
01-01 00:11:31.325   718  1147 D WindowManager: interceptKeyTi keyCode=79 down=true repeatCount=453 keyguardOn=false mHomePressed=false canceled=false metaState:0
01-01 00:11:31.325   718  1147 D SettingsInterface:  from settings cache , name = allow_easy_access_mode , value = null
01-01 00:11:31.330  4792  4792 V ViewRootImpl[StartExercisingActivity]: enqueueInputEvent: event = KeyEvent { action=ACTION_DOWN, keyCode=KEYCODE_HEADSETHOOK, scanCode=164, metaState=0, flags=0x8, repeatCount=453, eventTime=958444, downTime=934307, deviceId=9, source=0x101 },processImmediately = true,mProcessInputEventsScheduled = false, this = ViewRoot{6105625 movement.health.csc.healthmovement/movement.health.csc.healthmovement.activity.StartExercisingActivity,ident = 1}
01-01 00:11:31.338  4792  4792 V ViewRootImpl[StartExercisingActivity]: finishInputEvent: handled = true,event = KeyEvent { action=ACTION_DOWN, keyCode=KEYCODE_HEADSETHOOK, scanCode=164, metaState=0, flags=0x8, repeatCount=453, eventTime=958444, downTime=934307, deviceId=9, source=0x101 }, stage = 10: View Post IME stage, this = ViewRoot{6105625 movement.health.csc.healthmovement/movement.health.csc.healthmovement.activity.StartExercisingActivity,ident = 1}
01-01 00:11:31.375   718  1147 D WindowManager: interceptKeyTi keyCode=79 down=true repeatCount=454 keyguardOn=false mHomePressed=false canceled=false metaState:0
01-01 00:11:31.375   718  1147 D SettingsInterface:  from settings cache , name = allow_easy_access_mode , value = null
01-01 00:11:31.378  4792  4792 V ViewRootImpl[StartExercisingActivity]: enqueueInputEvent: event = KeyEvent { action=ACTION_DOWN, keyCode=KEYCODE_HEADSETHOOK, scanCode=164, metaState=0, flags=0x8, repeatCount=454, eventTime=958494, downTime=934307, deviceId=9, source=0x101 },processImmediately = true,mProcessInputEventsScheduled = false, this = ViewRoot{6105625 movement.health.csc.healthmovement/movement.health.csc.healthmovement.activity.StartExercisingActivity,ident = 1}
01-01 00:11:31.387  4792  4792 V ViewRootImpl[StartExercisingActivity]: finishInputEvent: handled = true,event = KeyEvent { action=ACTION_DOWN, keyCode=KEYCODE_HEADSETHOOK, scanCode=164, metaState=0, flags=0x8, repeatCount=454, eventTime=958494, downTime=934307, deviceId=9, source=0x101 }, stage = 10: View Post IME stage, this = ViewRoot{6105625 movement.health.csc.healthmovement/movement.health.csc.healthmovement.activity.StartExercisingActivity,ident = 1}
01-01 00:11:31.425   718  1147 D WindowManager: interceptKeyTi keyCode=79 down=true repeatCount=455 keyguardOn=false mHomePressed=false canceled=false metaState:0
01-01 00:11:31.426   718  1147 D SettingsInterface:  from settings cache , name = allow_easy_access_mode , value = null
01-01 00:11:31.428  4792  4792 V ViewRootImpl[StartExercisingActivity]: enqueueInputEvent: event = KeyEvent { action=ACTION_DOWN, keyCode=KEYCODE_HEADSETHOOK, scanCode=164, metaState=0, flags=0x8, repeatCount=455, eventTime=958545, downTime=934307, deviceId=9, source=0x101 },processImmediately = true,mProcessInputEventsScheduled = false, this = ViewRoot{6105625 movement.health.csc.healthmovement/movement.health.csc.healthmovement.activity.StartExercisingActivity,ident = 1}
01-01 00:11:31.436  4792  4792 V ViewRootImpl[StartExercisingActivity]: finishInputEvent: handled = true,event = KeyEvent { action=ACTION_DOWN, keyCode=KEYCODE_HEADSETHOOK, scanCode=164, metaState=0, flags=0x8, repeatCount=455, eventTime=958545, downTime=934307, deviceId=9, source=0x101 }, stage = 10: View Post IME stage, this = ViewRoot{6105625 movement.health.csc.healthmovement/movement.health.csc.healthmovement.activity.StartExercisingActivity,ident = 1}
01-01 00:11:31.477   718  1147 D WindowManager: interceptKeyTi keyCode=79 down=true repeatCount=456 keyguardOn=false mHomePressed=false canceled=false metaState:0
01-01 00:11:31.477   718  1147 D SettingsInterface:  from settings cache , name = allow_easy_access_mode , value = null
01-01 00:11:31.479  4792  4792 V ViewRootImpl[StartExercisingActivity]: enqueueInputEvent: event = KeyEvent { action=ACTION_DOWN, keyCode=KEYCODE_HEADSETHOOK, scanCode=164, metaState=0, flags=0x8, repeatCount=456, eventTime=958596, downTime=934307, deviceId=9, source=0x101 },processImmediately = true,mProcessInputEventsScheduled = false, this = ViewRoot{6105625 movement.health.csc.healthmovement/movement.health.csc.healthmovement.activity.StartExercisingActivity,ident = 1}
01-01 00:11:31.487  4792  4792 V ViewRootImpl[StartExercisingActivity]: finishInputEvent: handled = true,event = KeyEvent { action=ACTION_DOWN, keyCode=KEYCODE_HEADSETHOOK, scanCode=164, metaState=0, flags=0x8, repeatCount=456, eventTime=958596, downTime=934307, deviceId=9, source=0x101 }, stage = 10: View Post IME stage, this = ViewRoot{6105625 movement.health.csc.healthmovement/movement.health.csc.healthmovement.activity.StartExercisingActivity,ident = 1}
01-01 00:11:31.528   718  1147 D WindowManager: interceptKeyTi keyCode=79 down=true repeatCount=457 keyguardOn=false mHomePressed=false canceled=false metaState:0
01-01 00:11:31.528   718  1147 D SettingsInterface:  from settings cache , name = allow_easy_access_mode , value = null
01-01 00:11:31.531  4792  4792 V ViewRootImpl[StartExercisingActivity]: enqueueInputEvent: event = KeyEvent { action=ACTION_DOWN, keyCode=KEYCODE_HEADSETHOOK, scanCode=164, metaState=0, flags=0x8, repeatCount=457, eventTime=958647, downTime=934307, deviceId=9, source=0x101 },processImmediately = true,mProcessInputEventsScheduled = false, this = ViewRoot{6105625 movement.health.csc.healthmovement/movement.health.csc.healthmovement.activity.StartExercisingActivity,ident = 1}
01-01 00:11:31.536  4792  4792 V ViewRootImpl[StartExercisingActivity]: finishInputEvent: handled = true,event = KeyEvent { action=ACTION_DOWN, keyCode=KEYCODE_HEADSETHOOK, scanCode=164, metaState=0, flags=0x8, repeatCount=457, eventTime=958647, downTime=934307, deviceId=9, source=0x101 }, stage = 10: View Post IME stage, this = ViewRoot{6105625 movement.health.csc.healthmovement/movement.health.csc.healthmovement.activity.StartExercisingActivity,ident = 1}
01-01 00:11:31.578   718  1147 D WindowManager: interceptKeyTi keyCode=79 down=true repeatCount=458 keyguardOn=false mHomePressed=false canceled=false metaState:0
