--------- beginning of system
01-01 00:10:36.922   718  2282 D ActivityManager: ACT-paused: token=Token{bf8f5 ActivityRecord{dc6c62c u0 movement.health.csc.healthmovement/.activity.MainActivity t9}}, timeout=false
01-01 00:10:36.923   718  2282 D AMEventHook: onEvent: AM_AfterActivityPaused
01-01 00:10:36.924   718  2282 D AMEventHook: onEvent: AM_BeforeActivitySwitch
01-01 00:10:36.928   718  2282 V WindowManager: setAppVisibility(Token{4a30302 ActivityRecord{cfcac4d u0 movement.health.csc.healthmovement/.activity.StartExercisingActivity t9}}, visible=true): mNextAppTransition=TRANSIT_ACTIVITY_OPEN hidden=true hiddenRequested=true Callers=com.android.server.am.ActivityStackSupervisor.realStartActivityLocked:1207 com.android.server.am.ActivityStackSupervisor.startSpecificActivityLocked:1428 com.android.server.am.ActivityStack.resumeTopActivityInnerLocked:2773 com.android.server.am.ActivityStack.resumeTopActivityUncheckedLocked:2229 com.android.server.am.ActivityStackSupervisor.resumeFocusedStackTopActivityLocked:1849 com.android.server.am.ActivityStack.completePauseLocked:1426 
01-01 00:10:36.935   718  2282 D AMEventHook: onEvent: AM_SkipStartActivity
01-01 00:10:36.937   718  2282 V WindowManager: setAppVisibility(Token{4a30302 ActivityRecord{cfcac4d u0 movement.health.csc.healthmovement/.activity.StartExercisingActivity t9}}, visible=true): mNextAppTransition=TRANSIT_ACTIVITY_OPEN hidden=true hiddenRequested=false Callers=com.android.server.am.ActivityStack.setVisible:1548 com.android.server.am.ActivityStack.makeVisibleAndRestartIfNeeded:1992 com.android.server.am.ActivityStack.ensureActivitiesVisibleLocked:1854 com.android.server.am.ActivityStackSupervisor.ensureActivitiesVisibleLocked:3057 com.android.server.am.ActivityManagerService.updateConfigurationLocked:19925 com.android.server.am.ActivityManagerService.updateConfigurationLocked:19758 
01-01 00:10:36.938   718  2282 V WindowManager: setAppVisibility(Token{bf8f5 ActivityRecord{dc6c62c u0 movement.health.csc.healthmovement/.activity.MainActivity t9}}, visible=false): mNextAppTransition=TRANSIT_ACTIVITY_OPEN hidden=false hiddenRequested=false Callers=com.android.server.am.ActivityStack.setVisible:1548 com.android.server.am.ActivityStack.makeInvisible:2011 com.android.server.am.ActivityStack.ensureActivitiesVisibleLocked:1887 com.android.server.am.ActivityStackSupervisor.ensureActivitiesVisibleLocked:3057 com.android.server.am.ActivityManagerService.updateConfigurationLocked:19925 com.android.server.am.ActivityManagerService.updateConfigurationLocked:19758 
01-01 00:10:36.947   718  2282 D ActivityManager: ACT-AM_RESTART_ACTIVITY ActivityRecord{cfcac4d u0 movement.health.csc.healthmovement/.activity.StartExercisingActivity t9} Task:9
01-01 00:10:36.960  4792  4792 D ActivityThread: PAUSE_ACTIVITY handled : 0 / com.android.internal.os.SomeArgs@6b3d89f
01-01 00:10:36.963   718  2283 V ActivityManager: Broadcast: Intent { act=top_activity_changes flg=0x10 } ordered=false userid=0 callerApp=ProcessRecord{8e9c990 4792:movement.health.csc.healthmovement/u0a89}
01-01 00:10:36.963   718  2283 D AMEventHook: onEvent: AM_BeforeSendBroadcast
01-01 00:10:36.966  4792  4792 D ActivityThread: Handling launch of ActivityRecord{8dddec token=android.os.BinderProxy@68d95b5 {movement.health.csc.healthmovement/movement.health.csc.healthmovement.activity.StartExercisingActivity}} reason=LAUNCH_ACTIVITY startsNotResumed=false
01-01 00:10:36.966   718   929 V BroadcastQueue: BDC-Processing parallel broadcast [background] BroadcastRecord{66ab77c u0 top_activity_changes}, 1 receivers
01-01 00:10:36.967   718   929 D BroadcastQueue: BDC-Delivering broadcast: Intent { act=top_activity_changes flg=0x10 }, queue=background, ordered=false, filter=BroadcastFilter{bf5c2c5 u-1 ReceiverList{495553c 1806 com.android.systemui/10018/u-1 remote:fc5b2f}}, broadcastRecord=BroadcastRecord{66ab77c u0 top_activity_changes}, receiver=null, #0
01-01 00:10:36.967   718   929 D BroadcastQueue: Non-ordered [background] BroadcastRecord{66ab77c u0 top_activity_changes}, 1 receivers, Total: 4, Waiting: 3, Processing: 1
01-01 00:10:36.968  1806  1806 D ActivityThread: BDC-Calling onReceive: intent=Intent { act=top_activity_changes flg=0x10 }, ordered=false, receiver=com.android.systemui.statusbar.phone.PhoneStatusBar$18@3fe4e4c, IIntentReceiver=d269330
01-01 00:10:36.995   718   922 V Telecom : Logging: START_SESSION: TSI.getCallState@AKk
01-01 00:10:36.995   718   922 V Telecom : Logging: END_SESSION (dur: 1 ms): TSI.getCallState@AKk
01-01 00:10:37.000   718  2360 V Telecom : Logging: START_SESSION: TSI.getCallState@AKo
01-01 00:10:37.000   718  2360 V Telecom : Logging: END_SESSION (dur: 0 ms): TSI.getCallState@AKo
01-01 00:10:37.003   718  2359 V SettingsProvider: name : status_bar_height callingUid : 10018
01-01 00:10:37.004   718  2359 V SettingsProvider: Package name : com.android.systemui privateFlags : 2152
01-01 00:10:37.034  4792  4792 D ActivityThread: ACT-AM_ON_RESUME_CALLED ActivityRecord{8dddec token=android.os.BinderProxy@68d95b5 {movement.health.csc.healthmovement/movement.health.csc.healthmovement.activity.StartExercisingActivity}}
01-01 00:10:37.055  4792  4792 D ActivityThread: LAUNCH_ACTIVITY handled : 0 / ActivityRecord{8dddec token=android.os.BinderProxy@68d95b5 {movement.health.csc.healthmovement/movement.health.csc.healthmovement.activity.StartExercisingActivity}}
01-01 00:10:37.065   718  1780 I WindowManager: Relayout Window{c79f05a u0 movement.health.csc.healthmovement/movement.health.csc.healthmovement.activity.StartExercisingActivity}: oldVis=4 newVis=0
01-01 00:10:37.073   718  1780 I WindowManager:   CREATE SURFACE Surface(name=movement.health.csc.healthmovement/movement.health.csc.healthmovement.activity.StartExercisingActivity) IN SESSION android.view.SurfaceSession@37200a7: pid=4792 format=-1 flags=0x404 / WindowStateAnimator{6c2f28b movement.health.csc.healthmovement/movement.health.csc.healthmovement.activity.StartExercisingActivity}
01-01 00:10:37.074   718  1780 V WindowManager: Looking for focus: 7 = Window{776856c u0 StatusBar}, flags=-2122055608, canReceive=false
01-01 00:10:37.075   718  1780 V WindowManager: findFocusedWindow: Found new focus @ 4 = Window{c79f05a u0 movement.health.csc.healthmovement/movement.health.csc.healthmovement.activity.StartExercisingActivity}
01-01 00:10:37.076   718  1780 V WindowManager: Changing focus from null to Window{c79f05a u0 movement.health.csc.healthmovement/movement.health.csc.healthmovement.activity.StartExercisingActivity} Callers=com.android.server.wm.WindowManagerService.relayoutWindow:3098 com.android.server.wm.Session.relayout:218 android.view.IWindowSession$Stub.onTransact:286 com.android.server.wm.Session.onTransact:139 
01-01 00:10:37.076   718  1780 D WindowManager: Input focus has changed to Window{c79f05a u0 movement.health.csc.healthmovement/movement.health.csc.healthmovement.activity.StartExercisingActivity}
01-01 00:10:37.165   718  2360 D ConnectivityService: getActiveNetworkInfo networkInfo = null
01-01 00:10:37.210   718  2359 V WindowManager: finishDrawingLocked: mDrawState=COMMIT_DRAW_PENDING Window{c79f05a u0 movement.health.csc.healthmovement/movement.health.csc.healthmovement.activity.StartExercisingActivity} in Surface(name=movement.health.csc.healthmovement/movement.health.csc.healthmovement.activity.StartExercisingActivity)
01-01 00:10:37.216   718  2282 D PowerManagerNotifier: onWakeLockReleased: flags=1, tag="*launch*", packageName=android, ownerUid=1000, ownerPid=718, workSource=WorkSource{10089}
01-01 00:10:37.220   718  2282 D AMEventHook: onEvent: AM_EndOfActivityIdle
01-01 00:10:37.227   718   938 V WindowManager: Looking for focus: 7 = Window{776856c u0 StatusBar}, flags=-2122055608, canReceive=false
01-01 00:10:37.227   718   938 V WindowManager: findFocusedWindow: Found new focus @ 4 = Window{c79f05a u0 movement.health.csc.healthmovement/movement.health.csc.healthmovement.activity.StartExercisingActivity}
01-01 00:10:37.229   718   938 D WindowManager: notifyActivityDrawnForKeyguard: waiting=false Callers=com.android.server.wm.WindowSurfacePlacer.handleAppTransitionReadyLocked:1227 com.android.server.wm.WindowSurfacePlacer.performSurfacePlacementInner:337 com.android.server.wm.WindowSurfacePlacer.performSurfacePlacementLoop:235 com.android.server.wm.WindowSurfacePlacer.performSurfacePlacement:183 com.android.server.wm.WindowManagerService$H.handleMessage:8393 
01-01 00:10:37.261   718  2283 V WindowManager: Looking for focus: 7 = Window{776856c u0 StatusBar}, flags=-2122055608, canReceive=false
01-01 00:10:37.262   718  2283 V WindowManager: findFocusedWindow: Found new focus @ 4 = Window{c79f05a u0 movement.health.csc.healthmovement/movement.health.csc.healthmovement.activity.StartExercisingActivity}
01-01 00:10:37.601  4792  4792 D ActivityThread: ENTER_ANIMATION_COMPLETE handled : 0 / android.os.BinderProxy@68d95b5
01-01 00:10:37.606   718   938 V WindowManager: Looking for focus: 7 = Window{776856c u0 StatusBar}, flags=-2122055608, canReceive=false
01-01 00:10:37.607   718   938 V WindowManager: findFocusedWindow: Found new focus @ 4 = Window{c79f05a u0 movement.health.csc.healthmovement/movement.health.csc.healthmovement.activity.StartExercisingActivity}
01-01 00:10:37.616   718   938 D AMEventHook: onEvent: AM_WindowsVisible
01-01 00:10:37.619   718   929 V WindowManager: setAppVisibility(Token{bf8f5 ActivityRecord{dc6c62c u0 movement.health.csc.healthmovement/.activity.MainActivity t9}}, visible=false): mNextAppTransition=TRANSIT_UNSET hidden=true hiddenRequested=true Callers=com.android.server.am.ActivityStack.stopActivityLocked:3507 com.android.server.am.ActivityStackSupervisor.activityIdleInternalLocked:1720 com.android.server.am.ActivityStackSupervisor$ActivityStackSupervisorHandler.activityIdleInternal:3904 com.android.server.am.ActivityStackSupervisor$ActivityStackSupervisorHandler.handleMessage:3943 android.os.Handler.dispatchMessage:110 android.os.Looper.loop:203 
01-01 00:10:37.626  4792  4792 D ActivityThread: ACT-AM_ON_STOP_CALLED ActivityRecord{e22c15d token=android.os.BinderProxy@6a4dad2 {movement.health.csc.healthmovement/movement.health.csc.healthmovement.activity.MainActivity}} reason:handleStopActivity
01-01 00:10:37.631  4792  4792 D ActivityThread: STOP_ACTIVITY_HIDE handled : 0 / com.android.internal.os.SomeArgs@6b3d89f
01-01 00:10:37.639   718  2051 D AMEventHook: onEvent: AM_AfterActivityStopped
01-01 00:10:37.640   718  2051 I WindowManager: Destroying surface Surface(name=movement.health.csc.healthmovement/movement.health.csc.healthmovement.activity.MainActivity) called by com.android.server.wm.WindowStateAnimator.destroySurface:2135 com.android.server.wm.WindowStateAnimator.destroySurfaceLocked:947 com.android.server.wm.WindowState.destroyOrSaveSurface:2076 com.android.server.wm.AppWindowToken.destroySurfaces:363 com.android.server.wm.AppWindowToken.notifyAppStopped:389 com.android.server.wm.WindowManagerService.notifyAppStopped:4708 com.android.server.am.ActivityStack.activityStoppedLocked:1346 com.android.server.am.ActivityManagerService.activityStopped:7441 
01-01 00:10:38.240   718  2360 V ActivityManager: Broadcast: Intent { act=set_force_touch_blur_bg flg=0x10 (has extras) } ordered=false userid=0 callerApp=ProcessRecord{994f07a 1806:com.android.systemui/u0a18}
01-01 00:10:38.278   718  2360 D AMEventHook: onEvent: AM_EndOfErrorDumpThread
01-01 00:10:38.282   718  2360 D AMEventHook: onEvent: AM_BeforeSendBroadcast
01-01 00:10:38.283   718   929 V BroadcastQueue: BDC-Processing parallel broadcast [background] BroadcastRecord{e27ea47 u0 set_force_touch_blur_bg}, 2 receivers
01-01 00:10:38.283   718  2360 D StrictMode: Wrote violation #2 of 5: 11332 bytes
01-01 00:10:38.283   718   929 D BroadcastQueue: BDC-Delivering broadcast: Intent { act=set_force_touch_blur_bg flg=0x10 (has extras) }, queue=background, ordered=false, filter=BroadcastFilter{bf5c2c5 u-1 ReceiverList{495553c 1806 com.android.systemui/10018/u-1 remote:fc5b2f}}, broadcastRecord=BroadcastRecord{e27ea47 u0 set_force_touch_blur_bg}, receiver=null, #0
01-01 00:10:38.284   718  2360 D StrictMode: Wrote violation #3 of 5: 14788 bytes
01-01 00:10:38.284   718  2360 D StrictMode: Wrote violation #4 of 5: 18608 bytes
01-01 00:10:38.285   718   929 D BroadcastQueue: BDC-Delivering broadcast: Intent { act=set_force_touch_blur_bg flg=0x10 (has extras) }, queue=background, ordered=false, filter=BroadcastFilter{ef1466a u0 ReceiverList{be5bc55 3340 system/10039/u0 remote:169fb0c}}, broadcastRecord=BroadcastRecord{e27ea47 u0 set_force_touch_blur_bg}, receiver=null, #1
01-01 00:10:38.286   718   929 D BroadcastQueue: Non-ordered [background] BroadcastRecord{e27ea47 u0 set_force_touch_blur_bg}, 2 receivers, Total: 3, Waiting: 1, Processing: 2
01-01 00:10:38.287   718   718 V ActivityManager: Broadcast: Intent { act=android.intent.action.DROPBOX_ENTRY_ADDED flg=0x10 (has extras) } ordered=false userid=0 callerApp=ProcessRecord{f1c58f3 718:system/1000}
01-01 00:10:38.287   718   718 D AMEventHook: onEvent: AM_BeforeSendBroadcast
01-01 00:10:38.289  3340  3340 D ActivityThread: BDC-Calling onReceive: intent=Intent { act=set_force_touch_blur_bg flg=0x10 (has extras) }, ordered=false, receiver=com.hskj.hometest.Launcher$1@cd3d9b3, IIntentReceiver=168633a
01-01 00:10:38.296  1806  1806 D ActivityThread: BDC-Calling onReceive: intent=Intent { act=set_force_touch_blur_bg flg=0x10 (has extras) }, ordered=false, receiver=com.android.systemui.statusbar.phone.PhoneStatusBar$18@3fe4e4c, IIntentReceiver=d269330
01-01 00:10:38.517   718  2360 V ActivityManager: Broadcast: Intent { act=Show_the_number_of_unread_messages flg=0x10 (has extras) } ordered=false userid=0 callerApp=ProcessRecord{994f07a 1806:com.android.systemui/u0a18}
01-01 00:10:38.553   718  2360 D AMEventHook: onEvent: AM_EndOfErrorDumpThread
01-01 00:10:38.559   718  2360 D AMEventHook: onEvent: AM_BeforeSendBroadcast
01-01 00:10:38.561   718   929 V BroadcastQueue: BDC-Processing parallel broadcast [background] BroadcastRecord{da1db3f u0 Show_the_number_of_unread_messages}, 2 receivers
01-01 00:10:38.561   718   929 D BroadcastQueue: BDC-Delivering broadcast: Intent { act=Show_the_number_of_unread_messages flg=0x10 (has extras) }, queue=background, ordered=false, filter=BroadcastFilter{61af7b2 u0 ReceiverList{21dc5bd 1806 com.android.systemui/10018/u0 remote:2502914}}, broadcastRecord=BroadcastRecord{da1db3f u0 Show_the_number_of_unread_messages}, receiver=null, #0
01-01 00:10:38.562   718  2360 D StrictMode: Wrote violation #2 of 5: 10976 bytes
01-01 00:10:38.562   718  2360 D StrictMode: Wrote violation #3 of 5: 14796 bytes
01-01 00:10:38.563   718   929 D BroadcastQueue: BDC-Delivering broadcast: Intent { act=Show_the_number_of_unread_messages flg=0x10 (has extras) }, queue=background, ordered=false, filter=BroadcastFilter{a43f280 u0 ReceiverList{761d303 3340 system/10039/u0 remote:9eea7b2}}, broadcastRecord=BroadcastRecord{da1db3f u0 Show_the_number_of_unread_messages}, receiver=null, #1
01-01 00:10:38.563   718  2360 D StrictMode: Wrote violation #4 of 5: 18616 bytes
01-01 00:10:38.563   718   929 D BroadcastQueue: Non-ordered [background] BroadcastRecord{da1db3f u0 Show_the_number_of_unread_messages}, 2 receivers, Total: 4, Waiting: 2, Processing: 2
01-01 00:10:38.565  3340  3340 D ActivityThread: BDC-Calling onReceive: intent=Intent { act=Show_the_number_of_unread_messages flg=0x10 (has extras) }, ordered=false, receiver=com.hskj.hometest.Workspace$6@23af4e8, IIntentReceiver=90e0fef
01-01 00:10:38.566  1806  1806 D ActivityThread: BDC-Calling onReceive: intent=Intent { act=Show_the_number_of_unread_messages flg=0x10 (has extras) }, ordered=false, receiver=com.android.systemui.statusbar.phone.PanelHolder$MsgReceiver@3a3bbbf, IIntentReceiver=dcf4ce2
01-01 00:10:38.568   718   718 V ActivityManager: Broadcast: Intent { act=android.intent.action.DROPBOX_ENTRY_ADDED flg=0x10 (has extras) } ordered=false userid=0 callerApp=ProcessRecord{f1c58f3 718:system/1000}
01-01 00:10:38.568   718   718 D AMEventHook: onEvent: AM_BeforeSendBroadcast
01-01 00:10:39.697   311   904 D FrameworkListener: dispatchCommand data = (getaddrinfo umengjmacs.m.taobao.com ^ 1024 0 1 0 0)
01-01 00:10:39.725   311   904 D FrameworkListener: dispatchCommand data = (getaddrinfo umengjmacs.m.taobao.com ^ 0 0 0 0 0)
01-01 00:10:39.777   718   923 D ConnectivityService: getActiveNetworkInfo networkInfo = null
01-01 00:10:39.983   718  1780 V ActivityManager: Broadcast sticky: Intent { act=android.intent.action.SIG_STR flg=0x20000010 (has extras) } ordered=false userid=-1 callerApp=ProcessRecord{f1c58f3 718:system/1000}
01-01 00:10:39.984   718  1780 D AMEventHook: onEvent: AM_BeforeSendBroadcast
01-01 00:10:40.879   718  1140 D AlarmManager: set alarm to RTC 1027645
01-01 00:10:40.880   718  1140 V AlarmManager: dataShapingManager is null
01-01 00:10:40.880   718  1140 V AlarmManager: openLteGateSuccess = false
01-01 00:10:40.881   718  1140 D AlarmManager: wakeup alarm = Alarm{71bc0c type 2 when 907999 android}; listener package = WifiConnectivityManager Schedule Periodic Scan TimerneedGrouping = false
01-01 00:10:40.906   718  1140 D PowerManagerNotifier: onWakeLockAcquired: flags=1, tag="*alarm*", packageName=android, ownerUid=1000, ownerPid=718, workSource=WorkSource{1000}
01-01 00:10:40.964   718  1739 V AlarmManager: APP set with listener(WifiConnectivityManager Schedule Periodic Scan Timer) : type=2 triggerAtTime=928078 win=-1 tElapsed=928078 maxElapsed=943078 interval=0 flags=0x8
01-01 00:10:40.965   718  1739 D AlarmManager:  whichBatch = -1
01-01 00:10:40.965   718  1739 D AlarmManager: set alarm to RTC 928078
01-01 00:10:40.967   718  1739 D PowerManagerNotifier: onWakeLockReleased: flags=1, tag="*alarm*", packageName=android, ownerUid=1000, ownerPid=718, workSource=WorkSource{1000}
01-01 00:10:40.972   718  1741 V AlarmManager: APP set with listener(SupplicantWifiScannerImpl Scan Timeout) : type=2 triggerAtTime=923091 win=-1 tElapsed=923091 maxElapsed=934340 interval=0 flags=0x8
01-01 00:10:40.981   718  1741 D AlarmManager:  whichBatch = -1
01-01 00:10:40.981   718  1741 D AlarmManager: set alarm to RTC 923091
01-01 00:10:40.989   718  1739 V ActivityManager: Broadcast sticky: Intent { act=android.net.wifi.STATE_CHANGE flg=0x4000010 (has extras) } ordered=false userid=-1 callerApp=ProcessRecord{f1c58f3 718:system/1000}
01-01 00:10:40.991   718  1739 D AMEventHook: onEvent: AM_BeforeSendBroadcast
01-01 00:10:40.998   718   929 V BroadcastQueue: BDC-Processing parallel broadcast [background] BroadcastRecord{5396f6a u-1 android.net.wifi.STATE_CHANGE}, 7 receivers
01-01 00:10:40.998   718   929 D BroadcastQueue: BDC-Delivering broadcast: Intent { act=android.net.wifi.STATE_CHANGE flg=0x4000010 (has extras) }, queue=background, ordered=false, filter=BroadcastFilter{db81eec u0 ReceiverList{b0a7d9f 718 system/1000/u0 local:2d32b3e}}, broadcastRecord=BroadcastRecord{5396f6a u-1 android.net.wifi.STATE_CHANGE}, receiver=null, #0
01-01 00:10:40.998   718   929 D BroadcastQueue: BDC-Delivering broadcast: Intent { act=android.net.wifi.STATE_CHANGE flg=0x4000010 (has extras) }, queue=background, ordered=false, filter=BroadcastFilter{801a14 u0 ReceiverList{7664c67 718 system/1000/u0 local:8655826}}, broadcastRecord=BroadcastRecord{5396f6a u-1 android.net.wifi.STATE_CHANGE}, receiver=null, #1
01-01 00:10:40.999   718   929 D BroadcastQueue: BDC-Delivering broadcast: Intent { act=android.net.wifi.STATE_CHANGE flg=0x4000010 (has extras) }, queue=background, ordered=false, filter=BroadcastFilter{a28ca62 u0 ReceiverList{d29752d 718 system/1000/u0 local:fe83044}}, broadcastRecord=BroadcastRecord{5396f6a u-1 android.net.wifi.STATE_CHANGE}, receiver=null, #2
01-01 00:10:40.999   718   929 D BroadcastQueue: BDC-Delivering broadcast: Intent { act=android.net.wifi.STATE_CHANGE flg=0x4000010 (has extras) }, queue=background, ordered=false, filter=BroadcastFilter{eac9e94 u0 ReceiverList{d1812e7 718 system/1000/u0 local:b4028a6}}, broadcastRecord=BroadcastRecord{5396f6a u-1 android.net.wifi.STATE_CHANGE}, receiver=null, #3
01-01 00:10:40.999   718   929 D BroadcastQueue: BDC-Delivering broadcast: Intent { act=android.net.wifi.STATE_CHANGE flg=0x4000010 (has extras) }, queue=background, ordered=false, filter=BroadcastFilter{66c2314 u0 ReceiverList{ac8d967 718 system/1000/u0 local:ab5f926}}, broadcastRecord=BroadcastRecord{5396f6a u-1 android.net.wifi.STATE_CHANGE}, receiver=null, #4
01-01 00:10:41.000   718   718 D ActivityThread: BDC-Calling onReceive: intent=Intent { act=android.net.wifi.STATE_CHANGE flg=0x4000010 (has extras) }, ordered=false, receiver=com.android.server.wifi.WifiTrafficPoller$1@6479ff9, IIntentReceiver=2d32b3e
01-01 00:10:41.001   718   718 D ActivityThread: BDC-Calling onReceive: intent=Intent { act=android.net.wifi.STATE_CHANGE flg=0x4000010 (has extras) }, ordered=false, receiver=com.android.server.wifi.WifiNotificationController$1@bd44f81, IIntentReceiver=8655826
01-01 00:10:41.001   718   718 D ActivityThread: BDC-Calling onReceive: intent=Intent { act=android.net.wifi.STATE_CHANGE flg=0x4000010 (has extras) }, ordered=false, receiver=com.android.server.wifi.WifiController$1@851d57, IIntentReceiver=fe83044
01-01 00:10:41.002   718   718 D ActivityThread: BDC-Calling onReceive: intent=Intent { act=android.net.wifi.STATE_CHANGE flg=0x4000010 (has extras) }, ordered=false, receiver=com.android.server.wifi.WifiServiceImpl$1@60e1201, IIntentReceiver=b4028a6
01-01 00:10:41.002   718   718 D WifiService: onReceive, action:android.net.wifi.STATE_CHANGE
01-01 00:10:41.003   718   929 D BroadcastQueue: BDC-Delivering broadcast: Intent { act=android.net.wifi.STATE_CHANGE flg=0x4000010 (has extras) }, queue=background, ordered=false, filter=BroadcastFilter{198ad25 u0 ReceiverList{a61ed1c 1806 com.android.systemui/10018/u0 remote:afee68f}}, broadcastRecord=BroadcastRecord{5396f6a u-1 android.net.wifi.STATE_CHANGE}, receiver=null, #5
01-01 00:10:41.003   718  1736 D ActivityThread: BDC-Calling onReceive: intent=Intent { act=android.net.wifi.STATE_CHANGE flg=0x4000010 (has extras) }, ordered=false, receiver=com.android.server.net.NetworkPolicyManagerService$12@26ed481, IIntentReceiver=ab5f926
01-01 00:10:41.008   718   929 D BroadcastQueue: BDC-Delivering broadcast: Intent { act=android.net.wifi.STATE_CHANGE flg=0x4000010 (has extras) }, queue=background, ordered=false, filter=BroadcastFilter{5d32ab1 u0 ReceiverList{8e0f958 2007 com.android.phone/1001/u0 remote:2b5ce3b}}, broadcastRecord=BroadcastRecord{5396f6a u-1 android.net.wifi.STATE_CHANGE}, receiver=null, #6
01-01 00:10:41.014  1806  2121 D ActivityThread: BDC-Calling onReceive: intent=Intent { act=android.net.wifi.STATE_CHANGE flg=0x4000010 (has extras) }, ordered=false, receiver=com.android.systemui.statusbar.policy.NetworkControllerImpl@4202dd1, IIntentReceiver=1a949c2
01-01 00:10:41.018   718   929 D BroadcastQueue: Non-ordered [background] BroadcastRecord{5396f6a u-1 android.net.wifi.STATE_CHANGE}, 7 receivers, Total: 25, Waiting: 5, Processing: 20
01-01 00:10:41.019  2007  2007 D ActivityThread: BDC-Calling onReceive: intent=Intent { act=android.net.wifi.STATE_CHANGE flg=0x4000010 (has extras) }, ordered=false, receiver=com.android.internal.telephony.dataconnection.DcTracker$1@8dad278, IIntentReceiver=dbf1699
01-01 00:10:41.019   718  1739 V ActivityManager: Broadcast sticky: Intent { act=android.net.wifi.supplicant.STATE_CHANGE flg=0x24000010 (has extras) } ordered=false userid=-1 callerApp=ProcessRecord{f1c58f3 718:system/1000}
01-01 00:10:41.020   718  1739 D AMEventHook: onEvent: AM_BeforeSendBroadcast
01-01 00:10:41.864   311   901 D NetlinkEvent: clear RA flag done
01-01 00:10:41.865   718  1734 D NetdConnector: RCV <- {600 Iface linkstate wlan0 down}
01-01 00:10:41.873   718   936 D NetworkManagement: onEvent:600 Iface linkstate wlan0 down:5
01-01 00:10:41.883   311   901 D SocketClient: SocketClient sendData done: 600 Iface linkstate wlan0 down
01-01 00:10:41.916   718  1741 D AlarmManager: manual remove option = null
01-01 00:10:41.916   718  1741 D AlarmManager: remove(operation) changed bounds; rebatching operation = null
01-01 00:10:41.916   718  1741 D AlarmManager:  whichBatch = -1
01-01 00:10:41.916   718  1741 D AlarmManager:  whichBatch = -1
01-01 00:10:41.916   718  1741 D AlarmManager:  whichBatch = -1
01-01 00:10:41.916   718  1741 D AlarmManager:  whichBatch = -1
01-01 00:10:41.917   718  1741 D AlarmManager:  whichBatch = -1
01-01 00:10:41.917   718  1741 D AlarmManager:  whichBatch = -1
01-01 00:10:41.917   718  1741 D AlarmManager:  whichBatch = -1
01-01 00:10:41.917   718  1741 D AlarmManager:  whichBatch = -1
01-01 00:10:41.917   718  1741 D AlarmManager:  whichBatch = -1
01-01 00:10:41.917   718  1741 D AlarmManager:  whichBatch = -1
01-01 00:10:41.917   718  1741 D AlarmManager:  whichBatch = -1
01-01 00:10:41.917   718  1741 D AlarmManager:  whichBatch = -1
01-01 00:10:41.918   718  1741 D AlarmManager:  whichBatch = -1
01-01 00:10:41.918   718  1741 D AlarmManager:  whichBatch = -1
01-01 00:10:41.918   718  1741 D AlarmManager:  whichBatch = -1
01-01 00:10:41.918   718  1741 D AlarmManager:  whichBatch = -1
01-01 00:10:41.918   718  1741 D AlarmManager:  whichBatch = -1
01-01 00:10:41.918   718  1741 D AlarmManager:  whichBatch = -1
01-01 00:10:41.919   718  1741 D AlarmManager: set alarm to RTC 928078
01-01 00:10:41.982   718  1739 V ActivityManager: Broadcast sticky: Intent { act=android.net.wifi.STATE_CHANGE flg=0x4000010 (has extras) } ordered=false userid=-1 callerApp=ProcessRecord{f1c58f3 718:system/1000}
01-01 00:10:41.983   718  1739 D AMEventHook: onEvent: AM_BeforeSendBroadcast
01-01 00:10:41.985   718   929 V BroadcastQueue: BDC-Processing parallel broadcast [background] BroadcastRecord{359f337 u-1 android.net.wifi.STATE_CHANGE}, 7 receivers
01-01 00:10:41.986   718   929 D BroadcastQueue: BDC-Delivering broadcast: Intent { act=android.net.wifi.STATE_CHANGE flg=0x4000010 (has extras) }, queue=background, ordered=false, filter=BroadcastFilter{db81eec u0 ReceiverList{b0a7d9f 718 system/1000/u0 local:2d32b3e}}, broadcastRecord=BroadcastRecord{359f337 u-1 android.net.wifi.STATE_CHANGE}, receiver=null, #0
01-01 00:10:41.986   718   929 D BroadcastQueue: BDC-Delivering broadcast: Intent { act=android.net.wifi.STATE_CHANGE flg=0x4000010 (has extras) }, queue=background, ordered=false, filter=BroadcastFilter{801a14 u0 ReceiverList{7664c67 718 system/1000/u0 local:8655826}}, broadcastRecord=BroadcastRecord{359f337 u-1 android.net.wifi.STATE_CHANGE}, receiver=null, #1
01-01 00:10:41.987   718   929 D BroadcastQueue: BDC-Delivering broadcast: Intent { act=android.net.wifi.STATE_CHANGE flg=0x4000010 (has extras) }, queue=background, ordered=false, filter=BroadcastFilter{a28ca62 u0 ReceiverList{d29752d 718 system/1000/u0 local:fe83044}}, broadcastRecord=BroadcastRecord{359f337 u-1 android.net.wifi.STATE_CHANGE}, receiver=null, #2
01-01 00:10:41.987   718   718 D ActivityThread: BDC-Calling onReceive: intent=Intent { act=android.net.wifi.STATE_CHANGE flg=0x4000010 (has extras) }, ordered=false, receiver=com.android.server.wifi.WifiTrafficPoller$1@6479ff9, IIntentReceiver=2d32b3e
01-01 00:10:41.987   718   929 D BroadcastQueue: BDC-Delivering broadcast: Intent { act=android.net.wifi.STATE_CHANGE flg=0x4000010 (has extras) }, queue=background, ordered=false, filter=BroadcastFilter{eac9e94 u0 ReceiverList{d1812e7 718 system/1000/u0 local:b4028a6}}, broadcastRecord=BroadcastRecord{359f337 u-1 android.net.wifi.STATE_CHANGE}, receiver=null, #3
01-01 00:10:41.988   718   929 D BroadcastQueue: BDC-Delivering broadcast: Intent { act=android.net.wifi.STATE_CHANGE flg=0x4000010 (has extras) }, queue=background, ordered=false, filter=BroadcastFilter{66c2314 u0 ReceiverList{ac8d967 718 system/1000/u0 local:ab5f926}}, broadcastRecord=BroadcastRecord{359f337 u-1 android.net.wifi.STATE_CHANGE}, receiver=null, #4
01-01 00:10:41.988   718   718 D ActivityThread: BDC-Calling onReceive: intent=Intent { act=android.net.wifi.STATE_CHANGE flg=0x4000010 (has extras) }, ordered=false, receiver=com.android.server.wifi.WifiNotificationController$1@bd44f81, IIntentReceiver=8655826
01-01 00:10:41.988   718   929 D BroadcastQueue: BDC-Delivering broadcast: Intent { act=android.net.wifi.STATE_CHANGE flg=0x4000010 (has extras) }, queue=background, ordered=false, filter=BroadcastFilter{198ad25 u0 ReceiverList{a61ed1c 1806 com.android.systemui/10018/u0 remote:afee68f}}, broadcastRecord=BroadcastRecord{359f337 u-1 android.net.wifi.STATE_CHANGE}, receiver=null, #5
01-01 00:10:41.988   718   718 D ActivityThread: BDC-Calling onReceive: intent=Intent { act=android.net.wifi.STATE_CHANGE flg=0x4000010 (has extras) }, ordered=false, receiver=com.android.server.wifi.WifiController$1@851d57, IIntentReceiver=fe83044
01-01 00:10:41.988   718  1736 D ActivityThread: BDC-Calling onReceive: intent=Intent { act=android.net.wifi.STATE_CHANGE flg=0x4000010 (has extras) }, ordered=false, receiver=com.android.server.net.NetworkPolicyManagerService$12@26ed481, IIntentReceiver=ab5f926
01-01 00:10:41.989   718   929 D BroadcastQueue: BDC-Delivering broadcast: Intent { act=android.net.wifi.STATE_CHANGE flg=0x4000010 (has extras) }, queue=background, ordered=false, filter=BroadcastFilter{5d32ab1 u0 ReceiverList{8e0f958 2007 com.android.phone/1001/u0 remote:2b5ce3b}}, broadcastRecord=BroadcastRecord{359f337 u-1 android.net.wifi.STATE_CHANGE}, receiver=null, #6
01-01 00:10:41.992  1806  2121 D ActivityThread: BDC-Calling onReceive: intent=Intent { act=android.net.wifi.STATE_CHANGE flg=0x4000010 (has extras) }, ordered=false, receiver=com.android.systemui.statusbar.policy.NetworkControllerImpl@4202dd1, IIntentReceiver=1a949c2
01-01 00:10:41.993  2007  2007 D ActivityThread: BDC-Calling onReceive: intent=Intent { act=android.net.wifi.STATE_CHANGE flg=0x4000010 (has extras) }, ordered=false, receiver=com.android.internal.telephony.dataconnection.DcTracker$1@8dad278, IIntentReceiver=dbf1699
01-01 00:10:41.991   718   929 D BroadcastQueue: Non-ordered [background] BroadcastRecord{359f337 u-1 android.net.wifi.STATE_CHANGE}, 7 receivers, Total: 8, Waiting: 2, Processing: 6
01-01 00:10:41.994   718  1739 V ActivityManager: Broadcast sticky: Intent { act=android.net.wifi.supplicant.STATE_CHANGE flg=0x24000010 (has extras) } ordered=false userid=-1 callerApp=ProcessRecord{f1c58f3 718:system/1000}
01-01 00:10:41.995   718  1739 D AMEventHook: onEvent: AM_BeforeSendBroadcast
01-01 00:10:41.996   718   718 D ActivityThread: BDC-Calling onReceive: intent=Intent { act=android.net.wifi.STATE_CHANGE flg=0x4000010 (has extras) }, ordered=false, receiver=com.android.server.wifi.WifiServiceImpl$1@60e1201, IIntentReceiver=b4028a6
01-01 00:10:41.996   718   718 D WifiService: onReceive, action:android.net.wifi.STATE_CHANGE
01-01 00:10:44.793   718  1780 D ConnectivityService: getActiveNetworkInfo networkInfo = null
01-01 00:10:44.812   311   904 D FrameworkListener: dispatchCommand data = (getaddrinfo umengjmacs.m.taobao.com ^ 1024 0 1 0 0)
01-01 00:10:45.107   718   923 V ActivityManager: Broadcast sticky: Intent { act=android.intent.action.SIG_STR flg=0x20000010 (has extras) } ordered=false userid=-1 callerApp=ProcessRecord{f1c58f3 718:system/1000}
01-01 00:10:45.107   718   923 D AMEventHook: onEvent: AM_BeforeSendBroadcast
01-01 00:10:45.344   311   904 D FrameworkListener: dispatchCommand data = (getaddrinfo umengjmacs.m.taobao.com ^ 0 0 0 0 0)
01-01 00:10:45.398   718   923 D ConnectivityService: getActiveNetworkInfo networkInfo = null
01-01 00:10:45.406   718  2359 V AlarmManager: APP set(PendingIntent{e885e09: PendingIntentRecord{52be59f com.gangyun.makeup broadcastIntent}}) : type=0 triggerAtTime=1420071315403 win=-1 tElapsed=1182523 maxElapsed=1385022 interval=0 flags=0x0
01-01 00:10:45.415   718  2359 D AlarmManager: remove(operation) changed bounds; rebatching operation = PendingIntent{e885e09: PendingIntentRecord{52be59f com.gangyun.makeup broadcastIntent}}
01-01 00:10:45.415   718  2359 D AlarmManager:  whichBatch = -1
01-01 00:10:45.416   718  2359 D AlarmManager:  whichBatch = -1
01-01 00:10:45.416   718  2359 D AlarmManager:  whichBatch = -1
01-01 00:10:45.416   718  2359 D AlarmManager:  whichBatch = -1
01-01 00:10:45.416   718  2359 D AlarmManager:  whichBatch = -1
01-01 00:10:45.416   718  2359 D AlarmManager:  whichBatch = -1
01-01 00:10:45.416   718  2359 D AlarmManager:  whichBatch = -1
01-01 00:10:45.416   718  2359 D AlarmManager:  whichBatch = -1
01-01 00:10:45.417   718  2359 D AlarmManager:  whichBatch = -1
01-01 00:10:45.417   718  2359 D AlarmManager:  whichBatch = -1
01-01 00:10:45.417   718  2359 D AlarmManager:  whichBatch = -1
01-01 00:10:45.417   718  2359 D AlarmManager:  whichBatch = -1
01-01 00:10:45.417   718  2359 D AlarmManager:  whichBatch = -1
01-01 00:10:45.417   718  2359 D AlarmManager:  whichBatch = -1
01-01 00:10:45.417   718  2359 D AlarmManager:  whichBatch = -1
01-01 00:10:45.418   718  2359 D AlarmManager:  whichBatch = -1
01-01 00:10:45.418   718  2359 D AlarmManager:  whichBatch = -1
01-01 00:10:45.418   718  2359 D AlarmManager:  whichBatch = -1
01-01 00:10:46.059   718   718 V ActivityManager: Broadcast sticky: Intent { act=android.intent.action.BATTERY_CHANGED flg=0x60000010 (has extras) } ordered=false userid=-1 callerApp=null
01-01 00:10:46.059   718   718 D AMEventHook: onEvent: AM_BeforeSendBroadcast
01-01 00:10:46.066   718   929 V BroadcastQueue: BDC-Processing parallel broadcast [background] BroadcastRecord{60e122f u-1 android.intent.action.BATTERY_CHANGED}, 16 receivers
01-01 00:10:46.072   718   929 D BroadcastQueue: BDC-Delivering broadcast: Intent { act=android.intent.action.BATTERY_CHANGED flg=0x60000010 (has extras) }, queue=background, ordered=false, filter=BroadcastFilter{77752bb u0 ReceiverList{a9ff34a 718 system/1000/u0 local:e6190b5}}, broadcastRecord=BroadcastRecord{60e122f u-1 android.intent.action.BATTERY_CHANGED}, receiver=null, #0
01-01 00:10:46.073   718   929 D BroadcastQueue: BDC-Delivering broadcast: Intent { act=android.intent.action.BATTERY_CHANGED flg=0x60000010 (has extras) }, queue=background, ordered=false, filter=BroadcastFilter{12019f8 u0 ReceiverList{a308d5b 718 system/1000/u0 local:424f46a}}, broadcastRecord=BroadcastRecord{60e122f u-1 android.intent.action.BATTERY_CHANGED}, receiver=null, #1
01-01 00:10:46.073   718   929 D BroadcastQueue: BDC-Delivering broadcast: Intent { act=android.intent.action.BATTERY_CHANGED flg=0x60000010 (has extras) }, queue=background, ordered=false, filter=BroadcastFilter{46b85fc u0 ReceiverList{9fdd6ef 718 system/1000/u0 local:6a1d7ce}}, broadcastRecord=BroadcastRecord{60e122f u-1 android.intent.action.BATTERY_CHANGED}, receiver=null, #2
01-01 00:10:46.073   718   929 D BroadcastQueue: BDC-Delivering broadcast: Intent { act=android.intent.action.BATTERY_CHANGED flg=0x60000010 (has extras) }, queue=background, ordered=false, filter=BroadcastFilter{d195464 u0 ReceiverList{c31bdf7 718 system/1000/u0 local:ef855f6}}, broadcastRecord=BroadcastRecord{60e122f u-1 android.intent.action.BATTERY_CHANGED}, receiver=null, #3
01-01 00:10:46.074   718   929 D BroadcastQueue: BDC-Delivering broadcast: Intent { act=android.intent.action.BATTERY_CHANGED flg=0x60000010 (has extras) }, queue=background, ordered=false, filter=BroadcastFilter{eac9e94 u0 ReceiverList{d1812e7 718 system/1000/u0 local:b4028a6}}, broadcastRecord=BroadcastRecord{60e122f u-1 android.intent.action.BATTERY_CHANGED}, receiver=null, #4
01-01 00:10:46.074   718   929 D BroadcastQueue: BDC-Delivering broadcast: Intent { act=android.intent.action.BATTERY_CHANGED flg=0x60000010 (has extras) }, queue=background, ordered=false, filter=BroadcastFilter{2e51dcd u0 ReceiverList{25c9764 1806 com.android.systemui/10018/u0 remote:93c2cf7}}, broadcastRecord=BroadcastRecord{60e122f u-1 android.intent.action.BATTERY_CHANGED}, receiver=null, #5
01-01 00:10:46.075   718   941 D ActivityThread: BDC-Calling onReceive: intent=Intent { act=android.intent.action.BATTERY_CHANGED flg=0x60000010 (has extras) }, ordered=false, receiver=com.android.server.power.PowerManagerService$BatteryReceiver@799013e, IIntentReceiver=e6190b5
01-01 00:10:46.077  1806  1806 D ActivityThread: BDC-Calling onReceive: intent=Intent { act=android.intent.action.BATTERY_CHANGED flg=0x60000010 (has extras) }, ordered=false, receiver=com.android.keyguard.KeyguardUpdateMonitor$3@914e028, IIntentReceiver=dddc3df
01-01 00:10:46.078   718   929 D BroadcastQueue: BDC-Delivering broadcast: Intent { act=android.intent.action.BATTERY_CHANGED flg=0x60000010 (has extras) }, queue=background, ordered=false, filter=BroadcastFilter{a794516 u0 ReceiverList{1a11a31 1806 com.android.systemui/10018/u0 remote:f7af6d8}}, broadcastRecord=BroadcastRecord{60e122f u-1 android.intent.action.BATTERY_CHANGED}, receiver=null, #6
01-01 00:10:46.086   718   718 D ActivityThread: BDC-Calling onReceive: intent=Intent { act=android.intent.action.BATTERY_CHANGED flg=0x60000010 (has extras) }, ordered=false, receiver=com.android.server.policy.USBCurrent$1@8036255, IIntentReceiver=424f46a
01-01 00:10:46.087   718   718 D ActivityThread: BDC-Calling onReceive: intent=Intent { act=android.intent.action.BATTERY_CHANGED flg=0x60000010 (has extras) }, ordered=false, receiver=com.android.server.UiModeManagerService$3@349e4c9, IIntentReceiver=6a1d7ce
01-01 00:10:46.087   718   718 D ActivityThread: BDC-Calling onReceive: intent=Intent { act=android.intent.action.BATTERY_CHANGED flg=0x60000010 (has extras) }, ordered=false, receiver=com.android.server.DeviceIdleController$1@e206291, IIntentReceiver=ef855f6
01-01 00:10:46.088   718   718 D ActivityThread: BDC-Calling onReceive: intent=Intent { act=android.intent.action.BATTERY_CHANGED flg=0x60000010 (has extras) }, ordered=false, receiver=com.android.server.wifi.WifiServiceImpl$1@60e1201, IIntentReceiver=b4028a6
01-01 00:10:46.088   718   718 D WifiService: onReceive, action:android.intent.action.BATTERY_CHANGED
01-01 00:10:46.093  1806  1806 D ActivityThread: BDC-Calling onReceive: intent=Intent { act=android.intent.action.BATTERY_CHANGED flg=0x60000010 (has extras) }, ordered=false, receiver=com.android.systemui.power.PowerUI$Receiver@e2f6532, IIntentReceiver=59764a7
01-01 00:10:46.098   718   929 D BroadcastQueue: BDC-Delivering broadcast: Intent { act=android.intent.action.BATTERY_CHANGED flg=0x60000010 (has extras) }, queue=background, ordered=false, filter=BroadcastFilter{3a465b1 u0 ReceiverList{964058 718 system/1000/u0 local:467d13b}}, broadcastRecord=BroadcastRecord{60e122f u-1 android.intent.action.BATTERY_CHANGED}, receiver=null, #7
01-01 00:10:46.099   718   929 D BroadcastQueue: BDC-Delivering broadcast: Intent { act=android.intent.action.BATTERY_CHANGED flg=0x60000010 (has extras) }, queue=background, ordered=false, filter=BroadcastFilter{f81748d u0 ReceiverList{6d1124 1806 com.android.systemui/10018/u0 remote:13f75b7}}, broadcastRecord=BroadcastRecord{60e122f u-1 android.intent.action.BATTERY_CHANGED}, receiver=null, #8
01-01 00:10:46.102   718   929 D BroadcastQueue: BDC-Delivering broadcast: Intent { act=android.intent.action.BATTERY_CHANGED flg=0x60000010 (has extras) }, queue=background, ordered=false, filter=BroadcastFilter{b1a2906 u0 ReceiverList{ac857e1 2007 com.android.phone/1001/u0 remote:5c6dd48}}, broadcastRecord=BroadcastRecord{60e122f u-1 android.intent.action.BATTERY_CHANGED}, receiver=null, #9
01-01 00:10:46.103  1806  1806 D ActivityThread: BDC-Calling onReceive: intent=Intent { act=android.intent.action.BATTERY_CHANGED flg=0x60000010 (has extras) }, ordered=false, receiver=com.android.systemui.statusbar.policy.BatteryControllerImpl@676d155, IIntentReceiver=376dadc
01-01 00:10:46.112  2007  2007 D ActivityThread: BDC-Calling onReceive: intent=Intent { act=android.intent.action.BATTERY_CHANGED flg=0x60000010 (has extras) }, ordered=false, receiver=com.mediatek.internal.telephony.dataconnection.FdManager$1@8dddec, IIntentReceiver=e238547
01-01 00:10:46.122   718  1738 D WifiController: DeviceActiveState{ when=-33ms what=155652 arg1=2 target=com.android.internal.util.StateMachine$SmHandler }
01-01 00:10:46.122   718  1738 D WifiController: StaEnabledState{ when=-34ms what=155652 arg1=2 target=com.android.internal.util.StateMachine$SmHandler }
01-01 00:10:46.122   718  1738 D WifiController: DefaultState{ when=-34ms what=155652 arg1=2 target=com.android.internal.util.StateMachine$SmHandler }
01-01 00:10:46.122   718  1738 D WifiController: battery changed pluggedType: 2
01-01 00:10:46.125   718   718 D ActivityThread: BDC-Calling onReceive: intent=Intent { act=android.intent.action.BATTERY_CHANGED flg=0x60000010 (has extras) }, ordered=false, receiver=com.mediatek.lbsutils.LbsUtils$1@4215bca, IIntentReceiver=467d13b
01-01 00:10:46.128   718   929 D BroadcastQueue: BDC-Delivering broadcast: Intent { act=android.intent.action.BATTERY_CHANGED flg=0x60000010 (has extras) }, queue=background, ordered=false, filter=BroadcastFilter{9a68127 u0 ReceiverList{ae667e6 1806 com.android.systemui/10018/u0 remote:3f4c641}}, broadcastRecord=BroadcastRecord{60e122f u-1 android.intent.action.BATTERY_CHANGED}, receiver=null, #10
01-01 00:10:46.131   718   929 D BroadcastQueue: BDC-Delivering broadcast: Intent { act=android.intent.action.BATTERY_CHANGED flg=0x60000010 (has extras) }, queue=background, ordered=false, filter=BroadcastFilter{56cc0cd u0 ReceiverList{f80e664 1806 com.android.systemui/10018/u0 remote:41457f7}}, broadcastRecord=BroadcastRecord{60e122f u-1 android.intent.action.BATTERY_CHANGED}, receiver=null, #11
01-01 00:10:46.133   718   929 D BroadcastQueue: BDC-Delivering broadcast: Intent { act=android.intent.action.BATTERY_CHANGED flg=0x60000010 (has extras) }, queue=background, ordered=false, filter=BroadcastFilter{74e8a92 u0 ReceiverList{72a581d 1806 com.android.systemui/10018/u0 remote:20408f4}}, broadcastRecord=BroadcastRecord{60e122f u-1 android.intent.action.BATTERY_CHANGED}, receiver=null, #12
01-01 00:10:46.136   718   929 D BroadcastQueue: BDC-Delivering broadcast: Intent { act=android.intent.action.BATTERY_CHANGED flg=0x60000010 (has extras) }, queue=background, ordered=false, filter=BroadcastFilter{67851c7 u0 ReceiverList{7d09706 2482 com.baidu.map.location/10062/u0 remote:3bbbde1}}, broadcastRecord=BroadcastRecord{60e122f u-1 android.intent.action.BATTERY_CHANGED}, receiver=null, #13
01-01 00:10:46.144   718   929 D BroadcastQueue: BDC-Delivering broadcast: Intent { act=android.intent.action.BATTERY_CHANGED flg=0x60000010 (has extras) }, queue=background, ordered=false, filter=BroadcastFilter{7ac5240 u0 ReceiverList{334d9c3 3319 com.gangyun.makeup/10052/u0 remote:c229172}}, broadcastRecord=BroadcastRecord{60e122f u-1 android.intent.action.BATTERY_CHANGED}, receiver=null, #14
01-01 00:10:46.156  3319  3319 D ActivityThread: BDC-Calling onReceive: intent=Intent { act=android.intent.action.BATTERY_CHANGED flg=0x60000010 (has extras) }, ordered=false, receiver=com.yt.uu.d.c.c$1@dc0a1e6, IIntentReceiver=fe4f672
01-01 00:10:46.157  2482  2482 D ActivityThread: BDC-Calling onReceive: intent=Intent { act=android.intent.action.BATTERY_CHANGED flg=0x60000010 (has extras) }, ordered=false, receiver=com.baidu.location.a.a$a@49e1af7, IIntentReceiver=1359c82
01-01 00:10:46.159   718   929 D BroadcastQueue: BDC-Delivering broadcast: Intent { act=android.intent.action.BATTERY_CHANGED flg=0x60000010 (has extras) }, queue=background, ordered=false, filter=BroadcastFilter{2369f0 u0 ReceiverList{b1fc233 2468 android.process.media/10008/u0 remote:81f15a2}}, broadcastRecord=BroadcastRecord{60e122f u-1 android.intent.action.BATTERY_CHANGED}, receiver=null, #15
01-01 00:10:46.161   718   929 D BroadcastQueue: Non-ordered [background] BroadcastRecord{60e122f u-1 android.intent.action.BATTERY_CHANGED}, 16 receivers, Total: 101, Waiting: 7, Processing: 94
01-01 00:10:46.164  2468  2468 D ActivityThread: BDC-Calling onReceive: intent=Intent { act=android.intent.action.BATTERY_CHANGED flg=0x60000010 (has extras) }, ordered=false, receiver=android.mtp.MtpDatabase$1@fde2cfe, IIntentReceiver=e6c1b0a
01-01 00:10:46.176  1806  1806 D ActivityThread: BDC-Calling onReceive: intent=Intent { act=android.intent.action.BATTERY_CHANGED flg=0x60000010 (has extras) }, ordered=false, receiver=com.android.systemui.statusbar.phone.PhoneStatusBar$25@65bebaa, IIntentReceiver=45a896
01-01 00:10:46.179  1806  1806 D ActivityThread: BDC-Calling onReceive: intent=Intent { act=android.intent.action.BATTERY_CHANGED flg=0x60000010 (has extras) }, ordered=false, receiver=com.android.systemui.BatteryMeterView$BatteryTracker@399e4b2, IIntentReceiver=ebc8da9
01-01 00:10:46.180  1806  1806 D ActivityThread: BDC-Calling onReceive: intent=Intent { act=android.intent.action.BATTERY_CHANGED flg=0x60000010 (has extras) }, ordered=false, receiver=com.android.systemui.BatteryMeterView$BatteryTracker@82dbdc0, IIntentReceiver=9a6cbc1
01-01 00:10:50.251   718   923 V ActivityManager: Broadcast sticky: Intent { act=android.intent.action.SIG_STR flg=0x20000010 (has extras) } ordered=false userid=-1 callerApp=ProcessRecord{f1c58f3 718:system/1000}
01-01 00:10:50.252   718   923 D AMEventHook: onEvent: AM_BeforeSendBroadcast
01-01 00:10:53.851   718  1754 V UsbDeviceManager: USB UEVENT: {USB_STATE=DISCONNECTED, SUBSYSTEM=android_usb, SEQNUM=2249, ACTION=change, DEVPATH=/devices/virtual/android_usb/android0}
01-01 00:10:53.882   718  1754 V UsbDeviceManager: USB UEVENT: {USB_STATE=HWDISCONNECTED, SUBSYSTEM=android_usb, SEQNUM=2250, ACTION=change, DEVPATH=/devices/virtual/android_usb/android0}
01-01 00:10:53.930   718   718 V ActivityManager: Broadcast sticky: Intent { act=android.intent.action.BATTERY_CHANGED flg=0x60000010 (has extras) } ordered=false userid=-1 callerApp=null
01-01 00:10:53.931   718   718 D AMEventHook: onEvent: AM_BeforeSendBroadcast
01-01 00:10:53.932   718   929 V BroadcastQueue: BDC-Processing parallel broadcast [background] BroadcastRecord{733747d u-1 android.intent.action.BATTERY_CHANGED}, 16 receivers
01-01 00:10:53.932   718   929 D BroadcastQueue: BDC-Delivering broadcast: Intent { act=android.intent.action.BATTERY_CHANGED flg=0x60000010 (has extras) }, queue=background, ordered=false, filter=BroadcastFilter{77752bb u0 ReceiverList{a9ff34a 718 system/1000/u0 local:e6190b5}}, broadcastRecord=BroadcastRecord{733747d u-1 android.intent.action.BATTERY_CHANGED}, receiver=null, #0
01-01 00:10:53.933   718   929 D BroadcastQueue: BDC-Delivering broadcast: Intent { act=android.intent.action.BATTERY_CHANGED flg=0x60000010 (has extras) }, queue=background, ordered=false, filter=BroadcastFilter{12019f8 u0 ReceiverList{a308d5b 718 system/1000/u0 local:424f46a}}, broadcastRecord=BroadcastRecord{733747d u-1 android.intent.action.BATTERY_CHANGED}, receiver=null, #1
01-01 00:10:53.933   718   929 D BroadcastQueue: BDC-Delivering broadcast: Intent { act=android.intent.action.BATTERY_CHANGED flg=0x60000010 (has extras) }, queue=background, ordered=false, filter=BroadcastFilter{46b85fc u0 ReceiverList{9fdd6ef 718 system/1000/u0 local:6a1d7ce}}, broadcastRecord=BroadcastRecord{733747d u-1 android.intent.action.BATTERY_CHANGED}, receiver=null, #2
01-01 00:10:53.933   718   929 D BroadcastQueue: BDC-Delivering broadcast: Intent { act=android.intent.action.BATTERY_CHANGED flg=0x60000010 (has extras) }, queue=background, ordered=false, filter=BroadcastFilter{d195464 u0 ReceiverList{c31bdf7 718 system/1000/u0 local:ef855f6}}, broadcastRecord=BroadcastRecord{733747d u-1 android.intent.action.BATTERY_CHANGED}, receiver=null, #3
01-01 00:10:53.933   718   929 D BroadcastQueue: BDC-Delivering broadcast: Intent { act=android.intent.action.BATTERY_CHANGED flg=0x60000010 (has extras) }, queue=background, ordered=false, filter=BroadcastFilter{eac9e94 u0 ReceiverList{d1812e7 718 system/1000/u0 local:b4028a6}}, broadcastRecord=BroadcastRecord{733747d u-1 android.intent.action.BATTERY_CHANGED}, receiver=null, #4
01-01 00:10:53.934   718   929 D BroadcastQueue: BDC-Delivering broadcast: Intent { act=android.intent.action.BATTERY_CHANGED flg=0x60000010 (has extras) }, queue=background, ordered=false, filter=BroadcastFilter{2e51dcd u0 ReceiverList{25c9764 1806 com.android.systemui/10018/u0 remote:93c2cf7}}, broadcastRecord=BroadcastRecord{733747d u-1 android.intent.action.BATTERY_CHANGED}, receiver=null, #5
01-01 00:10:53.935   718   929 D BroadcastQueue: BDC-Delivering broadcast: Intent { act=android.intent.action.BATTERY_CHANGED flg=0x60000010 (has extras) }, queue=background, ordered=false, filter=BroadcastFilter{a794516 u0 ReceiverList{1a11a31 1806 com.android.systemui/10018/u0 remote:f7af6d8}}, broadcastRecord=BroadcastRecord{733747d u-1 android.intent.action.BATTERY_CHANGED}, receiver=null, #6
01-01 00:10:53.935   718   929 D BroadcastQueue: BDC-Delivering broadcast: Intent { act=android.intent.action.BATTERY_CHANGED flg=0x60000010 (has extras) }, queue=background, ordered=false, filter=BroadcastFilter{3a465b1 u0 ReceiverList{964058 718 system/1000/u0 local:467d13b}}, broadcastRecord=BroadcastRecord{733747d u-1 android.intent.action.BATTERY_CHANGED}, receiver=null, #7
01-01 00:10:53.936   718   929 D BroadcastQueue: BDC-Delivering broadcast: Intent { act=android.intent.action.BATTERY_CHANGED flg=0x60000010 (has extras) }, queue=background, ordered=false, filter=BroadcastFilter{f81748d u0 ReceiverList{6d1124 1806 com.android.systemui/10018/u0 remote:13f75b7}}, broadcastRecord=BroadcastRecord{733747d u-1 android.intent.action.BATTERY_CHANGED}, receiver=null, #8
01-01 00:10:53.937   718   941 D ActivityThread: BDC-Calling onReceive: intent=Intent { act=android.intent.action.BATTERY_CHANGED flg=0x60000010 (has extras) }, ordered=false, receiver=com.android.server.power.PowerManagerService$BatteryReceiver@799013e, IIntentReceiver=e6190b5
01-01 00:10:53.937   718   941 D PowerManagerService:    |----com.android.server.power.PowerManagerService.wakeUpNoUpdateLocked(PowerManagerService.java:1370)
