01-01 00:11:09.092   718   929 D BroadcastQueue: BDC-Delivering broadcast: Intent { act=android.intent.action.BATTERY_CHANGED flg=0x60000010 (has extras) }, queue=background, ordered=false, filter=BroadcastFilter{2e51dcd u0 ReceiverList{25c9764 1806 com.android.systemui/10018/u0 remote:93c2cf7}}, broadcastRecord=BroadcastRecord{3d430de u-1 android.intent.action.BATTERY_CHANGED}, receiver=null, #5
01-01 00:11:09.093   718   929 D BroadcastQueue: BDC-Delivering broadcast: Intent { act=android.intent.action.BATTERY_CHANGED flg=0x60000010 (has extras) }, queue=background, ordered=false, filter=BroadcastFilter{a794516 u0 ReceiverList{1a11a31 1806 com.android.systemui/10018/u0 remote:f7af6d8}}, broadcastRecord=BroadcastRecord{3d430de u-1 android.intent.action.BATTERY_CHANGED}, receiver=null, #6
01-01 00:11:09.093   718   929 D BroadcastQueue: BDC-Delivering broadcast: Intent { act=android.intent.action.BATTERY_CHANGED flg=0x60000010 (has extras) }, queue=background, ordered=false, filter=BroadcastFilter{3a465b1 u0 ReceiverList{964058 718 system/1000/u0 local:467d13b}}, broadcastRecord=BroadcastRecord{3d430de u-1 android.intent.action.BATTERY_CHANGED}, receiver=null, #7
01-01 00:11:09.094   718   929 D BroadcastQueue: BDC-Delivering broadcast: Intent { act=android.intent.action.BATTERY_CHANGED flg=0x60000010 (has extras) }, queue=background, ordered=false, filter=BroadcastFilter{f81748d u0 ReceiverList{6d1124 1806 com.android.systemui/10018/u0 remote:13f75b7}}, broadcastRecord=BroadcastRecord{3d430de u-1 android.intent.action.BATTERY_CHANGED}, receiver=null, #8
01-01 00:11:09.095  1806  1806 D ActivityThread: BDC-Calling onReceive: intent=Intent { act=android.intent.action.BATTERY_CHANGED flg=0x60000010 (has extras) }, ordered=false, receiver=com.android.keyguard.KeyguardUpdateMonitor$3@914e028, IIntentReceiver=dddc3df
01-01 00:11:09.095   718   929 D BroadcastQueue: BDC-Delivering broadcast: Intent { act=android.intent.action.BATTERY_CHANGED flg=0x60000010 (has extras) }, queue=background, ordered=false, filter=BroadcastFilter{b1a2906 u0 ReceiverList{ac857e1 2007 com.android.phone/1001/u0 remote:5c6dd48}}, broadcastRecord=BroadcastRecord{3d430de u-1 android.intent.action.BATTERY_CHANGED}, receiver=null, #9
01-01 00:11:09.095  1806  1806 D ActivityThread: BDC-Calling onReceive: intent=Intent { act=android.intent.action.BATTERY_CHANGED flg=0x60000010 (has extras) }, ordered=false, receiver=com.android.systemui.power.PowerUI$Receiver@e2f6532, IIntentReceiver=59764a7
01-01 00:11:09.095   718   929 D BroadcastQueue: BDC-Delivering broadcast: Intent { act=android.intent.action.BATTERY_CHANGED flg=0x60000010 (has extras) }, queue=background, ordered=false, filter=BroadcastFilter{9a68127 u0 ReceiverList{ae667e6 1806 com.android.systemui/10018/u0 remote:3f4c641}}, broadcastRecord=BroadcastRecord{3d430de u-1 android.intent.action.BATTERY_CHANGED}, receiver=null, #10
01-01 00:11:09.096   718   941 D ActivityThread: BDC-Calling onReceive: intent=Intent { act=android.intent.action.BATTERY_CHANGED flg=0x60000010 (has extras) }, ordered=false, receiver=com.android.server.power.PowerManagerService$BatteryReceiver@799013e, IIntentReceiver=e6190b5
01-01 00:11:09.097   718   941 D PowerManagerService:    |----com.android.server.power.PowerManagerService.wakeUpNoUpdateLocked(PowerManagerService.java:1370)
01-01 00:11:09.097   718   941 D PowerManagerService:    |----com.android.server.power.PowerManagerService.updateIsPoweredLocked(PowerManagerService.java:1716)
01-01 00:11:09.097   718   941 D PowerManagerService:    |----com.android.server.power.PowerManagerService.updatePowerStateLocked(PowerManagerService.java:1640)
01-01 00:11:09.097   718   941 D PowerManagerService:    |----com.android.server.power.PowerManagerService.handleBatteryStateChangedLocked(PowerManagerService.java:2713)
01-01 00:11:09.097   718   941 D PowerManagerService:    |----com.android.server.power.PowerManagerService.-wrap14(PowerManagerService.java)
01-01 00:11:09.098   718   941 D PowerManagerService:    |----com.android.server.power.PowerManagerService$BatteryReceiver.onReceive(PowerManagerService.java:3256)
01-01 00:11:09.098   718   941 D PowerManagerService:    |----android.app.LoadedApk$ReceiverDispatcher$Args.run(LoadedApk.java:1164)
01-01 00:11:09.098   718   941 D PowerManagerService:    |----android.os.Handler.handleCallback(Handler.java:836)
01-01 00:11:09.098   718   941 D PowerManagerService:    |----android.os.Handler.dispatchMessage(Handler.java:103)
01-01 00:11:09.098   718   941 D PowerManagerService:    |----android.os.Looper.loop(Looper.java:203)
01-01 00:11:09.098   718   941 D PowerManagerService:    |----android.os.HandlerThread.run(HandlerThread.java:61)
01-01 00:11:09.098   718   941 D PowerManagerService:    |----com.android.server.ServiceThread.run(ServiceThread.java:46)
01-01 00:11:09.099   718   941 D PowerManagerNotifier: onUserActivity: event=0, uid=1000
01-01 00:11:09.099  2007  2007 D ActivityThread: BDC-Calling onReceive: intent=Intent { act=android.intent.action.BATTERY_CHANGED flg=0x60000010 (has extras) }, ordered=false, receiver=com.mediatek.internal.telephony.dataconnection.FdManager$1@8dddec, IIntentReceiver=e238547
01-01 00:11:09.103  1806  1806 D ActivityThread: BDC-Calling onReceive: intent=Intent { act=android.intent.action.BATTERY_CHANGED flg=0x60000010 (has extras) }, ordered=false, receiver=com.android.systemui.statusbar.policy.BatteryControllerImpl@676d155, IIntentReceiver=376dadc
01-01 00:11:09.118   718   929 D BroadcastQueue: BDC-Delivering broadcast: Intent { act=android.intent.action.BATTERY_CHANGED flg=0x60000010 (has extras) }, queue=background, ordered=false, filter=BroadcastFilter{56cc0cd u0 ReceiverList{f80e664 1806 com.android.systemui/10018/u0 remote:41457f7}}, broadcastRecord=BroadcastRecord{3d430de u-1 android.intent.action.BATTERY_CHANGED}, receiver=null, #11
01-01 00:11:09.123   718   929 D BroadcastQueue: BDC-Delivering broadcast: Intent { act=android.intent.action.BATTERY_CHANGED flg=0x60000010 (has extras) }, queue=background, ordered=false, filter=BroadcastFilter{74e8a92 u0 ReceiverList{72a581d 1806 com.android.systemui/10018/u0 remote:20408f4}}, broadcastRecord=BroadcastRecord{3d430de u-1 android.intent.action.BATTERY_CHANGED}, receiver=null, #12
01-01 00:11:09.126   718  2283 D PowerManagerNotifier: onWakeLockReleased: flags=1, tag="RILJ", packageName=com.android.phone, ownerUid=1001, ownerPid=2007, workSource=null
01-01 00:11:09.132   718   929 D BroadcastQueue: BDC-Delivering broadcast: Intent { act=android.intent.action.BATTERY_CHANGED flg=0x60000010 (has extras) }, queue=background, ordered=false, filter=BroadcastFilter{67851c7 u0 ReceiverList{7d09706 2482 com.baidu.map.location/10062/u0 remote:3bbbde1}}, broadcastRecord=BroadcastRecord{3d430de u-1 android.intent.action.BATTERY_CHANGED}, receiver=null, #13
01-01 00:11:09.134   718   929 D BroadcastQueue: BDC-Delivering broadcast: Intent { act=android.intent.action.BATTERY_CHANGED flg=0x60000010 (has extras) }, queue=background, ordered=false, filter=BroadcastFilter{7ac5240 u0 ReceiverList{334d9c3 3319 com.gangyun.makeup/10052/u0 remote:c229172}}, broadcastRecord=BroadcastRecord{3d430de u-1 android.intent.action.BATTERY_CHANGED}, receiver=null, #14
01-01 00:11:09.135   718   929 D BroadcastQueue: Non-ordered [background] BroadcastRecord{3d430de u-1 android.intent.action.BATTERY_CHANGED}, 15 receivers, Total: 46, Waiting: 1, Processing: 45
01-01 00:11:09.136   718  1750 V ActivityManager: Broadcast sticky: Intent { act=android.intent.action.HEADSET_PLUG flg=0x40000010 (has extras) } ordered=false userid=-1 callerApp=null
01-01 00:11:09.136   718  1750 D AMEventHook: onEvent: AM_BeforeSendBroadcast
01-01 00:11:09.137   718  1750 I AudioService: onSetWiredDeviceConnectionState(dev:80000010 state:0 address: deviceName: caller: android);
01-01 00:11:09.137   718   929 V BroadcastQueue: BDC-Processing parallel broadcast [background] BroadcastRecord{3c5ad8c u-1 android.intent.action.HEADSET_PLUG}, 1 receivers
01-01 00:11:09.137   718  1750 I AudioService: handleDeviceConnection(false dev:80000010 address: name:)
01-01 00:11:09.138   718   929 D BroadcastQueue: BDC-Delivering broadcast: Intent { act=android.intent.action.HEADSET_PLUG flg=0x40000010 (has extras) }, queue=background, ordered=false, filter=BroadcastFilter{1e71d0f u0 ReceiverList{629e26e 1806 com.android.systemui/10018/u0 remote:356f5e9}}, broadcastRecord=BroadcastRecord{3c5ad8c u-1 android.intent.action.HEADSET_PLUG}, receiver=null, #0
01-01 00:11:09.138   718  1750 I AudioService: deviceKey:0x80000010:
01-01 00:11:09.138   718  1750 I AudioService: deviceSpec:[type:0x80000010 name: address:] is(already)Connected:true
01-01 00:11:09.139   718   929 D BroadcastQueue: Non-ordered [background] BroadcastRecord{3c5ad8c u-1 android.intent.action.HEADSET_PLUG}, 1 receivers, Total: 2, Waiting: 0, Processing: 2
01-01 00:11:09.141   718   718 V ActivityManager: Broadcast: Intent { act=android.intent.action.ACTION_POWER_CONNECTED flg=0x4000010 } ordered=false userid=-1 callerApp=ProcessRecord{f1c58f3 718:system/1000}
01-01 00:11:09.142   718   718 D AMEventHook: onEvent: AM_BeforeSendBroadcast
01-01 00:11:09.147   718   929 V BroadcastQueue: BDC-Processing parallel broadcast [background] BroadcastRecord{c53bcd5 u-1 android.intent.action.ACTION_POWER_CONNECTED}, 2 receivers
01-01 00:11:09.147   718   929 D BroadcastQueue: BDC-Delivering broadcast: Intent { act=android.intent.action.ACTION_POWER_CONNECTED flg=0x4000010 }, queue=background, ordered=false, filter=BroadcastFilter{46b0a6c u0 ReceiverList{d4fe71f 718 system/1000/u0 local:d8e4abe}}, broadcastRecord=BroadcastRecord{c53bcd5 u-1 android.intent.action.ACTION_POWER_CONNECTED}, receiver=null, #0
01-01 00:11:09.148   718   929 D BroadcastQueue: BDC-Delivering broadcast: Intent { act=android.intent.action.ACTION_POWER_CONNECTED flg=0x4000010 }, queue=background, ordered=false, filter=BroadcastFilter{9a68127 u0 ReceiverList{ae667e6 1806 com.android.systemui/10018/u0 remote:3f4c641}}, broadcastRecord=BroadcastRecord{c53bcd5 u-1 android.intent.action.ACTION_POWER_CONNECTED}, receiver=null, #1
01-01 00:11:09.148   718   929 D BroadcastQueue: Non-ordered [background] BroadcastRecord{c53bcd5 u-1 android.intent.action.ACTION_POWER_CONNECTED}, 2 receivers, Total: 6, Waiting: 4, Processing: 2
01-01 00:11:09.148   718   929 V BroadcastQueue: BDC-Processing ordered broadcast [background] BroadcastRecord{4ee7cea u-1 android.intent.action.ACTION_POWER_CONNECTED}, 2 receivers
01-01 00:11:09.149   718   929 D BroadcastQueue: BroadcastRecord{4ee7cea u-1 android.intent.action.ACTION_POWER_CONNECTED}, #0 ActivityInfo{5780b08 com.fota.wirelessupdate.activity.frcv}
01-01 00:11:09.168   718   929 D BroadcastQueue: BDC-Delivering broadcast: Intent { act=android.intent.action.ACTION_POWER_CONNECTED flg=0x4000010 cmp=com.fota.wirelessupdate/.activity.frcv }, queue=background, ordered=false, app=ProcessRecord{cff0171 4476:com.fota.wirelessupdate/1000}, receiver=android.os.BinderProxy@96a3b56
01-01 00:11:09.168   718   718 D ActivityThread: BDC-Calling onReceive: intent=Intent { act=android.intent.action.BATTERY_CHANGED flg=0x60000010 (has extras) }, ordered=false, receiver=com.android.server.policy.USBCurrent$1@8036255, IIntentReceiver=424f46a
01-01 00:11:09.170   718   718 D ActivityThread: BDC-Calling onReceive: intent=Intent { act=android.intent.action.BATTERY_CHANGED flg=0x60000010 (has extras) }, ordered=false, receiver=com.android.server.UiModeManagerService$3@349e4c9, IIntentReceiver=6a1d7ce
01-01 00:11:09.172   718   718 D ActivityThread: BDC-Calling onReceive: intent=Intent { act=android.intent.action.BATTERY_CHANGED flg=0x60000010 (has extras) }, ordered=false, receiver=com.android.server.DeviceIdleController$1@e206291, IIntentReceiver=ef855f6
01-01 00:11:09.172  2482  2482 D ActivityThread: BDC-Calling onReceive: intent=Intent { act=android.intent.action.BATTERY_CHANGED flg=0x60000010 (has extras) }, ordered=false, receiver=com.baidu.location.a.a$a@49e1af7, IIntentReceiver=1359c82
01-01 00:11:09.177  3319  3319 D ActivityThread: BDC-Calling onReceive: intent=Intent { act=android.intent.action.BATTERY_CHANGED flg=0x60000010 (has extras) }, ordered=false, receiver=com.yt.uu.d.c.c$1@dc0a1e6, IIntentReceiver=fe4f672
01-01 00:11:09.177   718   718 D ActivityThread: BDC-Calling onReceive: intent=Intent { act=android.intent.action.BATTERY_CHANGED flg=0x60000010 (has extras) }, ordered=false, receiver=com.android.server.wifi.WifiServiceImpl$1@60e1201, IIntentReceiver=b4028a6
01-01 00:11:09.177  4476  4476 D ActivityThread: BDC-Calling onReceive: intent=Intent { act=android.intent.action.ACTION_POWER_CONNECTED flg=0x4000010 cmp=com.fota.wirelessupdate/.activity.frcv }, receiver=com.fota.wirelessupdate.activity.frcv@6122a32
01-01 00:11:09.177   718   718 D WifiService: onReceive, action:android.intent.action.BATTERY_CHANGED
01-01 00:11:09.177  1806  1806 D ActivityThread: BDC-Calling onReceive: intent=Intent { act=android.intent.action.BATTERY_CHANGED flg=0x60000010 (has extras) }, ordered=false, receiver=com.android.systemui.statusbar.phone.PhoneStatusBar$25@65bebaa, IIntentReceiver=45a896
01-01 00:11:09.178   718   718 D ActivityThread: BDC-Calling onReceive: intent=Intent { act=android.intent.action.BATTERY_CHANGED flg=0x60000010 (has extras) }, ordered=false, receiver=com.mediatek.lbsutils.LbsUtils$1@4215bca, IIntentReceiver=467d13b
01-01 00:11:09.180   718  1738 D WifiController: DeviceActiveState{ when=-3ms what=155652 arg1=2 target=com.android.internal.util.StateMachine$SmHandler }
01-01 00:11:09.181   718  1738 D WifiController: StaEnabledState{ when=-3ms what=155652 arg1=2 target=com.android.internal.util.StateMachine$SmHandler }
01-01 00:11:09.181   718  1738 D WifiController: DefaultState{ when=-4ms what=155652 arg1=2 target=com.android.internal.util.StateMachine$SmHandler }
01-01 00:11:09.181   718  1738 D WifiController: battery changed pluggedType: 2
01-01 00:11:09.183   718   718 D ActivityThread: BDC-Calling onReceive: intent=Intent { act=android.intent.action.ACTION_POWER_CONNECTED flg=0x4000010 }, ordered=false, receiver=com.android.server.EntropyMixer$2@b858d79, IIntentReceiver=d8e4abe
01-01 00:11:09.183   718   718 I EntropyMixer: Writing entropy...
01-01 00:11:09.187   718  2051 V ActivityManager: Broadcast: Intent { act=android.media.STREAM_DEVICES_CHANGED_ACTION flg=0x14000010 (has extras) } ordered=false userid=-1 callerApp=ProcessRecord{f1c58f3 718:system/1000}
01-01 00:11:09.188   718  2051 D AMEventHook: onEvent: AM_BeforeSendBroadcast
01-01 00:11:09.191   718  2051 V ActivityManager: Broadcast: Intent { act=android.media.STREAM_DEVICES_CHANGED_ACTION flg=0x14000010 (has extras) } ordered=false userid=-1 callerApp=ProcessRecord{f1c58f3 718:system/1000}
01-01 00:11:09.192   718  2051 D AMEventHook: onEvent: AM_BeforeSendBroadcast
01-01 00:11:09.199   718  2051 V ActivityManager: Broadcast: Intent { act=android.media.STREAM_DEVICES_CHANGED_ACTION flg=0x14000010 (has extras) } ordered=false userid=-1 callerApp=ProcessRecord{f1c58f3 718:system/1000}
01-01 00:11:09.201   718  2051 D AMEventHook: onEvent: AM_BeforeSendBroadcast
01-01 00:11:09.206   718  2051 V ActivityManager: Broadcast: Intent { act=android.media.STREAM_DEVICES_CHANGED_ACTION flg=0x14000010 (has extras) } ordered=false userid=-1 callerApp=ProcessRecord{f1c58f3 718:system/1000}
01-01 00:11:09.207   718  2051 D AMEventHook: onEvent: AM_BeforeSendBroadcast
01-01 00:11:09.207   718  1750 D PowerManagerNotifier: onWakeLockReleased: flags=1, tag="handleAudioEvent", packageName=android, ownerUid=1000, ownerPid=718, workSource=null
01-01 00:11:09.209   718  1147 D PowerManagerNotifier: onUserActivity: event=1, uid=1000
01-01 00:11:09.211   718  2051 V ActivityManager: Broadcast: Intent { act=android.media.STREAM_DEVICES_CHANGED_ACTION flg=0x14000010 (has extras) } ordered=false userid=-1 callerApp=ProcessRecord{f1c58f3 718:system/1000}
01-01 00:11:09.211   718  2051 D AMEventHook: onEvent: AM_BeforeSendBroadcast
01-01 00:11:09.214   718  2051 V ActivityManager: Broadcast: Intent { act=android.media.STREAM_DEVICES_CHANGED_ACTION flg=0x14000010 (has extras) } ordered=false userid=-1 callerApp=ProcessRecord{f1c58f3 718:system/1000}
01-01 00:11:09.215   718  2051 D AMEventHook: onEvent: AM_BeforeSendBroadcast
01-01 00:11:09.217   718  2051 V ActivityManager: Broadcast: Intent { act=android.media.STREAM_DEVICES_CHANGED_ACTION flg=0x14000010 (has extras) } ordered=false userid=-1 callerApp=ProcessRecord{f1c58f3 718:system/1000}
01-01 00:11:09.218   718  1780 D AlarmManager: manual remove option = PendingIntent{7be8545: PendingIntentRecord{d77efc2 com.fota.wirelessupdate startService}}
01-01 00:11:09.218   718  1780 D AlarmManager: remove(operation) changed bounds; rebatching operation = PendingIntent{7be8545: PendingIntentRecord{d77efc2 com.fota.wirelessupdate startService}}
01-01 00:11:09.218   718  2051 D AMEventHook: onEvent: AM_BeforeSendBroadcast
01-01 00:11:09.218   718  1780 D AlarmManager:  whichBatch = -2
01-01 00:11:09.218   718  1780 D AlarmManager:  whichBatch = -1
01-01 00:11:09.218   718  1780 D AlarmManager:  whichBatch = -1
01-01 00:11:09.219   718  1780 D AlarmManager:  whichBatch = -1
01-01 00:11:09.219   718  1780 D AlarmManager:  whichBatch = -1
01-01 00:11:09.219   718  1780 D AlarmManager:  whichBatch = -1
01-01 00:11:09.219   718  1780 D AlarmManager:  whichBatch = -1
01-01 00:11:09.219   718  1780 D AlarmManager:  whichBatch = -1
01-01 00:11:09.219   718  1780 D AlarmManager:  whichBatch = -1
01-01 00:11:09.219   718  2051 V ActivityManager: Broadcast: Intent { act=android.media.STREAM_DEVICES_CHANGED_ACTION flg=0x14000010 (has extras) } ordered=false userid=-1 callerApp=ProcessRecord{f1c58f3 718:system/1000}
01-01 00:11:09.220   718  1780 D AlarmManager:  whichBatch = -1
01-01 00:11:09.220   718  1780 D AlarmManager:  whichBatch = -1
01-01 00:11:09.220   718  1780 D AlarmManager:  whichBatch = -1
01-01 00:11:09.220   718  2051 D AMEventHook: onEvent: AM_BeforeSendBroadcast
01-01 00:11:09.220   718  1780 D AlarmManager:  whichBatch = -1
01-01 00:11:09.222   718  1780 D AlarmManager:  whichBatch = -1
01-01 00:11:09.223   718  1780 D AlarmManager:  whichBatch = -1
01-01 00:11:09.223   718  1780 D AlarmManager:  whichBatch = -1
01-01 00:11:09.223   718  1780 D AlarmManager:  whichBatch = -1
01-01 00:11:09.224   718  2051 V ActivityManager: Broadcast: Intent { act=android.media.STREAM_DEVICES_CHANGED_ACTION flg=0x14000010 (has extras) } ordered=false userid=-1 callerApp=ProcessRecord{f1c58f3 718:system/1000}
01-01 00:11:09.224   718  1780 D AlarmManager: set alarm to RTC -1420070132880
01-01 00:11:09.225   718  2051 D AMEventHook: onEvent: AM_BeforeSendBroadcast
01-01 00:11:09.227   718  1140 D AlarmManager:  whichBatch = -2
01-01 00:11:09.227   718  1140 D AlarmManager: set alarm to RTC 948090
01-01 00:11:09.228   718  1140 V AlarmManager: dataShapingManager is null
01-01 00:11:09.228   718  1140 V AlarmManager: openLteGateSuccess = false
01-01 00:11:09.229   718  1140 D AlarmManager: wakeup alarm = Alarm{cd641cb type 0 when 0 com.fota.wirelessupdate}; package = com.fota.wirelessupdateneedGrouping = true
01-01 00:11:09.229   718  1140 V ActivityManager: >>> EXECUTING create of ServiceRecord{d480da8 u0 com.fota.wirelessupdate/com.google.android.gcm.GCMBaseIntentService} in app ProcessRecord{1b550fa 2841:.info/1000}
01-01 00:11:09.235   718   718 V Telecom : Logging: START_SESSION: WHC.oADR@AKw
01-01 00:11:09.235   718   718 I Telecom : WiredHeadsetManager: ACTION_HEADSET_PLUG event, plugged in: false, : WHC.oADR@AKw
01-01 00:11:09.236   718   718 V Telecom : WiredHeadsetManager: onHeadsetPluggedInChanged, mIsPluggedIn: true -> false: WHC.oADR@AKw
01-01 00:11:09.236   718   718 V Telecom : TtyManager: onWiredHeadsetPluggedInChanged: WHC.oADR@AKw
01-01 00:11:09.241   718   718 V Telecom : TtyManager: isTtySupported: true: WHC.oADR@AKw
01-01 00:11:09.242   718   718 V Telecom : TtyManager: updateCurrentTtyMode, 0 -> 0: WHC.oADR@AKw
01-01 00:11:09.243   718  1140 D ActivityManager: AMS Creating service ServiceRecord{d480da8 u0 com.fota.wirelessupdate/com.google.android.gcm.GCMBaseIntentService}
01-01 00:11:09.244   718  2058 I Telecom : CallAudioRouteStateMachine: Message received: DISCONNECT_WIRED_HEADSET=2: WHC.oADR->CARSM.pM_DISCONNECT_WIRED_HEADSET@AKw_0
01-01 00:11:09.244   718  1140 V ActivityManager: Sending arguments to: ServiceRecord{d480da8 u0 com.fota.wirelessupdate/com.google.android.gcm.GCMBaseIntentService} android.content.Intent$FilterComparison@8ea72d args=Intent { flg=0x4 cmp=com.fota.wirelessupdate/com.google.android.gcm.GCMBaseIntentService (has extras) }
01-01 00:11:09.244   718  2058 D Telecom : Telecom: Non-call EVENT: AUDIO_ROUTE, Wired headset disconnected: WHC.oADR->CARSM.pM_DISCONNECT_WIRED_HEADSET@AKw_0
01-01 00:11:09.244   718  1140 V ActivityManager: >>> EXECUTING start of ServiceRecord{d480da8 u0 com.fota.wirelessupdate/com.google.android.gcm.GCMBaseIntentService} in app ProcessRecord{1b550fa 2841:.info/1000}
01-01 00:11:09.245   718  1140 D ActivityManager: SVC-Sent arguments: ServiceRecord{d480da8 u0 com.fota.wirelessupdate/com.google.android.gcm.GCMBaseIntentService}, app=ProcessRecord{1b550fa 2841:.info/1000}, args=Intent { flg=0x4 cmp=com.fota.wirelessupdate/com.google.android.gcm.GCMBaseIntentService (has extras) }, flags=0
01-01 00:11:09.246  2841  2841 V ActivityThread: SVC-Creating service CreateServiceData{token=android.os.BinderProxy@bfd42cd className=com.google.android.gcm.GCMBaseIntentService packageName=com.fota.wirelessupdate intent=null}
01-01 00:11:09.247   718  1140 V AlarmManager: sending alarm Alarm{cd641cb type 0 when 0 com.fota.wirelessupdate} success
01-01 00:11:09.248   718  2058 I Telecom : CallAudioRouteStateMachine: Message received: SWITCH_BASELINE_ROUTE=1005: WHC.oADR->CARSM.pM_DISCONNECT_WIRED_HEADSET->CARSM.pM_SWITCH_BASELINE_ROUTE@AKw_0_0
01-01 00:11:09.249   718  2058 I Telecom : CallAudioRouteStateMachine: Message received: SWITCH_EARPIECE=1001: WHC.oADR->CARSM.pM_DISCONNECT_WIRED_HEADSET->CARSM.pM_SWITCH_BASELINE_ROUTE->CARSM.pM_SWITCH_EARPIECE@AKw_0_0_0
01-01 00:11:09.250   718  2058 D Telecom : Telecom: Non-call EVENT: AUDIO_ROUTE, Leaving state QuiescentHeadsetRoute: WHC.oADR->CARSM.pM_DISCONNECT_WIRED_HEADSET->CARSM.pM_SWITCH_BASELINE_ROUTE->CARSM.pM_SWITCH_EARPIECE@AKw_0_0_0
01-01 00:11:09.250   718  1140 D PowerManagerNotifier: onWakeLockAcquired: flags=1, tag="*alarm*", packageName=android, ownerUid=1000, ownerPid=718, workSource=WorkSource{1000}
01-01 00:11:09.251   718  2058 D Telecom : Telecom: Non-call EVENT: AUDIO_ROUTE, Entering state QuiescentEarpieceRoute: WHC.oADR->CARSM.pM_DISCONNECT_WIRED_HEADSET->CARSM.pM_SWITCH_BASELINE_ROUTE->CARSM.pM_SWITCH_EARPIECE@AKw_0_0_0
01-01 00:11:09.251   718  2058 V Telecom : Logging: END_SESSION (dur: 17 ms): WHC.oADR@AKw
01-01 00:11:09.252   718   925 V AlarmManager: APP set(PendingIntent{2f0c066: PendingIntentRecord{d77efc2 com.fota.wirelessupdate startService}}) : type=0 triggerAtTime=1420071099231 win=-1 tElapsed=966351 maxElapsed=4054238 interval=4117183 flags=0x8
01-01 00:11:09.252   718   925 D AlarmManager:  whichBatch = -1
01-01 00:11:09.255   718   718 D AlarmManager: onSendFinished begin
01-01 00:11:09.255   718  2283 D PowerManagerNotifier: onWakeLockAcquired: flags=1, tag="AudioMix", packageName=audioserver, ownerUid=1041, ownerPid=0, workSource=null
01-01 00:11:09.261  4476  4476 D ActivityThread: RECEIVER handled : 0 / ReceiverData{intent=Intent { act=android.intent.action.ACTION_POWER_CONNECTED flg=0x4000010 cmp=com.fota.wirelessupdate/.activity.frcv } packageName=com.fota.wirelessupdate resultCode=-1 resultData=null resultExtras=null}
01-01 00:11:09.262   718  2051 V ActivityManager: BDC-Finish receiver: android.os.BinderProxy@96a3b56
01-01 00:11:09.262   718   718 D PowerManagerNotifier: onWakeLockReleased: flags=1, tag="*alarm*", packageName=android, ownerUid=1000, ownerPid=718, workSource=WorkSource{1000}
01-01 00:11:09.263   718  2051 D ActivityManager: BroadcastRecord{4ee7cea u-1 android.intent.action.ACTION_POWER_CONNECTED}, spend: 114, android.os.BinderProxy@96a3b56, ActivityInfo{5780b08 com.fota.wirelessupdate.activity.frcv}
01-01 00:11:09.263   718  2051 D BroadcastQueue: BroadcastRecord{4ee7cea u-1 android.intent.action.ACTION_POWER_CONNECTED}, #1 ActivityInfo{d0c2110 com.google.android.gcm.GCMBroadcastReceiver}
01-01 00:11:09.267   718  2051 D BroadcastQueue: BDC-Delivering broadcast: Intent { act=android.intent.action.ACTION_POWER_CONNECTED flg=0x4000010 cmp=com.fota.wirelessupdate/com.google.android.gcm.GCMBroadcastReceiver }, queue=background, ordered=false, app=ProcessRecord{cff0171 4476:com.fota.wirelessupdate/1000}, receiver=android.os.BinderProxy@96a3b56
01-01 00:11:09.288  1806  1806 D ActivityThread: BDC-Calling onReceive: intent=Intent { act=android.intent.action.BATTERY_CHANGED flg=0x60000010 (has extras) }, ordered=false, receiver=com.android.systemui.BatteryMeterView$BatteryTracker@399e4b2, IIntentReceiver=ebc8da9
01-01 00:11:09.293  1806  1806 D ActivityThread: BDC-Calling onReceive: intent=Intent { act=android.intent.action.BATTERY_CHANGED flg=0x60000010 (has extras) }, ordered=false, receiver=com.android.systemui.BatteryMeterView$BatteryTracker@82dbdc0, IIntentReceiver=9a6cbc1
01-01 00:11:09.296  1806  1806 D ActivityThread: BDC-Calling onReceive: intent=Intent { act=android.intent.action.HEADSET_PLUG flg=0x40000010 (has extras) }, ordered=false, receiver=com.android.systemui.statusbar.phone.PhoneStatusBarPolicy$4@2ccbf1e, IIntentReceiver=887408a
01-01 00:11:09.297  1806  1806 D ActivityThread: BDC-Calling onReceive: intent=Intent { act=android.intent.action.ACTION_POWER_CONNECTED flg=0x4000010 }, ordered=false, receiver=com.android.systemui.statusbar.phone.PhoneStatusBar$25@65bebaa, IIntentReceiver=45a896
01-01 00:11:09.322  4476  4476 D ActivityThread: BDC-Calling onReceive: intent=Intent { act=android.intent.action.ACTION_POWER_CONNECTED flg=0x4000010 cmp=com.fota.wirelessupdate/com.google.android.gcm.GCMBroadcastReceiver }, receiver=com.google.android.gcm.GCMBroadcastReceiver@9b4b77e
01-01 00:11:09.327   718  1754 V UsbDeviceManager: USB UEVENT: {USB_STATE=CONNECTED, SUBSYSTEM=android_usb, SEQNUM=2261, ACTION=change, DEVPATH=/devices/virtual/android_usb/android0}
01-01 00:11:09.329   718   936 V NotificationService: enqueueNotificationInternal: pkg=android id=17040539 notification=Notification(pri=-2 contentView=null vibrate=null sound=null tick defaults=0x0 flags=0x2 color=0xff607d8b vis=PUBLIC)
01-01 00:11:09.331   718   718 D NotificationService: EnqueueNotificationRunnable.run for: -1|android|17040539|null|1000
01-01 00:11:09.334   718   718 V NotificationService: pkg=android canInterrupt=false intercept=false
01-01 00:11:09.336   718   936 V NotificationService: enqueueNotificationInternal: pkg=android id=17040546 notification=Notification(pri=0 contentView=null vibrate=null sound=null tick defaults=0x0 flags=0x2 color=0xff607d8b vis=PUBLIC)
01-01 00:11:09.339   718   936 D UsbDeviceManager: broadcasting Intent { act=android.hardware.usb.action.USB_STATE flg=0x30000000 (has extras) } extras: Bundle[{host_connected=false, connected=true, unlocked=false, adb=true, mtp=true, configured=false, USB_HW_DISCONNECTED=false}]
01-01 00:11:09.340   718   936 V ActivityManager: Broadcast sticky: Intent { act=android.hardware.usb.action.USB_STATE flg=0x30000010 (has extras) } ordered=false userid=-1 callerApp=ProcessRecord{f1c58f3 718:system/1000}
01-01 00:11:09.341   718   936 D AMEventHook: onEvent: AM_BeforeSendBroadcast
01-01 00:11:09.344   718   929 V BroadcastQueue: BDC-Processing parallel broadcast [foreground] BroadcastRecord{954e9c0 u-1 android.hardware.usb.action.USB_STATE}, 4 receivers
01-01 00:11:09.344   718   929 D BroadcastQueue: BDC-Delivering broadcast: Intent { act=android.hardware.usb.action.USB_STATE flg=0x30000010 (has extras) }, queue=foreground, ordered=false, filter=BroadcastFilter{6514adf u0 ReceiverList{76be57e 718 system/1000/u0 local:1c1db39}}, broadcastRecord=BroadcastRecord{954e9c0 u-1 android.hardware.usb.action.USB_STATE}, receiver=null, #0
01-01 00:11:09.345   718   929 D BroadcastQueue: BDC-Delivering broadcast: Intent { act=android.hardware.usb.action.USB_STATE flg=0x30000010 (has extras) }, queue=foreground, ordered=false, filter=BroadcastFilter{f608d1b u0 ReceiverList{19a1b2a 718 system/1000/u0 local:28dec15}}, broadcastRecord=BroadcastRecord{954e9c0 u-1 android.hardware.usb.action.USB_STATE}, receiver=null, #1
01-01 00:11:09.345   718   929 D BroadcastQueue: BDC-Delivering broadcast: Intent { act=android.hardware.usb.action.USB_STATE flg=0x30000010 (has extras) }, queue=foreground, ordered=false, filter=BroadcastFilter{ff23827 u0 ReceiverList{6c29ae6 718 system/1000/u0 local:fa5e541}}, broadcastRecord=BroadcastRecord{954e9c0 u-1 android.hardware.usb.action.USB_STATE}, receiver=null, #2
01-01 00:11:09.346   718   929 D BroadcastQueue: BDC-Delivering broadcast: Intent { act=android.hardware.usb.action.USB_STATE flg=0x30000010 (has extras) }, queue=foreground, ordered=false, filter=BroadcastFilter{c697d43 u0 ReceiverList{77d92f2 1806 com.android.systemui/10018/u0 remote:3c8c5fd}}, broadcastRecord=BroadcastRecord{954e9c0 u-1 android.hardware.usb.action.USB_STATE}, receiver=null, #3
01-01 00:11:09.346   718  1152 D ActivityThread: BDC-Calling onReceive: intent=Intent { act=android.hardware.usb.action.USB_STATE flg=0x30000010 (has extras) }, ordered=false, receiver=com.android.server.MountService$4@75a11cc, IIntentReceiver=28dec15
01-01 00:11:09.347   718   929 D BroadcastQueue: Non-ordered [foreground] BroadcastRecord{954e9c0 u-1 android.hardware.usb.action.USB_STATE}, 4 receivers, Total: 5, Waiting: 2, Processing: 3
01-01 00:11:09.347   718  1152 I MountService: mUsbReceiver onReceive, intent=Intent { act=android.hardware.usb.action.USB_STATE flg=0x30000010 (has extras) }
01-01 00:11:09.347   718   929 V BroadcastQueue: BDC-Processing ordered broadcast [foreground] BroadcastRecord{2e036f9 u-1 android.hardware.usb.action.USB_STATE}, 4 receivers
01-01 00:11:09.347   718   929 D BroadcastQueue: BroadcastRecord{2e036f9 u-1 android.hardware.usb.action.USB_STATE}, #0 ActivityInfo{8667215 com.mediatek.mtklogger.framework.LogReceiver}
01-01 00:11:09.348   718   718 D NotificationService: EnqueueNotificationRunnable.run for: -1|android|17040546|null|1000
01-01 00:11:09.349   718  1152 I MountService: notifyShareAvailabilityChange, isConnected=false
01-01 00:11:09.351   718  1754 V UsbDeviceManager: USB UEVENT: {USB_STATE=DISCONNECTED, SUBSYSTEM=android_usb, SEQNUM=2262, ACTION=change, DEVPATH=/devices/virtual/android_usb/android0}
01-01 00:11:09.353   718  2051 D ActivityManager: SVC-Executing service done: ServiceRecord{d480da8 u0 com.fota.wirelessupdate/com.google.android.gcm.GCMBaseIntentService}, type=0, startId=0, res=0
01-01 00:11:09.353  2841  2841 D ActivityThread: CREATE_SERVICE handled : 0 / CreateServiceData{token=android.os.BinderProxy@bfd42cd className=com.google.android.gcm.GCMBaseIntentService packageName=com.fota.wirelessupdate intent=null}
01-01 00:11:09.355   718   929 D BroadcastQueue: BDC-Delivering broadcast: Intent { act=android.hardware.usb.action.USB_STATE flg=0x30000010 cmp=com.mediatek.mtklogger/.framework.LogReceiver (has extras) }, queue=foreground, ordered=false, app=ProcessRecord{a491a91 2513:com.mediatek.mtklogger/u0a72}, receiver=android.os.BinderProxy@45eadf6
01-01 00:11:09.356  2841  2841 D ActivityThread: SVC-Calling onStartCommand: com.google.android.gcm.GCMBaseIntentService@d5da4a6, flags=0, startId=1
01-01 00:11:09.360  1806  1806 D ActivityThread: BDC-Calling onReceive: intent=Intent { act=android.hardware.usb.action.USB_STATE flg=0x30000010 (has extras) }, ordered=false, receiver=com.android.systemui.usb.StorageNotification$4@d5da4a6, IIntentReceiver=5f20053
01-01 00:11:09.366   718  1152 V ActivityManager: Broadcast: Intent { act=android.intent.action.UMS_DISCONNECTED flg=0x10 } ordered=false userid=-1 callerApp=ProcessRecord{f1c58f3 718:system/1000}
01-01 00:11:09.366   718   718 V NotificationService: pkg=android canInterrupt=false intercept=false
01-01 00:11:09.366   718  1152 D AMEventHook: onEvent: AM_BeforeSendBroadcast
01-01 00:11:09.367  2513  2513 D ActivityThread: BDC-Calling onReceive: intent=Intent { act=android.hardware.usb.action.USB_STATE flg=0x30000010 cmp=com.mediatek.mtklogger/.framework.LogReceiver (has extras) }, receiver=com.mediatek.mtklogger.framework.LogReceiver@1806f6
01-01 00:11:09.368  2841  2841 D ActivityThread: SERVICE_ARGS handled : 0 / ServiceArgsData{token=android.os.BinderProxy@bfd42cd startId=1 args=Intent { flg=0x4 cmp=com.fota.wirelessupdate/com.google.android.gcm.GCMBaseIntentService (has extras) }}
01-01 00:11:09.372   718  2051 V ActivityManager: <<< DONE EXECUTING ServiceRecord{d480da8 u0 com.fota.wirelessupdate/com.google.android.gcm.GCMBaseIntentService}: nesting=2, inDestroying=false, app=ProcessRecord{1b550fa 2841:.info/1000}
01-01 00:11:09.376   718  2051 D ActivityManager: SVC-Executing service done: ServiceRecord{d480da8 u0 com.fota.wirelessupdate/com.google.android.gcm.GCMBaseIntentService}, type=1, startId=1, res=2
01-01 00:11:09.376   718   718 D ActivityThread: BDC-Calling onReceive: intent=Intent { act=android.hardware.usb.action.USB_STATE flg=0x30000010 (has extras) }, ordered=false, receiver=com.mediatek.amplus.PowerSavingUtils$PowerSavingReceiver@6289983, IIntentReceiver=1c1db39
01-01 00:11:09.377   718   718 D ActivityThread: BDC-Calling onReceive: intent=Intent { act=android.hardware.usb.action.USB_STATE flg=0x30000010 (has extras) }, ordered=false, receiver=com.android.server.connectivity.Tethering$StateReceiver@c56c428, IIntentReceiver=fa5e541
01-01 00:11:09.381   718  2051 V ActivityManager: <<< DONE EXECUTING ServiceRecord{d480da8 u0 com.fota.wirelessupdate/com.google.android.gcm.GCMBaseIntentService}: nesting=1, inDestroying=false, app=ProcessRecord{1b550fa 2841:.info/1000}
01-01 00:11:09.386  2513  2513 D ActivityThread: RECEIVER handled : 0 / ReceiverData{intent=Intent { act=android.hardware.usb.action.USB_STATE flg=0x30000010 cmp=com.mediatek.mtklogger/.framework.LogReceiver (has extras) } packageName=com.mediatek.mtklogger resultCode=-1 resultData=null resultExtras=null}
01-01 00:11:09.388   718   925 D AlarmManager: manual remove option = PendingIntent{36e30d8: PendingIntentRecord{5d9460e com.fota.wirelessupdate startService}}
01-01 00:11:09.388   718   925 D AlarmManager: remove(operation) changed bounds; rebatching operation = PendingIntent{36e30d8: PendingIntentRecord{5d9460e com.fota.wirelessupdate startService}}
01-01 00:11:09.388   718   925 D AlarmManager:  whichBatch = -1
01-01 00:11:09.388   718   925 D AlarmManager:  whichBatch = -1
01-01 00:11:09.389   718   925 D AlarmManager:  whichBatch = -1
01-01 00:11:09.389   718   925 D AlarmManager:  whichBatch = -1
01-01 00:11:09.389   718   925 D AlarmManager:  whichBatch = -1
01-01 00:11:09.390   718   925 D AlarmManager:  whichBatch = -1
01-01 00:11:09.390   718   925 D AlarmManager:  whichBatch = -1
01-01 00:11:09.391   718   925 D AlarmManager:  whichBatch = -1
01-01 00:11:09.391   718   925 D AlarmManager:  whichBatch = -1
01-01 00:11:09.391   718   925 D AlarmManager:  whichBatch = -1
01-01 00:11:09.391   718   925 D AlarmManager:  whichBatch = -1
01-01 00:11:09.391   718   925 D AlarmManager:  whichBatch = -1
01-01 00:11:09.391   718   925 D AlarmManager:  whichBatch = -1
01-01 00:11:09.392   718   925 D AlarmManager:  whichBatch = -1
01-01 00:11:09.392   718   925 D AlarmManager:  whichBatch = -1
01-01 00:11:09.396   718   925 D AlarmManager:  whichBatch = -1
01-01 00:11:09.396   718   925 D AlarmManager:  whichBatch = -1
01-01 00:11:09.398   718   923 V AlarmManager: APP set(PendingIntent{7dccc31: PendingIntentRecord{5d9460e com.fota.wirelessupdate startService}}) : type=0 triggerAtTime=0 win=-1 tElapsed=941518 maxElapsed=3641518 interval=3600000 flags=0x8
01-01 00:11:09.401   718  1780 V ActivityManager: BDC-Finish receiver: android.os.BinderProxy@45eadf6
01-01 00:11:09.402   718  1780 D ActivityManager: BroadcastRecord{2e036f9 u-1 android.hardware.usb.action.USB_STATE}, spend: 55, android.os.BinderProxy@45eadf6, ActivityInfo{8667215 com.mediatek.mtklogger.framework.LogReceiver}
01-01 00:11:09.403   718   923 D AlarmManager:  whichBatch = -1
01-01 00:11:09.403   718  1780 D BroadcastQueue: BroadcastRecord{2e036f9 u-1 android.hardware.usb.action.USB_STATE}, #1 ActivityInfo{9db01b9 com.android.providers.media.MtpReceiver}
01-01 00:11:09.406   718   923 D AlarmManager: set alarm to RTC 941518
01-01 00:11:09.412   718  1780 D BroadcastQueue: BDC-Delivering broadcast: Intent { act=android.hardware.usb.action.USB_STATE flg=0x30000010 cmp=com.android.providers.media/.MtpReceiver (has extras) }, queue=foreground, ordered=false, app=ProcessRecord{1d5e017 2468:android.process.media/u0a8}, receiver=android.os.BinderProxy@b219c04
01-01 00:11:09.417  2468  2468 D ActivityThread: BDC-Calling onReceive: intent=Intent { act=android.hardware.usb.action.USB_STATE flg=0x30000010 cmp=com.android.providers.media/.MtpReceiver (has extras) }, receiver=com.android.providers.media.MtpReceiver@6041a29
01-01 00:11:09.420   718  1754 V UsbDeviceManager: USB UEVENT: {USB_STATE=CONFIGURED, SUBSYSTEM=android_usb, SEQNUM=2263, ACTION=change, DEVPATH=/devices/virtual/android_usb/android0}
01-01 00:11:09.421   718   936 D UsbDeviceManager: broadcasting Intent { act=android.hardware.usb.action.USB_STATE flg=0x30000000 (has extras) } extras: Bundle[{host_connected=false, connected=true, unlocked=false, adb=true, mtp=true, configured=true, USB_HW_DISCONNECTED=false}]
01-01 00:11:09.424   718   936 V ActivityManager: Broadcast sticky: Intent { act=android.hardware.usb.action.USB_STATE flg=0x30000010 (has extras) } ordered=false userid=-1 callerApp=ProcessRecord{f1c58f3 718:system/1000}
01-01 00:11:09.425   718   936 D AMEventHook: onEvent: AM_BeforeSendBroadcast
01-01 00:11:09.426   718   929 V BroadcastQueue: BDC-Processing parallel broadcast [foreground] BroadcastRecord{e200f16 u-1 android.hardware.usb.action.USB_STATE}, 4 receivers
01-01 00:11:09.426   718   929 D BroadcastQueue: BDC-Delivering broadcast: Intent { act=android.hardware.usb.action.USB_STATE flg=0x30000010 (has extras) }, queue=foreground, ordered=false, filter=BroadcastFilter{6514adf u0 ReceiverList{76be57e 718 system/1000/u0 local:1c1db39}}, broadcastRecord=BroadcastRecord{e200f16 u-1 android.hardware.usb.action.USB_STATE}, receiver=null, #0
01-01 00:11:09.427   718   929 D BroadcastQueue: BDC-Delivering broadcast: Intent { act=android.hardware.usb.action.USB_STATE flg=0x30000010 (has extras) }, queue=foreground, ordered=false, filter=BroadcastFilter{f608d1b u0 ReceiverList{19a1b2a 718 system/1000/u0 local:28dec15}}, broadcastRecord=BroadcastRecord{e200f16 u-1 android.hardware.usb.action.USB_STATE}, receiver=null, #1
01-01 00:11:09.428   718   929 D BroadcastQueue: BDC-Delivering broadcast: Intent { act=android.hardware.usb.action.USB_STATE flg=0x30000010 (has extras) }, queue=foreground, ordered=false, filter=BroadcastFilter{ff23827 u0 ReceiverList{6c29ae6 718 system/1000/u0 local:fa5e541}}, broadcastRecord=BroadcastRecord{e200f16 u-1 android.hardware.usb.action.USB_STATE}, receiver=null, #2
01-01 00:11:09.428   718   929 D BroadcastQueue: BDC-Delivering broadcast: Intent { act=android.hardware.usb.action.USB_STATE flg=0x30000010 (has extras) }, queue=foreground, ordered=false, filter=BroadcastFilter{c697d43 u0 ReceiverList{77d92f2 1806 com.android.systemui/10018/u0 remote:3c8c5fd}}, broadcastRecord=BroadcastRecord{e200f16 u-1 android.hardware.usb.action.USB_STATE}, receiver=null, #3
01-01 00:11:09.429   718   929 D BroadcastQueue: Non-ordered [foreground] BroadcastRecord{e200f16 u-1 android.hardware.usb.action.USB_STATE}, 4 receivers, Total: 3, Waiting: 1, Processing: 2
01-01 00:11:09.429   718   718 D ActivityThread: BDC-Calling onReceive: intent=Intent { act=android.hardware.usb.action.USB_STATE flg=0x30000010 (has extras) }, ordered=false, receiver=com.mediatek.amplus.PowerSavingUtils$PowerSavingReceiver@6289983, IIntentReceiver=1c1db39
01-01 00:11:09.429   718  1152 D ActivityThread: BDC-Calling onReceive: intent=Intent { act=android.hardware.usb.action.USB_STATE flg=0x30000010 (has extras) }, ordered=false, receiver=com.android.server.MountService$4@75a11cc, IIntentReceiver=28dec15
01-01 00:11:09.429   718  1152 I MountService: mUsbReceiver onReceive, intent=Intent { act=android.hardware.usb.action.USB_STATE flg=0x30000010 (has extras) }
01-01 00:11:09.429   718   718 D ActivityThread: BDC-Calling onReceive: intent=Intent { act=android.hardware.usb.action.USB_STATE flg=0x30000010 (has extras) }, ordered=false, receiver=com.android.server.connectivity.Tethering$StateReceiver@c56c428, IIntentReceiver=fa5e541
01-01 00:11:09.429   718  1152 I MountService: notifyShareAvailabilityChange, isConnected=false
01-01 00:11:09.433   718  1780 V ActivityManager: BDC-Finish receiver: android.os.BinderProxy@96a3b56
01-01 00:11:09.434   718  1152 V ActivityManager: Broadcast: Intent { act=android.intent.action.UMS_DISCONNECTED flg=0x10 } ordered=false userid=-1 callerApp=ProcessRecord{f1c58f3 718:system/1000}
01-01 00:11:09.434   718  1152 D AMEventHook: onEvent: AM_BeforeSendBroadcast
01-01 00:11:09.435  2468  2468 D ActivityThread: RECEIVER handled : 0 / ReceiverData{intent=Intent { act=android.hardware.usb.action.USB_STATE flg=0x30000010 cmp=com.android.providers.media/.MtpReceiver (has extras) } packageName=com.android.providers.media resultCode=0 resultData=null resultExtras=null}
01-01 00:11:09.435   718  1780 D ActivityManager: BroadcastRecord{4ee7cea u-1 android.intent.action.ACTION_POWER_CONNECTED}, spend: 172, android.os.BinderProxy@96a3b56, ActivityInfo{d0c2110 com.google.android.gcm.GCMBroadcastReceiver}
01-01 00:11:09.436   718  1780 D BroadcastQueue: Non-ordered [background] BroadcastRecord{4ee7cea u-1 android.intent.action.ACTION_POWER_CONNECTED}, 2 receivers, Total: 294, Waiting: 6, Processing: 288
01-01 00:11:09.445   718  1780 V ActivityManager: BDC-Finish receiver: android.os.BinderProxy@b219c04
01-01 00:11:09.445   718  1780 D ActivityManager: BroadcastRecord{2e036f9 u-1 android.hardware.usb.action.USB_STATE}, spend: 42, android.os.BinderProxy@b219c04, ActivityInfo{9db01b9 com.android.providers.media.MtpReceiver}
01-01 00:11:09.446   718  1780 D BroadcastQueue: BroadcastRecord{2e036f9 u-1 android.hardware.usb.action.USB_STATE}, #2 ActivityInfo{8443b65 com.mediatek.engineermode.mbim.UsbStateReceiver}
01-01 00:11:09.454   718  1780 D BroadcastQueue: BDC-Delivering broadcast: Intent { act=android.hardware.usb.action.USB_STATE flg=0x30000010 cmp=com.mediatek.engineermode/.mbim.UsbStateReceiver (has extras) }, queue=foreground, ordered=false, app=ProcessRecord{34d83a7 2960:com.mediatek.engineermode/1001}, receiver=android.os.BinderProxy@482054
01-01 00:11:09.458  2960  2960 D ActivityThread: BDC-Calling onReceive: intent=Intent { act=android.hardware.usb.action.USB_STATE flg=0x30000010 cmp=com.mediatek.engineermode/.mbim.UsbStateReceiver (has extras) }, receiver=com.mediatek.engineermode.mbim.UsbStateReceiver@d2c84fc
01-01 00:11:09.458  4476  4476 D ActivityThread: RECEIVER handled : 0 / ReceiverData{intent=Intent { act=android.intent.action.ACTION_POWER_CONNECTED flg=0x4000010 cmp=com.fota.wirelessupdate/com.google.android.gcm.GCMBroadcastReceiver } packageName=com.fota.wirelessupdate resultCode=0 resultData=null resultExtras=null}
01-01 00:11:09.458  2960  2960 D ActivityThread: RECEIVER handled : 0 / ReceiverData{intent=Intent { act=android.hardware.usb.action.USB_STATE flg=0x30000010 cmp=com.mediatek.engineermode/.mbim.UsbStateReceiver (has extras) } packageName=com.mediatek.engineermode resultCode=0 resultData=null resultExtras=null}
01-01 00:11:09.467   718  1780 V ActivityManager: BDC-Finish receiver: android.os.BinderProxy@482054
01-01 00:11:09.468   718  1780 D ActivityManager: BroadcastRecord{2e036f9 u-1 android.hardware.usb.action.USB_STATE}, spend: 21, android.os.BinderProxy@482054, ActivityInfo{8443b65 com.mediatek.engineermode.mbim.UsbStateReceiver}
01-01 00:11:09.468   718  1780 D BroadcastQueue: BroadcastRecord{2e036f9 u-1 android.hardware.usb.action.USB_STATE}, #3 ActivityInfo{444403a com.mediatek.engineermode.nsiot.UsbStateReceiverNsiot}
01-01 00:11:09.471   718  1780 D BroadcastQueue: BDC-Delivering broadcast: Intent { act=android.hardware.usb.action.USB_STATE flg=0x30000010 cmp=com.mediatek.engineermode/.nsiot.UsbStateReceiverNsiot (has extras) }, queue=foreground, ordered=false, app=ProcessRecord{34d83a7 2960:com.mediatek.engineermode/1001}, receiver=android.os.BinderProxy@482054
01-01 00:11:09.475  2960  2960 D ActivityThread: BDC-Calling onReceive: intent=Intent { act=android.hardware.usb.action.USB_STATE flg=0x30000010 cmp=com.mediatek.engineermode/.nsiot.UsbStateReceiverNsiot (has extras) }, receiver=com.mediatek.engineermode.nsiot.UsbStateReceiverNsiot@3619785
01-01 00:11:09.476  2960  2960 D ActivityThread: RECEIVER handled : 0 / ReceiverData{intent=Intent { act=android.hardware.usb.action.USB_STATE flg=0x30000010 cmp=com.mediatek.engineermode/.nsiot.UsbStateReceiverNsiot (has extras) } packageName=com.mediatek.engineermode resultCode=0 resultData=null resultExtras=null}
01-01 00:11:09.476   718  2051 V ActivityManager: BDC-Finish receiver: android.os.BinderProxy@482054
01-01 00:11:09.477   718  2051 D ActivityManager: BroadcastRecord{2e036f9 u-1 android.hardware.usb.action.USB_STATE}, spend: 8, android.os.BinderProxy@482054, ActivityInfo{444403a com.mediatek.engineermode.nsiot.UsbStateReceiverNsiot}
01-01 00:11:09.478   718  2051 D BroadcastQueue: Non-ordered [foreground] BroadcastRecord{2e036f9 u-1 android.hardware.usb.action.USB_STATE}, 4 receivers, Total: 137, Waiting: 6, Processing: 131
01-01 00:11:09.478   718  2051 V BroadcastQueue: BDC-Processing ordered broadcast [foreground] BroadcastRecord{c80fa6d u-1 android.hardware.usb.action.USB_STATE}, 4 receivers
01-01 00:11:09.479   718  2051 D BroadcastQueue: BroadcastRecord{c80fa6d u-1 android.hardware.usb.action.USB_STATE}, #0 ActivityInfo{8667215 com.mediatek.mtklogger.framework.LogReceiver}
01-01 00:11:09.489   718  2051 D BroadcastQueue: BDC-Delivering broadcast: Intent { act=android.hardware.usb.action.USB_STATE flg=0x30000010 cmp=com.mediatek.mtklogger/.framework.LogReceiver (has extras) }, queue=foreground, ordered=false, app=ProcessRecord{a491a91 2513:com.mediatek.mtklogger/u0a72}, receiver=android.os.BinderProxy@45eadf6
01-01 00:11:09.492  2513  2513 D ActivityThread: BDC-Calling onReceive: intent=Intent { act=android.hardware.usb.action.USB_STATE flg=0x30000010 cmp=com.mediatek.mtklogger/.framework.LogReceiver (has extras) }, receiver=com.mediatek.mtklogger.framework.LogReceiver@49e1af7
01-01 00:11:09.498  2513  2513 D ActivityThread: RECEIVER handled : 0 / ReceiverData{intent=Intent { act=android.hardware.usb.action.USB_STATE flg=0x30000010 cmp=com.mediatek.mtklogger/.framework.LogReceiver (has extras) } packageName=com.mediatek.mtklogger resultCode=-1 resultData=null resultExtras=null}
01-01 00:11:09.513   718  2051 V ActivityManager: BDC-Finish receiver: android.os.BinderProxy@45eadf6
01-01 00:11:09.513   718  2051 D ActivityManager: BroadcastRecord{c80fa6d u-1 android.hardware.usb.action.USB_STATE}, spend: 35, android.os.BinderProxy@45eadf6, ActivityInfo{8667215 com.mediatek.mtklogger.framework.LogReceiver}
01-01 00:11:09.514   718  2051 D BroadcastQueue: BroadcastRecord{c80fa6d u-1 android.hardware.usb.action.USB_STATE}, #1 ActivityInfo{9db01b9 com.android.providers.media.MtpReceiver}
01-01 00:11:09.526   718  2051 D BroadcastQueue: BDC-Delivering broadcast: Intent { act=android.hardware.usb.action.USB_STATE flg=0x30000010 cmp=com.android.providers.media/.MtpReceiver (has extras) }, queue=foreground, ordered=false, app=ProcessRecord{1d5e017 2468:android.process.media/u0a8}, receiver=android.os.BinderProxy@b219c04
01-01 00:11:09.529  2468  2468 D ActivityThread: BDC-Calling onReceive: intent=Intent { act=android.hardware.usb.action.USB_STATE flg=0x30000010 cmp=com.android.providers.media/.MtpReceiver (has extras) }, receiver=com.android.providers.media.MtpReceiver@46dd1ae
01-01 00:11:09.538   718  2359 D ActivityManager: SVC-startService: Intent { cmp=com.android.providers.media/.MtpService (has extras) } callerApp=ProcessRecord{1d5e017 2468:android.process.media/u0a8}
01-01 00:11:09.539   718  2359 V ActivityManager: >>> EXECUTING create of ServiceRecord{c8606a2 u0 com.android.providers.media/.MtpService} in app ProcessRecord{1d5e017 2468:android.process.media/u0a8}
01-01 00:11:09.542   718  2359 D ActivityManager: AMS Creating service ServiceRecord{c8606a2 u0 com.android.providers.media/.MtpService}
01-01 00:11:09.543   718  2359 V ActivityManager: Sending arguments to: ServiceRecord{c8606a2 u0 com.android.providers.media/.MtpService} android.content.Intent$FilterComparison@39d60e1a args=Intent { cmp=com.android.providers.media/.MtpService (has extras) }
01-01 00:11:09.544   718  2359 V ActivityManager: >>> EXECUTING start of ServiceRecord{c8606a2 u0 com.android.providers.media/.MtpService} in app ProcessRecord{1d5e017 2468:android.process.media/u0a8}
01-01 00:11:09.544   718  2359 D ActivityManager: SVC-Sent arguments: ServiceRecord{c8606a2 u0 com.android.providers.media/.MtpService}, app=ProcessRecord{1d5e017 2468:android.process.media/u0a8}, args=Intent { cmp=com.android.providers.media/.MtpService (has extras) }, flags=0
01-01 00:11:09.552   718  2359 V ActivityManager: bindService: Intent { cmp=com.android.providers.media/.MtpService } type=null conn=android.os.BinderProxy@e625f33 flags=0x1 callerApp=ProcessRecord{1d5e017 2468:android.process.media/u0a8}
