01-01 00:10:53.937   718   941 D PowerManagerService:    |----com.android.server.power.PowerManagerService.updateIsPoweredLocked(PowerManagerService.java:1716)
01-01 00:10:53.938   718   941 D PowerManagerService:    |----com.android.server.power.PowerManagerService.updatePowerStateLocked(PowerManagerService.java:1640)
01-01 00:10:53.938   718   941 D PowerManagerService:    |----com.android.server.power.PowerManagerService.handleBatteryStateChangedLocked(PowerManagerService.java:2713)
01-01 00:10:53.938   718   941 D PowerManagerService:    |----com.android.server.power.PowerManagerService.-wrap14(PowerManagerService.java)
01-01 00:10:53.938   718   941 D PowerManagerService:    |----com.android.server.power.PowerManagerService$BatteryReceiver.onReceive(PowerManagerService.java:3256)
01-01 00:10:53.938   718   941 D PowerManagerService:    |----android.app.LoadedApk$ReceiverDispatcher$Args.run(LoadedApk.java:1164)
01-01 00:10:53.938   718   941 D PowerManagerService:    |----android.os.Handler.handleCallback(Handler.java:836)
01-01 00:10:53.938   718   941 D PowerManagerService:    |----android.os.Handler.dispatchMessage(Handler.java:103)
01-01 00:10:53.938   718   941 D PowerManagerService:    |----android.os.Looper.loop(Looper.java:203)
01-01 00:10:53.939   718   941 D PowerManagerService:    |----android.os.HandlerThread.run(HandlerThread.java:61)
01-01 00:10:53.939   718   941 D PowerManagerService:    |----com.android.server.ServiceThread.run(ServiceThread.java:46)
01-01 00:10:53.939   718   941 D PowerManagerNotifier: onUserActivity: event=0, uid=1000
01-01 00:10:53.941  1806  1806 D ActivityThread: BDC-Calling onReceive: intent=Intent { act=android.intent.action.BATTERY_CHANGED flg=0x60000010 (has extras) }, ordered=false, receiver=com.android.keyguard.KeyguardUpdateMonitor$3@914e028, IIntentReceiver=dddc3df
01-01 00:10:53.942  1806  1806 D ActivityThread: BDC-Calling onReceive: intent=Intent { act=android.intent.action.BATTERY_CHANGED flg=0x60000010 (has extras) }, ordered=false, receiver=com.android.systemui.power.PowerUI$Receiver@e2f6532, IIntentReceiver=59764a7
01-01 00:10:53.945   718   932 E BatteryStatsService: no controller energy info supplied
01-01 00:10:53.945   718   932 E BatteryStatsService: no controller energy info supplied
01-01 00:10:53.948   718  2359 D PowerManagerNotifier: onWakeLockAcquired: flags=1, tag="RILJ", packageName=com.android.phone, ownerUid=1001, ownerPid=2007, workSource=null
01-01 00:10:53.956   718   929 D BroadcastQueue: BDC-Delivering broadcast: Intent { act=android.intent.action.BATTERY_CHANGED flg=0x60000010 (has extras) }, queue=background, ordered=false, filter=BroadcastFilter{b1a2906 u0 ReceiverList{ac857e1 2007 com.android.phone/1001/u0 remote:5c6dd48}}, broadcastRecord=BroadcastRecord{733747d u-1 android.intent.action.BATTERY_CHANGED}, receiver=null, #9
01-01 00:10:53.958  2007  2007 D ActivityThread: BDC-Calling onReceive: intent=Intent { act=android.intent.action.BATTERY_CHANGED flg=0x60000010 (has extras) }, ordered=false, receiver=com.mediatek.internal.telephony.dataconnection.FdManager$1@8dddec, IIntentReceiver=e238547
01-01 00:10:53.964  1806  1806 D ActivityThread: BDC-Calling onReceive: intent=Intent { act=android.intent.action.BATTERY_CHANGED flg=0x60000010 (has extras) }, ordered=false, receiver=com.android.systemui.statusbar.policy.BatteryControllerImpl@676d155, IIntentReceiver=376dadc
01-01 00:10:53.981   718   929 D BroadcastQueue: BDC-Delivering broadcast: Intent { act=android.intent.action.BATTERY_CHANGED flg=0x60000010 (has extras) }, queue=background, ordered=false, filter=BroadcastFilter{9a68127 u0 ReceiverList{ae667e6 1806 com.android.systemui/10018/u0 remote:3f4c641}}, broadcastRecord=BroadcastRecord{733747d u-1 android.intent.action.BATTERY_CHANGED}, receiver=null, #10
01-01 00:10:53.983   718   929 D BroadcastQueue: BDC-Delivering broadcast: Intent { act=android.intent.action.BATTERY_CHANGED flg=0x60000010 (has extras) }, queue=background, ordered=false, filter=BroadcastFilter{56cc0cd u0 ReceiverList{f80e664 1806 com.android.systemui/10018/u0 remote:41457f7}}, broadcastRecord=BroadcastRecord{733747d u-1 android.intent.action.BATTERY_CHANGED}, receiver=null, #11
01-01 00:10:53.984   718   929 D BroadcastQueue: BDC-Delivering broadcast: Intent { act=android.intent.action.BATTERY_CHANGED flg=0x60000010 (has extras) }, queue=background, ordered=false, filter=BroadcastFilter{74e8a92 u0 ReceiverList{72a581d 1806 com.android.systemui/10018/u0 remote:20408f4}}, broadcastRecord=BroadcastRecord{733747d u-1 android.intent.action.BATTERY_CHANGED}, receiver=null, #12
01-01 00:10:53.986   718   929 D BroadcastQueue: BDC-Delivering broadcast: Intent { act=android.intent.action.BATTERY_CHANGED flg=0x60000010 (has extras) }, queue=background, ordered=false, filter=BroadcastFilter{67851c7 u0 ReceiverList{7d09706 2482 com.baidu.map.location/10062/u0 remote:3bbbde1}}, broadcastRecord=BroadcastRecord{733747d u-1 android.intent.action.BATTERY_CHANGED}, receiver=null, #13
01-01 00:10:54.008  2482  2482 D ActivityThread: BDC-Calling onReceive: intent=Intent { act=android.intent.action.BATTERY_CHANGED flg=0x60000010 (has extras) }, ordered=false, receiver=com.baidu.location.a.a$a@49e1af7, IIntentReceiver=1359c82
01-01 00:10:54.012   718   929 D BroadcastQueue: BDC-Delivering broadcast: Intent { act=android.intent.action.BATTERY_CHANGED flg=0x60000010 (has extras) }, queue=background, ordered=false, filter=BroadcastFilter{7ac5240 u0 ReceiverList{334d9c3 3319 com.gangyun.makeup/10052/u0 remote:c229172}}, broadcastRecord=BroadcastRecord{733747d u-1 android.intent.action.BATTERY_CHANGED}, receiver=null, #14
01-01 00:10:54.013   718   929 D BroadcastQueue: BDC-Delivering broadcast: Intent { act=android.intent.action.BATTERY_CHANGED flg=0x60000010 (has extras) }, queue=background, ordered=false, filter=BroadcastFilter{2369f0 u0 ReceiverList{b1fc233 2468 android.process.media/10008/u0 remote:81f15a2}}, broadcastRecord=BroadcastRecord{733747d u-1 android.intent.action.BATTERY_CHANGED}, receiver=null, #15
01-01 00:10:54.016  3319  3319 D ActivityThread: BDC-Calling onReceive: intent=Intent { act=android.intent.action.BATTERY_CHANGED flg=0x60000010 (has extras) }, ordered=false, receiver=com.yt.uu.d.c.c$1@dc0a1e6, IIntentReceiver=fe4f672
01-01 00:10:54.018   718  1780 D PowerManagerNotifier: onWakeLockReleased: flags=1, tag="RILJ", packageName=com.android.phone, ownerUid=1001, ownerPid=2007, workSource=null
01-01 00:10:54.021   718   929 D BroadcastQueue: Non-ordered [background] BroadcastRecord{733747d u-1 android.intent.action.BATTERY_CHANGED}, 16 receivers, Total: 90, Waiting: 1, Processing: 89
01-01 00:10:54.023   718   718 V ActivityManager: Broadcast: Intent { act=android.intent.action.ACTION_POWER_DISCONNECTED flg=0x4000010 } ordered=false userid=-1 callerApp=ProcessRecord{f1c58f3 718:system/1000}
01-01 00:10:54.024   718   718 D AMEventHook: onEvent: AM_BeforeSendBroadcast
01-01 00:10:54.025   718   718 D ActivityThread: BDC-Calling onReceive: intent=Intent { act=android.intent.action.BATTERY_CHANGED flg=0x60000010 (has extras) }, ordered=false, receiver=com.android.server.policy.USBCurrent$1@8036255, IIntentReceiver=424f46a
01-01 00:10:54.026   718   718 D ActivityThread: BDC-Calling onReceive: intent=Intent { act=android.intent.action.BATTERY_CHANGED flg=0x60000010 (has extras) }, ordered=false, receiver=com.android.server.UiModeManagerService$3@349e4c9, IIntentReceiver=6a1d7ce
01-01 00:10:54.032   718   718 D ActivityThread: BDC-Calling onReceive: intent=Intent { act=android.intent.action.BATTERY_CHANGED flg=0x60000010 (has extras) }, ordered=false, receiver=com.android.server.DeviceIdleController$1@e206291, IIntentReceiver=ef855f6
01-01 00:10:54.033   718   718 D ActivityThread: BDC-Calling onReceive: intent=Intent { act=android.intent.action.BATTERY_CHANGED flg=0x60000010 (has extras) }, ordered=false, receiver=com.android.server.wifi.WifiServiceImpl$1@60e1201, IIntentReceiver=b4028a6
01-01 00:10:54.033   718   718 D WifiService: onReceive, action:android.intent.action.BATTERY_CHANGED
01-01 00:10:54.034   718   929 V BroadcastQueue: BDC-Processing parallel broadcast [background] BroadcastRecord{22de51f u-1 android.intent.action.ACTION_POWER_DISCONNECTED}, 1 receivers
01-01 00:10:54.034   718   929 D BroadcastQueue: BDC-Delivering broadcast: Intent { act=android.intent.action.ACTION_POWER_DISCONNECTED flg=0x4000010 }, queue=background, ordered=false, filter=BroadcastFilter{9a68127 u0 ReceiverList{ae667e6 1806 com.android.systemui/10018/u0 remote:3f4c641}}, broadcastRecord=BroadcastRecord{22de51f u-1 android.intent.action.ACTION_POWER_DISCONNECTED}, receiver=null, #0
01-01 00:10:54.035   718   929 D BroadcastQueue: Non-ordered [background] BroadcastRecord{22de51f u-1 android.intent.action.ACTION_POWER_DISCONNECTED}, 1 receivers, Total: 10, Waiting: 9, Processing: 1
01-01 00:10:54.035   718   929 V BroadcastQueue: BDC-Processing ordered broadcast [background] BroadcastRecord{e54306c u-1 android.intent.action.ACTION_POWER_DISCONNECTED}, 2 receivers
01-01 00:10:54.035   718   929 D BroadcastQueue: BroadcastRecord{e54306c u-1 android.intent.action.ACTION_POWER_DISCONNECTED}, #0 ActivityInfo{5780b08 com.fota.wirelessupdate.activity.frcv}
01-01 00:10:54.042  2468  2468 D ActivityThread: BDC-Calling onReceive: intent=Intent { act=android.intent.action.BATTERY_CHANGED flg=0x60000010 (has extras) }, ordered=false, receiver=android.mtp.MtpDatabase$1@fde2cfe, IIntentReceiver=e6c1b0a
01-01 00:10:54.044   718  1738 D WifiController: DeviceActiveState{ when=-11ms what=155652 target=com.android.internal.util.StateMachine$SmHandler }
01-01 00:10:54.044   718  1738 D WifiController: StaEnabledState{ when=-11ms what=155652 target=com.android.internal.util.StateMachine$SmHandler }
01-01 00:10:54.044   718  1738 D WifiController: DefaultState{ when=-11ms what=155652 target=com.android.internal.util.StateMachine$SmHandler }
01-01 00:10:54.044   718  1738 D WifiController: battery changed pluggedType: 0
01-01 00:10:54.046   718   929 D BroadcastQueue: BDC-Delivering broadcast: Intent { act=android.intent.action.ACTION_POWER_DISCONNECTED flg=0x4000010 cmp=com.fota.wirelessupdate/.activity.frcv }, queue=background, ordered=false, app=ProcessRecord{cff0171 4476:com.fota.wirelessupdate/1000}, receiver=android.os.BinderProxy@96a3b56
01-01 00:10:54.055   718   718 D ActivityThread: BDC-Calling onReceive: intent=Intent { act=android.intent.action.BATTERY_CHANGED flg=0x60000010 (has extras) }, ordered=false, receiver=com.mediatek.lbsutils.LbsUtils$1@4215bca, IIntentReceiver=467d13b
01-01 00:10:54.064  1806  1806 D ActivityThread: BDC-Calling onReceive: intent=Intent { act=android.intent.action.BATTERY_CHANGED flg=0x60000010 (has extras) }, ordered=false, receiver=com.android.systemui.statusbar.phone.PhoneStatusBar$25@65bebaa, IIntentReceiver=45a896
01-01 00:10:54.071  4476  4476 D ActivityThread: BDC-Calling onReceive: intent=Intent { act=android.intent.action.ACTION_POWER_DISCONNECTED flg=0x4000010 cmp=com.fota.wirelessupdate/.activity.frcv }, receiver=com.fota.wirelessupdate.activity.frcv@80f6f93
01-01 00:10:54.109  1806  1806 D ActivityThread: BDC-Calling onReceive: intent=Intent { act=android.intent.action.BATTERY_CHANGED flg=0x60000010 (has extras) }, ordered=false, receiver=com.android.systemui.BatteryMeterView$BatteryTracker@399e4b2, IIntentReceiver=ebc8da9
01-01 00:10:54.113  1806  1806 D ActivityThread: BDC-Calling onReceive: intent=Intent { act=android.intent.action.BATTERY_CHANGED flg=0x60000010 (has extras) }, ordered=false, receiver=com.android.systemui.BatteryMeterView$BatteryTracker@82dbdc0, IIntentReceiver=9a6cbc1
01-01 00:10:54.131  1806  1806 D ActivityThread: BDC-Calling onReceive: intent=Intent { act=android.intent.action.ACTION_POWER_DISCONNECTED flg=0x4000010 }, ordered=false, receiver=com.android.systemui.statusbar.phone.PhoneStatusBar$25@65bebaa, IIntentReceiver=45a896
01-01 00:10:54.131   718  1780 D AlarmManager: manual remove option = PendingIntent{d5b43b: PendingIntentRecord{d77efc2 com.fota.wirelessupdate startService}}
01-01 00:10:54.131   718  1780 D AlarmManager: remove(operation) changed bounds; rebatching operation = PendingIntent{d5b43b: PendingIntentRecord{d77efc2 com.fota.wirelessupdate startService}}
01-01 00:10:54.131   718  1780 D AlarmManager:  whichBatch = -1
01-01 00:10:54.132   718  1780 D AlarmManager:  whichBatch = -1
01-01 00:10:54.132   718  1780 D AlarmManager:  whichBatch = -1
01-01 00:10:54.132   718  1780 D AlarmManager:  whichBatch = -1
01-01 00:10:54.132   718  1780 D AlarmManager:  whichBatch = -1
01-01 00:10:54.132   718  1780 D AlarmManager:  whichBatch = -1
01-01 00:10:54.133   718  1780 D AlarmManager:  whichBatch = -1
01-01 00:10:54.133   718  1780 D AlarmManager:  whichBatch = -1
01-01 00:10:54.133   718  1780 D AlarmManager:  whichBatch = -1
01-01 00:10:54.133   718  1780 D AlarmManager:  whichBatch = -1
01-01 00:10:54.133   718  1780 D AlarmManager:  whichBatch = -1
01-01 00:10:54.134   718  1780 D AlarmManager:  whichBatch = -1
01-01 00:10:54.136   718  1780 D AlarmManager:  whichBatch = -1
01-01 00:10:54.136   718  1780 D AlarmManager:  whichBatch = -1
01-01 00:10:54.136   718  1780 D AlarmManager:  whichBatch = -1
01-01 00:10:54.136   718  1780 D AlarmManager:  whichBatch = -1
01-01 00:10:54.137   718  1780 D AlarmManager:  whichBatch = -1
01-01 00:10:54.146   718   922 V AlarmManager: APP set(PendingIntent{889e758: PendingIntentRecord{d77efc2 com.fota.wirelessupdate startService}}) : type=0 triggerAtTime=1420071084143 win=-1 tElapsed=951263 maxElapsed=4100994 interval=4199642 flags=0x8
01-01 00:10:54.146   718   922 D AlarmManager:  whichBatch = -1
01-01 00:10:54.149  4476  4476 D ActivityThread: RECEIVER handled : 0 / ReceiverData{intent=Intent { act=android.intent.action.ACTION_POWER_DISCONNECTED flg=0x4000010 cmp=com.fota.wirelessupdate/.activity.frcv } packageName=com.fota.wirelessupdate resultCode=-1 resultData=null resultExtras=null}
01-01 00:10:54.150   718  2051 V ActivityManager: BDC-Finish receiver: android.os.BinderProxy@96a3b56
01-01 00:10:54.154   718  2051 D ActivityManager: BroadcastRecord{e54306c u-1 android.intent.action.ACTION_POWER_DISCONNECTED}, spend: 119, android.os.BinderProxy@96a3b56, ActivityInfo{5780b08 com.fota.wirelessupdate.activity.frcv}
01-01 00:10:54.158   718  2051 D BroadcastQueue: BroadcastRecord{e54306c u-1 android.intent.action.ACTION_POWER_DISCONNECTED}, #1 ActivityInfo{d0c2110 com.google.android.gcm.GCMBroadcastReceiver}
01-01 00:10:54.161   718  2051 D BroadcastQueue: BDC-Delivering broadcast: Intent { act=android.intent.action.ACTION_POWER_DISCONNECTED flg=0x4000010 cmp=com.fota.wirelessupdate/com.google.android.gcm.GCMBroadcastReceiver }, queue=background, ordered=false, app=ProcessRecord{cff0171 4476:com.fota.wirelessupdate/1000}, receiver=android.os.BinderProxy@96a3b56
01-01 00:10:54.175  4476  4476 D ActivityThread: BDC-Calling onReceive: intent=Intent { act=android.intent.action.ACTION_POWER_DISCONNECTED flg=0x4000010 cmp=com.fota.wirelessupdate/com.google.android.gcm.GCMBroadcastReceiver }, receiver=com.google.android.gcm.GCMBroadcastReceiver@f3771ef
01-01 00:10:54.178   718  2283 D AlarmManager: manual remove option = PendingIntent{d4480b1: PendingIntentRecord{5d9460e com.fota.wirelessupdate startService}}
01-01 00:10:54.178   718  2283 D AlarmManager: remove(operation) changed bounds; rebatching operation = PendingIntent{d4480b1: PendingIntentRecord{5d9460e com.fota.wirelessupdate startService}}
01-01 00:10:54.178   718  2283 D AlarmManager:  whichBatch = -1
01-01 00:10:54.179   718  2283 D AlarmManager:  whichBatch = -1
01-01 00:10:54.179   718  2283 D AlarmManager:  whichBatch = -1
01-01 00:10:54.179   718  2283 D AlarmManager:  whichBatch = -1
01-01 00:10:54.179   718  2283 D AlarmManager:  whichBatch = -1
01-01 00:10:54.179   718  2283 D AlarmManager:  whichBatch = -1
01-01 00:10:54.180   718  2283 D AlarmManager:  whichBatch = -1
01-01 00:10:54.180   718  2283 D AlarmManager:  whichBatch = -1
01-01 00:10:54.181   718  2283 D AlarmManager:  whichBatch = -1
01-01 00:10:54.181   718  2283 D AlarmManager:  whichBatch = -1
01-01 00:10:54.181   718  2283 D AlarmManager:  whichBatch = -1
01-01 00:10:54.181   718  2283 D AlarmManager:  whichBatch = -1
01-01 00:10:54.181   718  2283 D AlarmManager:  whichBatch = -1
01-01 00:10:54.182   718  2283 D AlarmManager:  whichBatch = -1
01-01 00:10:54.182   718  2283 D AlarmManager:  whichBatch = -1
01-01 00:10:54.182   718  2283 D AlarmManager:  whichBatch = -1
01-01 00:10:54.182   718  2283 D AlarmManager:  whichBatch = -1
01-01 00:10:54.186   718   923 V AlarmManager: APP set(PendingIntent{f46e996: PendingIntentRecord{5d9460e com.fota.wirelessupdate startService}}) : type=0 triggerAtTime=0 win=-1 tElapsed=926305 maxElapsed=3626305 interval=3600000 flags=0x8
01-01 00:10:54.189   718   923 D AlarmManager:  whichBatch = -1
01-01 00:10:54.189   718   923 D AlarmManager: set alarm to RTC 926305
01-01 00:10:54.191  4476  4476 D ActivityThread: RECEIVER handled : 0 / ReceiverData{intent=Intent { act=android.intent.action.ACTION_POWER_DISCONNECTED flg=0x4000010 cmp=com.fota.wirelessupdate/com.google.android.gcm.GCMBroadcastReceiver } packageName=com.fota.wirelessupdate resultCode=0 resultData=null resultExtras=null}
01-01 00:10:54.191   718   922 V ActivityManager: BDC-Finish receiver: android.os.BinderProxy@96a3b56
01-01 00:10:54.192   718   922 D ActivityManager: BroadcastRecord{e54306c u-1 android.intent.action.ACTION_POWER_DISCONNECTED}, spend: 33, android.os.BinderProxy@96a3b56, ActivityInfo{d0c2110 com.google.android.gcm.GCMBroadcastReceiver}
01-01 00:10:54.192   718   922 D BroadcastQueue: Non-ordered [background] BroadcastRecord{e54306c u-1 android.intent.action.ACTION_POWER_DISCONNECTED}, 2 receivers, Total: 168, Waiting: 11, Processing: 157
01-01 00:10:54.884   718   936 D UsbDeviceManager: setEnabledFunctions functions=null, forceRestart=false
01-01 00:10:54.884   718   936 D UsbDeviceManager: applyAcmFunction - sys.usb.acm_idx=,mAcmPortIdx=
01-01 00:10:54.885   718   936 D UsbDeviceManager: applyAcmFunction - functions: mtp,adb
01-01 00:10:54.887   718   936 D UsbDeviceManager: broadcasting Intent { act=android.hardware.usb.action.USB_STATE flg=0x30000000 (has extras) } extras: Bundle[{host_connected=false, connected=false, unlocked=false, adb=true, mtp=true, configured=false, USB_HW_DISCONNECTED=true}]
01-01 00:10:54.887   718   936 V ActivityManager: Broadcast sticky: Intent { act=android.hardware.usb.action.USB_STATE flg=0x30000010 (has extras) } ordered=false userid=-1 callerApp=ProcessRecord{f1c58f3 718:system/1000}
01-01 00:10:54.888   718   936 D AMEventHook: onEvent: AM_BeforeSendBroadcast
01-01 00:10:54.890   718   929 V BroadcastQueue: BDC-Processing parallel broadcast [foreground] BroadcastRecord{5800922 u-1 android.hardware.usb.action.USB_STATE}, 4 receivers
01-01 00:10:54.891   718   929 D BroadcastQueue: BDC-Delivering broadcast: Intent { act=android.hardware.usb.action.USB_STATE flg=0x30000010 (has extras) }, queue=foreground, ordered=false, filter=BroadcastFilter{6514adf u0 ReceiverList{76be57e 718 system/1000/u0 local:1c1db39}}, broadcastRecord=BroadcastRecord{5800922 u-1 android.hardware.usb.action.USB_STATE}, receiver=null, #0
01-01 00:10:54.892   718   929 D BroadcastQueue: BDC-Delivering broadcast: Intent { act=android.hardware.usb.action.USB_STATE flg=0x30000010 (has extras) }, queue=foreground, ordered=false, filter=BroadcastFilter{f608d1b u0 ReceiverList{19a1b2a 718 system/1000/u0 local:28dec15}}, broadcastRecord=BroadcastRecord{5800922 u-1 android.hardware.usb.action.USB_STATE}, receiver=null, #1
01-01 00:10:54.896   718   929 D BroadcastQueue: BDC-Delivering broadcast: Intent { act=android.hardware.usb.action.USB_STATE flg=0x30000010 (has extras) }, queue=foreground, ordered=false, filter=BroadcastFilter{ff23827 u0 ReceiverList{6c29ae6 718 system/1000/u0 local:fa5e541}}, broadcastRecord=BroadcastRecord{5800922 u-1 android.hardware.usb.action.USB_STATE}, receiver=null, #2
01-01 00:10:54.896   718  1152 D ActivityThread: BDC-Calling onReceive: intent=Intent { act=android.hardware.usb.action.USB_STATE flg=0x30000010 (has extras) }, ordered=false, receiver=com.android.server.MountService$4@75a11cc, IIntentReceiver=28dec15
01-01 00:10:54.896   718   929 D BroadcastQueue: BDC-Delivering broadcast: Intent { act=android.hardware.usb.action.USB_STATE flg=0x30000010 (has extras) }, queue=foreground, ordered=false, filter=BroadcastFilter{c697d43 u0 ReceiverList{77d92f2 1806 com.android.systemui/10018/u0 remote:3c8c5fd}}, broadcastRecord=BroadcastRecord{5800922 u-1 android.hardware.usb.action.USB_STATE}, receiver=null, #3
01-01 00:10:54.897   718  1152 I MountService: mUsbReceiver onReceive, intent=Intent { act=android.hardware.usb.action.USB_STATE flg=0x30000010 (has extras) }
01-01 00:10:54.897   718  1152 I MountService: notifyShareAvailabilityChange, isConnected=false
01-01 00:10:54.898   718   929 D BroadcastQueue: Non-ordered [foreground] BroadcastRecord{5800922 u-1 android.hardware.usb.action.USB_STATE}, 4 receivers, Total: 8, Waiting: 0, Processing: 8
01-01 00:10:54.898   718   929 V BroadcastQueue: BDC-Processing ordered broadcast [foreground] BroadcastRecord{6d994e9 u-1 android.hardware.usb.action.USB_STATE}, 4 receivers
01-01 00:10:54.899  1806  1806 D ActivityThread: BDC-Calling onReceive: intent=Intent { act=android.hardware.usb.action.USB_STATE flg=0x30000010 (has extras) }, ordered=false, receiver=com.android.systemui.usb.StorageNotification$4@d5da4a6, IIntentReceiver=5f20053
01-01 00:10:54.903   718   929 D BroadcastQueue: BroadcastRecord{6d994e9 u-1 android.hardware.usb.action.USB_STATE}, #0 ActivityInfo{8667215 com.mediatek.mtklogger.framework.LogReceiver}
01-01 00:10:54.909   718   718 D ActivityThread: BDC-Calling onReceive: intent=Intent { act=android.hardware.usb.action.USB_STATE flg=0x30000010 (has extras) }, ordered=false, receiver=com.mediatek.amplus.PowerSavingUtils$PowerSavingReceiver@6289983, IIntentReceiver=1c1db39
01-01 00:10:54.911   718   718 D ActivityThread: BDC-Calling onReceive: intent=Intent { act=android.hardware.usb.action.USB_STATE flg=0x30000010 (has extras) }, ordered=false, receiver=com.android.server.connectivity.Tethering$StateReceiver@c56c428, IIntentReceiver=fa5e541
01-01 00:10:54.914   718   929 D BroadcastQueue: BDC-Delivering broadcast: Intent { act=android.hardware.usb.action.USB_STATE flg=0x30000010 cmp=com.mediatek.mtklogger/.framework.LogReceiver (has extras) }, queue=foreground, ordered=false, app=ProcessRecord{a491a91 2513:com.mediatek.mtklogger/u0a72}, receiver=android.os.BinderProxy@45eadf6
01-01 00:10:54.916   718  1152 V ActivityManager: Broadcast: Intent { act=android.intent.action.UMS_DISCONNECTED flg=0x10 } ordered=false userid=-1 callerApp=ProcessRecord{f1c58f3 718:system/1000}
01-01 00:10:54.917   718  1152 D AMEventHook: onEvent: AM_BeforeSendBroadcast
01-01 00:10:54.921  2513  2513 D ActivityThread: BDC-Calling onReceive: intent=Intent { act=android.hardware.usb.action.USB_STATE flg=0x30000010 cmp=com.mediatek.mtklogger/.framework.LogReceiver (has extras) }, receiver=com.mediatek.mtklogger.framework.LogReceiver@1c3791
01-01 00:10:54.928  2513  2513 D ActivityThread: RECEIVER handled : 0 / ReceiverData{intent=Intent { act=android.hardware.usb.action.USB_STATE flg=0x30000010 cmp=com.mediatek.mtklogger/.framework.LogReceiver (has extras) } packageName=com.mediatek.mtklogger resultCode=-1 resultData=null resultExtras=null}
01-01 00:10:54.948   718   922 V ActivityManager: BDC-Finish receiver: android.os.BinderProxy@45eadf6
01-01 00:10:54.949   718   922 D ActivityManager: BroadcastRecord{6d994e9 u-1 android.hardware.usb.action.USB_STATE}, spend: 50, android.os.BinderProxy@45eadf6, ActivityInfo{8667215 com.mediatek.mtklogger.framework.LogReceiver}
01-01 00:10:54.950   718   922 D BroadcastQueue: BroadcastRecord{6d994e9 u-1 android.hardware.usb.action.USB_STATE}, #1 ActivityInfo{9db01b9 com.android.providers.media.MtpReceiver}
01-01 00:10:54.955   718   922 D BroadcastQueue: BDC-Delivering broadcast: Intent { act=android.hardware.usb.action.USB_STATE flg=0x30000010 cmp=com.android.providers.media/.MtpReceiver (has extras) }, queue=foreground, ordered=false, app=ProcessRecord{1d5e017 2468:android.process.media/u0a8}, receiver=android.os.BinderProxy@b219c04
01-01 00:10:54.959  2468  2468 D ActivityThread: BDC-Calling onReceive: intent=Intent { act=android.hardware.usb.action.USB_STATE flg=0x30000010 cmp=com.android.providers.media/.MtpReceiver (has extras) }, receiver=com.android.providers.media.MtpReceiver@23d0162
01-01 00:10:54.961   718  2359 D ActivityManager: SVC-Stopping service: ServiceRecord{1711f66 u0 com.android.providers.media/.MtpService}, app=ProcessRecord{1d5e017 2468:android.process.media/u0a8}
01-01 00:10:54.966   718   923 D ActivityManager: SVC-Unbinding service: ServiceRecord{1711f66 u0 com.android.providers.media/.MtpService}, app=ProcessRecord{1d5e017 2468:android.process.media/u0a8}
01-01 00:10:54.966   718   923 V ActivityManager: >>> EXECUTING unbind of ServiceRecord{1711f66 u0 com.android.providers.media/.MtpService} in app ProcessRecord{1d5e017 2468:android.process.media/u0a8}
01-01 00:10:54.969   718   923 V ActivityManager: >>> EXECUTING destroy of ServiceRecord{1711f66 u0 com.android.providers.media/.MtpService} in app ProcessRecord{1d5e017 2468:android.process.media/u0a8}
01-01 00:10:54.974  2468  2468 D ActivityThread: RECEIVER handled : 0 / ReceiverData{intent=Intent { act=android.hardware.usb.action.USB_STATE flg=0x30000010 cmp=com.android.providers.media/.MtpReceiver (has extras) } packageName=com.android.providers.media resultCode=0 resultData=null resultExtras=null}
01-01 00:10:54.974   718   925 V ActivityManager: BDC-Finish receiver: android.os.BinderProxy@b219c04
01-01 00:10:54.974   718   925 D ActivityManager: BroadcastRecord{6d994e9 u-1 android.hardware.usb.action.USB_STATE}, spend: 24, android.os.BinderProxy@b219c04, ActivityInfo{9db01b9 com.android.providers.media.MtpReceiver}
01-01 00:10:54.974  2468  2468 D ActivityThread: UNBIND_SERVICE handled : 0 / BindServiceData{token=android.os.BinderProxy@59f1f13 intent=Intent { cmp=com.android.providers.media/.MtpService }}
01-01 00:10:54.975  2468  2468 V ActivityThread: SVC-Destroying service com.android.providers.media.MtpService@bea3550
01-01 00:10:54.975   718   925 D BroadcastQueue: BroadcastRecord{6d994e9 u-1 android.hardware.usb.action.USB_STATE}, #2 ActivityInfo{8443b65 com.mediatek.engineermode.mbim.UsbStateReceiver}
01-01 00:10:54.984   718   925 D BroadcastQueue: BDC-Delivering broadcast: Intent { act=android.hardware.usb.action.USB_STATE flg=0x30000010 cmp=com.mediatek.engineermode/.mbim.UsbStateReceiver (has extras) }, queue=foreground, ordered=false, app=ProcessRecord{34d83a7 2960:com.mediatek.engineermode/1001}, receiver=android.os.BinderProxy@482054
01-01 00:10:54.987  2960  2960 D ActivityThread: BDC-Calling onReceive: intent=Intent { act=android.hardware.usb.action.USB_STATE flg=0x30000010 cmp=com.mediatek.engineermode/.mbim.UsbStateReceiver (has extras) }, receiver=com.mediatek.engineermode.mbim.UsbStateReceiver@80f6f93
01-01 00:10:54.993  2960  2960 D ActivityThread: RECEIVER handled : 0 / ReceiverData{intent=Intent { act=android.hardware.usb.action.USB_STATE flg=0x30000010 cmp=com.mediatek.engineermode/.mbim.UsbStateReceiver (has extras) } packageName=com.mediatek.engineermode resultCode=0 resultData=null resultExtras=null}
01-01 00:10:54.996   718   925 D ActivityManager: SVC-Executing service done: ServiceRecord{1711f66 u0 com.android.providers.media/.MtpService}, type=0, startId=0, res=0
01-01 00:10:54.997   718   925 V ActivityManager: <<< DONE EXECUTING ServiceRecord{1711f66 u0 com.android.providers.media/.MtpService}: nesting=2, inDestroying=true, app=ProcessRecord{1d5e017 2468:android.process.media/u0a8}
01-01 00:10:54.999   718   925 V ActivityManager: BDC-Finish receiver: android.os.BinderProxy@482054
01-01 00:10:54.999  2468  2468 D ActivityThread: STOP_SERVICE handled : 0 / android.os.BinderProxy@59f1f13
01-01 00:10:54.999   718   925 D ActivityManager: BroadcastRecord{6d994e9 u-1 android.hardware.usb.action.USB_STATE}, spend: 24, android.os.BinderProxy@482054, ActivityInfo{8443b65 com.mediatek.engineermode.mbim.UsbStateReceiver}
01-01 00:10:55.000   718   925 D BroadcastQueue: BroadcastRecord{6d994e9 u-1 android.hardware.usb.action.USB_STATE}, #3 ActivityInfo{444403a com.mediatek.engineermode.nsiot.UsbStateReceiverNsiot}
01-01 00:10:55.001  2468  2468 E ActivityThread: Service com.android.providers.media.MtpService has leaked IntentReceiver com.android.providers.media.MtpService$3@ad74349 that was originally registered here. Are you missing a call to unregisterReceiver()?
01-01 00:10:55.001  2468  2468 E ActivityThread: android.app.IntentReceiverLeaked: Service com.android.providers.media.MtpService has leaked IntentReceiver com.android.providers.media.MtpService$3@ad74349 that was originally registered here. Are you missing a call to unregisterReceiver()?
01-01 00:10:55.001  2468  2468 E ActivityThread: 	at android.app.LoadedApk$ReceiverDispatcher.<init>(LoadedApk.java:1201)
01-01 00:10:55.001  2468  2468 E ActivityThread: 	at android.app.LoadedApk.getReceiverDispatcher(LoadedApk.java:951)
01-01 00:10:55.001  2468  2468 E ActivityThread: 	at android.app.ContextImpl.registerReceiverInternal(ContextImpl.java:1314)
01-01 00:10:55.001  2468  2468 E ActivityThread: 	at android.app.ContextImpl.registerReceiver(ContextImpl.java:1294)
01-01 00:10:55.001  2468  2468 E ActivityThread: 	at android.app.ContextImpl.registerReceiver(ContextImpl.java:1288)
01-01 00:10:55.001  2468  2468 E ActivityThread: 	at android.content.ContextWrapper.registerReceiver(ContextWrapper.java:586)
01-01 00:10:55.001  2468  2468 E ActivityThread: 	at com.android.providers.media.MtpService.onCreate(MtpService.java:101)
01-01 00:10:55.001  2468  2468 E ActivityThread: 	at android.app.ActivityThread.handleCreateService(ActivityThread.java:3259)
01-01 00:10:55.001  2468  2468 E ActivityThread: 	at android.app.ActivityThread.-wrap5(ActivityThread.java)
01-01 00:10:55.001  2468  2468 E ActivityThread: 	at android.app.ActivityThread$H.handleMessage(ActivityThread.java:1623)
01-01 00:10:55.001  2468  2468 E ActivityThread: 	at android.os.Handler.dispatchMessage(Handler.java:110)
01-01 00:10:55.001  2468  2468 E ActivityThread: 	at android.os.Looper.loop(Looper.java:203)
01-01 00:10:55.001  2468  2468 E ActivityThread: 	at android.app.ActivityThread.main(ActivityThread.java:6257)
01-01 00:10:55.001  2468  2468 E ActivityThread: 	at java.lang.reflect.Method.invoke(Native Method)
01-01 00:10:55.001  2468  2468 E ActivityThread: 	at com.android.internal.os.ZygoteInit$MethodAndArgsCaller.run(ZygoteInit.java:1063)
01-01 00:10:55.001  2468  2468 E ActivityThread: 	at com.android.internal.os.ZygoteInit.main(ZygoteInit.java:924)
01-01 00:10:55.002   718   925 D BroadcastQueue: BDC-Delivering broadcast: Intent { act=android.hardware.usb.action.USB_STATE flg=0x30000010 cmp=com.mediatek.engineermode/.nsiot.UsbStateReceiverNsiot (has extras) }, queue=foreground, ordered=false, app=ProcessRecord{34d83a7 2960:com.mediatek.engineermode/1001}, receiver=android.os.BinderProxy@482054
01-01 00:10:55.005  2960  2960 D ActivityThread: BDC-Calling onReceive: intent=Intent { act=android.hardware.usb.action.USB_STATE flg=0x30000010 cmp=com.mediatek.engineermode/.nsiot.UsbStateReceiverNsiot (has extras) }, receiver=com.mediatek.engineermode.nsiot.UsbStateReceiverNsiot@f3771ef
01-01 00:10:55.005   718   925 D ActivityManager: SVC-Executing service done: ServiceRecord{1711f66 u0 com.android.providers.media/.MtpService}, type=2, startId=0, res=0
01-01 00:10:55.006  2960  2960 D ActivityThread: RECEIVER handled : 0 / ReceiverData{intent=Intent { act=android.hardware.usb.action.USB_STATE flg=0x30000010 cmp=com.mediatek.engineermode/.nsiot.UsbStateReceiverNsiot (has extras) } packageName=com.mediatek.engineermode resultCode=0 resultData=null resultExtras=null}
01-01 00:10:55.006   718   925 V ActivityManager: <<< DONE EXECUTING ServiceRecord{1711f66 u0 com.android.providers.media/.MtpService}: nesting=1, inDestroying=true, app=ProcessRecord{1d5e017 2468:android.process.media/u0a8}
01-01 00:10:55.012   718   925 V ActivityManager: BDC-Finish receiver: android.os.BinderProxy@482054
01-01 00:10:55.012   718   925 D ActivityManager: BroadcastRecord{6d994e9 u-1 android.hardware.usb.action.USB_STATE}, spend: 13, android.os.BinderProxy@482054, ActivityInfo{444403a com.mediatek.engineermode.nsiot.UsbStateReceiverNsiot}
01-01 00:10:55.013   718   925 D BroadcastQueue: Non-ordered [foreground] BroadcastRecord{6d994e9 u-1 android.hardware.usb.action.USB_STATE}, 4 receivers, Total: 124, Waiting: 9, Processing: 115
01-01 00:10:55.015  2468  2468 D ActivityThread: CLEAN_UP_CONTEXT handled : 0 / android.app.ActivityThread$ContextCleanupInfo@5ba9bb0
01-01 00:10:55.018   718   925 I ActivityManager: Killing 2668:com.android.email/u0a29 (adj 906): empty #17
01-01 00:10:55.144   718   923 D DisplayManagerService: Display listener for pid 2668 died.
01-01 00:10:55.146   718  2051 D ActivityManager: handleAppDiedLocked: app = ProcessRecord{a50614c 2668:com.android.email/u0a29}, app.pid = 2668
01-01 00:10:55.147   718  2051 D ActivityManager: cleanUpApplicationRecord -- 2668
01-01 00:10:55.147   718  2051 D ActivityManager: mBroadcastQueues: com.android.server.am.BroadcastQueue@311e3e9 app = ProcessRecord{a50614c 2668:com.android.email/u0a29}
01-01 00:10:55.147   718  2051 D ActivityManager: mBroadcastQueues: com.android.server.am.BroadcastQueue@145386e app = ProcessRecord{a50614c 2668:com.android.email/u0a29}
01-01 00:10:55.315   718  2359 V ActivityManager: Broadcast sticky: Intent { act=android.intent.action.SIG_STR flg=0x20000010 (has extras) } ordered=false userid=-1 callerApp=ProcessRecord{f1c58f3 718:system/1000}
01-01 00:10:55.315   718  2359 D AMEventHook: onEvent: AM_BeforeSendBroadcast
01-01 00:10:57.182   718   718 V ActivityManager: Broadcast sticky: Intent { act=android.intent.action.BATTERY_CHANGED flg=0x60000010 (has extras) } ordered=false userid=-1 callerApp=null
01-01 00:10:57.183   718   718 D AMEventHook: onEvent: AM_BeforeSendBroadcast
01-01 00:10:57.183   718   929 V BroadcastQueue: BDC-Processing parallel broadcast [background] BroadcastRecord{aed9a7a u-1 android.intent.action.BATTERY_CHANGED}, 15 receivers
01-01 00:10:57.184   718   929 D BroadcastQueue: BDC-Delivering broadcast: Intent { act=android.intent.action.BATTERY_CHANGED flg=0x60000010 (has extras) }, queue=background, ordered=false, filter=BroadcastFilter{77752bb u0 ReceiverList{a9ff34a 718 system/1000/u0 local:e6190b5}}, broadcastRecord=BroadcastRecord{aed9a7a u-1 android.intent.action.BATTERY_CHANGED}, receiver=null, #0
01-01 00:10:57.184   718   929 D BroadcastQueue: BDC-Delivering broadcast: Intent { act=android.intent.action.BATTERY_CHANGED flg=0x60000010 (has extras) }, queue=background, ordered=false, filter=BroadcastFilter{12019f8 u0 ReceiverList{a308d5b 718 system/1000/u0 local:424f46a}}, broadcastRecord=BroadcastRecord{aed9a7a u-1 android.intent.action.BATTERY_CHANGED}, receiver=null, #1
01-01 00:10:57.184   718   929 D BroadcastQueue: BDC-Delivering broadcast: Intent { act=android.intent.action.BATTERY_CHANGED flg=0x60000010 (has extras) }, queue=background, ordered=false, filter=BroadcastFilter{46b85fc u0 ReceiverList{9fdd6ef 718 system/1000/u0 local:6a1d7ce}}, broadcastRecord=BroadcastRecord{aed9a7a u-1 android.intent.action.BATTERY_CHANGED}, receiver=null, #2
01-01 00:10:57.185   718   929 D BroadcastQueue: BDC-Delivering broadcast: Intent { act=android.intent.action.BATTERY_CHANGED flg=0x60000010 (has extras) }, queue=background, ordered=false, filter=BroadcastFilter{d195464 u0 ReceiverList{c31bdf7 718 system/1000/u0 local:ef855f6}}, broadcastRecord=BroadcastRecord{aed9a7a u-1 android.intent.action.BATTERY_CHANGED}, receiver=null, #3
01-01 00:10:57.185   718   929 D BroadcastQueue: BDC-Delivering broadcast: Intent { act=android.intent.action.BATTERY_CHANGED flg=0x60000010 (has extras) }, queue=background, ordered=false, filter=BroadcastFilter{eac9e94 u0 ReceiverList{d1812e7 718 system/1000/u0 local:b4028a6}}, broadcastRecord=BroadcastRecord{aed9a7a u-1 android.intent.action.BATTERY_CHANGED}, receiver=null, #4
01-01 00:10:57.185   718   929 D BroadcastQueue: BDC-Delivering broadcast: Intent { act=android.intent.action.BATTERY_CHANGED flg=0x60000010 (has extras) }, queue=background, ordered=false, filter=BroadcastFilter{2e51dcd u0 ReceiverList{25c9764 1806 com.android.systemui/10018/u0 remote:93c2cf7}}, broadcastRecord=BroadcastRecord{aed9a7a u-1 android.intent.action.BATTERY_CHANGED}, receiver=null, #5
01-01 00:10:57.186   718   929 D BroadcastQueue: BDC-Delivering broadcast: Intent { act=android.intent.action.BATTERY_CHANGED flg=0x60000010 (has extras) }, queue=background, ordered=false, filter=BroadcastFilter{a794516 u0 ReceiverList{1a11a31 1806 com.android.systemui/10018/u0 remote:f7af6d8}}, broadcastRecord=BroadcastRecord{aed9a7a u-1 android.intent.action.BATTERY_CHANGED}, receiver=null, #6
01-01 00:10:57.187   718   929 D BroadcastQueue: BDC-Delivering broadcast: Intent { act=android.intent.action.BATTERY_CHANGED flg=0x60000010 (has extras) }, queue=background, ordered=false, filter=BroadcastFilter{3a465b1 u0 ReceiverList{964058 718 system/1000/u0 local:467d13b}}, broadcastRecord=BroadcastRecord{aed9a7a u-1 android.intent.action.BATTERY_CHANGED}, receiver=null, #7
01-01 00:10:57.187   718   929 D BroadcastQueue: BDC-Delivering broadcast: Intent { act=android.intent.action.BATTERY_CHANGED flg=0x60000010 (has extras) }, queue=background, ordered=false, filter=BroadcastFilter{f81748d u0 ReceiverList{6d1124 1806 com.android.systemui/10018/u0 remote:13f75b7}}, broadcastRecord=BroadcastRecord{aed9a7a u-1 android.intent.action.BATTERY_CHANGED}, receiver=null, #8
01-01 00:10:57.188   718   929 D BroadcastQueue: BDC-Delivering broadcast: Intent { act=android.intent.action.BATTERY_CHANGED flg=0x60000010 (has extras) }, queue=background, ordered=false, filter=BroadcastFilter{b1a2906 u0 ReceiverList{ac857e1 2007 com.android.phone/1001/u0 remote:5c6dd48}}, broadcastRecord=BroadcastRecord{aed9a7a u-1 android.intent.action.BATTERY_CHANGED}, receiver=null, #9
01-01 00:10:57.189   718   941 D ActivityThread: BDC-Calling onReceive: intent=Intent { act=android.intent.action.BATTERY_CHANGED flg=0x60000010 (has extras) }, ordered=false, receiver=com.android.server.power.PowerManagerService$BatteryReceiver@799013e, IIntentReceiver=e6190b5
01-01 00:10:57.194   718   718 D ActivityThread: BDC-Calling onReceive: intent=Intent { act=android.intent.action.BATTERY_CHANGED flg=0x60000010 (has extras) }, ordered=false, receiver=com.android.server.policy.USBCurrent$1@8036255, IIntentReceiver=424f46a
01-01 00:10:57.195   718   718 D ActivityThread: BDC-Calling onReceive: intent=Intent { act=android.intent.action.BATTERY_CHANGED flg=0x60000010 (has extras) }, ordered=false, receiver=com.android.server.UiModeManagerService$3@349e4c9, IIntentReceiver=6a1d7ce
01-01 00:10:57.196   718   718 D ActivityThread: BDC-Calling onReceive: intent=Intent { act=android.intent.action.BATTERY_CHANGED flg=0x60000010 (has extras) }, ordered=false, receiver=com.android.server.DeviceIdleController$1@e206291, IIntentReceiver=ef855f6
01-01 00:10:57.196   718   718 D ActivityThread: BDC-Calling onReceive: intent=Intent { act=android.intent.action.BATTERY_CHANGED flg=0x60000010 (has extras) }, ordered=false, receiver=com.android.server.wifi.WifiServiceImpl$1@60e1201, IIntentReceiver=b4028a6
01-01 00:10:57.196   718   718 D WifiService: onReceive, action:android.intent.action.BATTERY_CHANGED
01-01 00:10:57.205   718   941 D PowerManagerService:    |----com.android.server.power.PowerManagerService.wakeUpNoUpdateLocked(PowerManagerService.java:1370)
01-01 00:10:57.205   718   941 D PowerManagerService:    |----com.android.server.power.PowerManagerService.updateIsPoweredLocked(PowerManagerService.java:1716)
01-01 00:10:57.205   718   941 D PowerManagerService:    |----com.android.server.power.PowerManagerService.updatePowerStateLocked(PowerManagerService.java:1640)
01-01 00:10:57.205   718   941 D PowerManagerService:    |----com.android.server.power.PowerManagerService.handleBatteryStateChangedLocked(PowerManagerService.java:2713)
01-01 00:10:57.205   718   941 D PowerManagerService:    |----com.android.server.power.PowerManagerService.-wrap14(PowerManagerService.java)
01-01 00:10:57.205   718   941 D PowerManagerService:    |----com.android.server.power.PowerManagerService$BatteryReceiver.onReceive(PowerManagerService.java:3256)
01-01 00:10:57.206   718   941 D PowerManagerService:    |----android.app.LoadedApk$ReceiverDispatcher$Args.run(LoadedApk.java:1164)
01-01 00:10:57.206   718   941 D PowerManagerService:    |----android.os.Handler.handleCallback(Handler.java:836)
01-01 00:10:57.206   718   941 D PowerManagerService:    |----android.os.Handler.dispatchMessage(Handler.java:103)
01-01 00:10:57.206   718   941 D PowerManagerService:    |----android.os.Looper.loop(Looper.java:203)
01-01 00:10:57.206   718   941 D PowerManagerService:    |----android.os.HandlerThread.run(HandlerThread.java:61)
01-01 00:10:57.206   718   941 D PowerManagerService:    |----com.android.server.ServiceThread.run(ServiceThread.java:46)
01-01 00:10:57.206   718   941 D PowerManagerNotifier: onUserActivity: event=0, uid=1000
01-01 00:10:57.216  1806  1806 D ActivityThread: BDC-Calling onReceive: intent=Intent { act=android.intent.action.BATTERY_CHANGED flg=0x60000010 (has extras) }, ordered=false, receiver=com.android.keyguard.KeyguardUpdateMonitor$3@914e028, IIntentReceiver=dddc3df
01-01 00:10:57.217  1806  1806 D ActivityThread: BDC-Calling onReceive: intent=Intent { act=android.intent.action.BATTERY_CHANGED flg=0x60000010 (has extras) }, ordered=false, receiver=com.android.systemui.power.PowerUI$Receiver@e2f6532, IIntentReceiver=59764a7
01-01 00:10:57.219  2007  2007 D ActivityThread: BDC-Calling onReceive: intent=Intent { act=android.intent.action.BATTERY_CHANGED flg=0x60000010 (has extras) }, ordered=false, receiver=com.mediatek.internal.telephony.dataconnection.FdManager$1@8dddec, IIntentReceiver=e238547
01-01 00:10:57.222   718   932 E BatteryStatsService: no controller energy info supplied
01-01 00:10:57.222   718   932 E BatteryStatsService: no controller energy info supplied
01-01 00:10:57.226  1806  1806 D ActivityThread: BDC-Calling onReceive: intent=Intent { act=android.intent.action.BATTERY_CHANGED flg=0x60000010 (has extras) }, ordered=false, receiver=com.android.systemui.statusbar.policy.BatteryControllerImpl@676d155, IIntentReceiver=376dadc
01-01 00:10:57.239   718  2283 D PowerManagerNotifier: onWakeLockAcquired: flags=1, tag="RILJ", packageName=com.android.phone, ownerUid=1001, ownerPid=2007, workSource=null
01-01 00:10:57.255   718   929 D BroadcastQueue: BDC-Delivering broadcast: Intent { act=android.intent.action.BATTERY_CHANGED flg=0x60000010 (has extras) }, queue=background, ordered=false, filter=BroadcastFilter{9a68127 u0 ReceiverList{ae667e6 1806 com.android.systemui/10018/u0 remote:3f4c641}}, broadcastRecord=BroadcastRecord{aed9a7a u-1 android.intent.action.BATTERY_CHANGED}, receiver=null, #10
01-01 00:10:57.257   718   929 D BroadcastQueue: BDC-Delivering broadcast: Intent { act=android.intent.action.BATTERY_CHANGED flg=0x60000010 (has extras) }, queue=background, ordered=false, filter=BroadcastFilter{56cc0cd u0 ReceiverList{f80e664 1806 com.android.systemui/10018/u0 remote:41457f7}}, broadcastRecord=BroadcastRecord{aed9a7a u-1 android.intent.action.BATTERY_CHANGED}, receiver=null, #11
01-01 00:10:57.266   718  1738 D WifiController: DeviceActiveState{ when=-69ms what=155652 arg1=1 target=com.android.internal.util.StateMachine$SmHandler }
01-01 00:10:57.266   718  1738 D WifiController: StaEnabledState{ when=-69ms what=155652 arg1=1 target=com.android.internal.util.StateMachine$SmHandler }
01-01 00:10:57.266   718  1738 D WifiController: DefaultState{ when=-70ms what=155652 arg1=1 target=com.android.internal.util.StateMachine$SmHandler }
01-01 00:10:57.266   718  1738 D WifiController: battery changed pluggedType: 1
01-01 00:10:57.267   718   718 D ActivityThread: BDC-Calling onReceive: intent=Intent { act=android.intent.action.BATTERY_CHANGED flg=0x60000010 (has extras) }, ordered=false, receiver=com.mediatek.lbsutils.LbsUtils$1@4215bca, IIntentReceiver=467d13b
01-01 00:10:57.299   718  1780 D PowerManagerNotifier: onWakeLockReleased: flags=1, tag="RILJ", packageName=com.android.phone, ownerUid=1001, ownerPid=2007, workSource=null
01-01 00:10:57.304   718   929 D BroadcastQueue: BDC-Delivering broadcast: Intent { act=android.intent.action.BATTERY_CHANGED flg=0x60000010 (has extras) }, queue=background, ordered=false, filter=BroadcastFilter{74e8a92 u0 ReceiverList{72a581d 1806 com.android.systemui/10018/u0 remote:20408f4}}, broadcastRecord=BroadcastRecord{aed9a7a u-1 android.intent.action.BATTERY_CHANGED}, receiver=null, #12
01-01 00:10:57.305   718   929 D BroadcastQueue: BDC-Delivering broadcast: Intent { act=android.intent.action.BATTERY_CHANGED flg=0x60000010 (has extras) }, queue=background, ordered=false, filter=BroadcastFilter{67851c7 u0 ReceiverList{7d09706 2482 com.baidu.map.location/10062/u0 remote:3bbbde1}}, broadcastRecord=BroadcastRecord{aed9a7a u-1 android.intent.action.BATTERY_CHANGED}, receiver=null, #13
01-01 00:10:57.307   718   929 D BroadcastQueue: BDC-Delivering broadcast: Intent { act=android.intent.action.BATTERY_CHANGED flg=0x60000010 (has extras) }, queue=background, ordered=false, filter=BroadcastFilter{7ac5240 u0 ReceiverList{334d9c3 3319 com.gangyun.makeup/10052/u0 remote:c229172}}, broadcastRecord=BroadcastRecord{aed9a7a u-1 android.intent.action.BATTERY_CHANGED}, receiver=null, #14
01-01 00:10:57.308   718   929 D BroadcastQueue: Non-ordered [background] BroadcastRecord{aed9a7a u-1 android.intent.action.BATTERY_CHANGED}, 15 receivers, Total: 124, Waiting: 0, Processing: 124
01-01 00:10:57.337  3319  3319 D ActivityThread: BDC-Calling onReceive: intent=Intent { act=android.intent.action.BATTERY_CHANGED flg=0x60000010 (has extras) }, ordered=false, receiver=com.yt.uu.d.c.c$1@dc0a1e6, IIntentReceiver=fe4f672
01-01 00:10:57.339  2482  2482 D ActivityThread: BDC-Calling onReceive: intent=Intent { act=android.intent.action.BATTERY_CHANGED flg=0x60000010 (has extras) }, ordered=false, receiver=com.baidu.location.a.a$a@49e1af7, IIntentReceiver=1359c82
01-01 00:10:57.339   718   718 V ActivityManager: Broadcast: Intent { act=android.intent.action.ACTION_POWER_CONNECTED flg=0x4000010 } ordered=false userid=-1 callerApp=ProcessRecord{f1c58f3 718:system/1000}
01-01 00:10:57.340   718   718 D AMEventHook: onEvent: AM_BeforeSendBroadcast
01-01 00:10:57.342   718   929 V BroadcastQueue: BDC-Processing parallel broadcast [background] BroadcastRecord{7a8f55d u-1 android.intent.action.ACTION_POWER_CONNECTED}, 2 receivers
01-01 00:10:57.343   718   929 D BroadcastQueue: BDC-Delivering broadcast: Intent { act=android.intent.action.ACTION_POWER_CONNECTED flg=0x4000010 }, queue=background, ordered=false, filter=BroadcastFilter{46b0a6c u0 ReceiverList{d4fe71f 718 system/1000/u0 local:d8e4abe}}, broadcastRecord=BroadcastRecord{7a8f55d u-1 android.intent.action.ACTION_POWER_CONNECTED}, receiver=null, #0
01-01 00:10:57.343   718   929 D BroadcastQueue: BDC-Delivering broadcast: Intent { act=android.intent.action.ACTION_POWER_CONNECTED flg=0x4000010 }, queue=background, ordered=false, filter=BroadcastFilter{9a68127 u0 ReceiverList{ae667e6 1806 com.android.systemui/10018/u0 remote:3f4c641}}, broadcastRecord=BroadcastRecord{7a8f55d u-1 android.intent.action.ACTION_POWER_CONNECTED}, receiver=null, #1
01-01 00:10:57.343   718   718 D ActivityThread: BDC-Calling onReceive: intent=Intent { act=android.intent.action.ACTION_POWER_CONNECTED flg=0x4000010 }, ordered=false, receiver=com.android.server.EntropyMixer$2@b858d79, IIntentReceiver=d8e4abe
01-01 00:10:57.344   718   718 I EntropyMixer: Writing entropy...
01-01 00:10:57.344   718   929 D BroadcastQueue: Non-ordered [background] BroadcastRecord{7a8f55d u-1 android.intent.action.ACTION_POWER_CONNECTED}, 2 receivers, Total: 3, Waiting: 1, Processing: 2
01-01 00:10:57.344   718   929 V BroadcastQueue: BDC-Processing ordered broadcast [background] BroadcastRecord{412eea0 u-1 android.intent.action.ACTION_POWER_CONNECTED}, 2 receivers
01-01 00:10:57.345   718   929 D BroadcastQueue: BroadcastRecord{412eea0 u-1 android.intent.action.ACTION_POWER_CONNECTED}, #0 ActivityInfo{5780b08 com.fota.wirelessupdate.activity.frcv}
01-01 00:10:57.348   718   929 D BroadcastQueue: BDC-Delivering broadcast: Intent { act=android.intent.action.ACTION_POWER_CONNECTED flg=0x4000010 cmp=com.fota.wirelessupdate/.activity.frcv }, queue=background, ordered=false, app=ProcessRecord{cff0171 4476:com.fota.wirelessupdate/1000}, receiver=android.os.BinderProxy@96a3b56
01-01 00:10:57.361  1806  1806 D ActivityThread: BDC-Calling onReceive: intent=Intent { act=android.intent.action.BATTERY_CHANGED flg=0x60000010 (has extras) }, ordered=false, receiver=com.android.systemui.statusbar.phone.PhoneStatusBar$25@65bebaa, IIntentReceiver=45a896
01-01 00:10:57.366  4476  4476 D ActivityThread: BDC-Calling onReceive: intent=Intent { act=android.intent.action.ACTION_POWER_CONNECTED flg=0x4000010 cmp=com.fota.wirelessupdate/.activity.frcv }, receiver=com.fota.wirelessupdate.activity.frcv@d2c84fc
01-01 00:10:57.378   718  2283 D AlarmManager: manual remove option = PendingIntent{921962a: PendingIntentRecord{d77efc2 com.fota.wirelessupdate startService}}
01-01 00:10:57.378   718  2283 D AlarmManager: remove(operation) changed bounds; rebatching operation = PendingIntent{921962a: PendingIntentRecord{d77efc2 com.fota.wirelessupdate startService}}
